Archive member included to satisfy reference by file (symbol)

/Users/arjanvanvught/Library/xPacks/@xpack-dev-tools/arm-none-eabi-gcc/11.3.1-1.1.2/.content/bin/../lib/gcc/arm-none-eabi/11.3.1/thumb/v7e-m+fp/hard/libgcc.a(_popcountsi2.o)
                              build_gd32/lib/networkdisplay.o (__popcountsi2)
../lib-c/lib_gd32/libc.a(printf.o)
                              build_gd32/firmware/main.o (vsnprintf)
/Users/arjanvanvught/Library/xPacks/@xpack-dev-tools/arm-none-eabi-gcc/11.3.1-1.1.2/.content/bin/../lib/gcc/arm-none-eabi/11.3.1/thumb/v7e-m+fp/hard/libgcc.a(_aeabi_uldivmod.o)
                              ../lib-c/lib_gd32/libc.a(printf.o) (__aeabi_uldivmod)
/Users/arjanvanvught/Library/xPacks/@xpack-dev-tools/arm-none-eabi-gcc/11.3.1-1.1.2/.content/bin/../lib/gcc/arm-none-eabi/11.3.1/thumb/v7e-m+fp/hard/libgcc.a(_udivmoddi4.o)
                              /Users/arjanvanvught/Library/xPacks/@xpack-dev-tools/arm-none-eabi-gcc/11.3.1-1.1.2/.content/bin/../lib/gcc/arm-none-eabi/11.3.1/thumb/v7e-m+fp/hard/libgcc.a(_aeabi_uldivmod.o) (__udivmoddi4)
/Users/arjanvanvught/Library/xPacks/@xpack-dev-tools/arm-none-eabi-gcc/11.3.1-1.1.2/.content/bin/../lib/gcc/arm-none-eabi/11.3.1/thumb/v7e-m+fp/hard/libgcc.a(_dvmd_tls.o)
                              /Users/arjanvanvught/Library/xPacks/@xpack-dev-tools/arm-none-eabi-gcc/11.3.1-1.1.2/.content/bin/../lib/gcc/arm-none-eabi/11.3.1/thumb/v7e-m+fp/hard/libgcc.a(_aeabi_uldivmod.o) (__aeabi_ldiv0)
../lib-remoteconfig/lib_gd32/libremoteconfig.a(remoteconfig.o)
                              build_gd32/firmware/main.o (RemoteConfig::RemoteConfig(remoteconfig::Node, remoteconfig::Output, unsigned int))
../lib-remoteconfig/lib_gd32/libremoteconfig.a(remoteconfigfactory.o)
                              ../lib-remoteconfig/lib_gd32/libremoteconfig.a(remoteconfig.o) (RemoteConfig::HandleFactory())
../lib-remoteconfig/lib_gd32/libremoteconfig.a(remoteconfigparams.o)
                              build_gd32/firmware/main.o (RemoteConfigParams::RemoteConfigParams(RemoteConfigParamsStore*))
../lib-remoteconfig/lib_gd32/libremoteconfig.a(remoteconfigreboot.o)
                              ../lib-remoteconfig/lib_gd32/libremoteconfig.a(remoteconfig.o) (RemoteConfig::HandleReboot())
../lib-remoteconfig/lib_gd32/libremoteconfig.a(remoteconfigstatic.o)
                              ../lib-remoteconfig/lib_gd32/libremoteconfig.a(remoteconfig.o) (RemoteConfig::GetIndex(void const*, unsigned int&))
../lib-remoteconfig/lib_gd32/libremoteconfig.a(tftpfileserver.o)
                              ../lib-remoteconfig/lib_gd32/libremoteconfig.a(remoteconfig.o) (TFTPFileServer::TFTPFileServer(unsigned char*, unsigned int))
../lib-remoteconfig/lib_gd32/libremoteconfig.a(remoteconfigconst.o)
                              ../lib-remoteconfig/lib_gd32/libremoteconfig.a(remoteconfigparams.o) (RemoteConfigConst::PARAMS_DISPLAY_NAME)
../lib-remoteconfig/lib_gd32/libremoteconfig.a(tftpfileserver.o)
                              ../lib-remoteconfig/lib_gd32/libremoteconfig.a(tftpfileserver.o) (tftpfileserver::is_valid(void const*))
../lib-flashcodeinstall/lib_gd32/libflashcodeinstall.a(flashcodeinstall.o)
                              ../lib-remoteconfig/lib_gd32/libremoteconfig.a(remoteconfig.o) (FlashCodeInstall::WriteFirmware(unsigned char const*, unsigned int))
../lib-flashcodeinstall/lib_gd32/libflashcodeinstall.a(flashcodeinstall.o)
                              build_gd32/firmware/main.o (FlashCodeInstall::FlashCodeInstall())
../lib-configstore/lib_gd32/libconfigstore.a(configstore.o)
                              build_gd32/firmware/main.o (ConfigStore::ConfigStore())
../lib-configstore/lib_gd32/libconfigstore.a(storenetwork.o)
                              build_gd32/firmware/main.o (StoreNetwork::StoreNetwork())
../lib-configstore/lib_gd32/libconfigstore.a(storeremoteconfig.o)
                              build_gd32/firmware/main.o (StoreRemoteConfig::StoreRemoteConfig())
../lib-configstore/lib_gd32/libconfigstore.a(storedevice.o)
                              ../lib-configstore/lib_gd32/libconfigstore.a(configstore.o) (StoreDevice::StoreDevice())
../lib-display/lib_gd32/libdisplay.a(display.o)
                              build_gd32/firmware/main.o (Display::Display(unsigned int))
../lib-display/lib_gd32/libdisplay.a(ssd1306.o)
                              ../lib-display/lib_gd32/libdisplay.a(display.o) (Ssd1306::Ssd1306(TOledPanel))
../lib-display/lib_gd32/libdisplay.a(display_timeout.o)
                              ../lib-display/lib_gd32/libdisplay.a(display.o) (display::timeout::gpio_init())
../lib-flashcode/lib_gd32/libflashcode.a(flashcode.o)
                              ../lib-flashcodeinstall/lib_gd32/libflashcodeinstall.a(flashcodeinstall.o) (FlashCode::FlashCode())
../lib-flashcode/lib_gd32/libflashcode.a(flashcode.o)
                              ../lib-flashcodeinstall/lib_gd32/libflashcodeinstall.a(flashcodeinstall.o) (FlashCode::GetSize() const)
[...]
Memory Configuration

Name             Origin             Length             Attributes
FLASH            0x0000000008000000 0x0000000000008000 xr
TCMSRAM          0x0000000010000000 0x0000000000010000 rw
RAM              0x0000000020000000 0x0000000000030000 xrw
RAMADD           0x0000000020030000 0x0000000000040000 xrw
BKPSRAM          0x0000000040024000 0x0000000000001000 rw
*default*        0x0000000000000000 0xffffffffffffffff

Linker script and memory map

LOAD build_gd32/startup_gd32f450.o
LOAD build_gd32/firmware/main.o
LOAD build_gd32/lib/networkdisplay.o
                0x000000000003fc00                __heap_size = DEFINED (__heap_size)?__heap_size:0x3fc00
                0x0000000000000400                __stack_size = DEFINED (__stack_size)?__stack_size:0x400

.vectors        0x0000000008000000      0x1ac
                0x0000000008000000                . = ALIGN (0x4)
 *(.vectors)
 .vectors       0x0000000008000000      0x1ac build_gd32/startup_gd32f450.o
                0x0000000008000000                __gVectors
                0x00000000080001ac                . = ALIGN (0x4)
                0x00000000080001ac                __Vectors_End = .
                0x00000000080001ac                __Vectors_Size = (__Vectors_End - __gVectors)

.text           0x00000000080001ac     0x61b0
                0x00000000080001ac                . = ALIGN (0x4)
 *(.text.unlikely*)
 .text.unlikely.net_init
                0x00000000080001ac       0x98 ../lib-network/lib_gd32/libnetwork.a(net.o)
                0x00000000080001ac                net_init
 .text.unlikely.net_shutdown
                0x0000000008000244       0x1c ../lib-network/lib_gd32/libnetwork.a(net.o)
                0x0000000008000244                net_shutdown
 .text.unlikely.rfc3927_init
                0x0000000008000260       0x18 ../lib-network/lib_gd32/libnetwork.a(rfc3927.o)
                0x0000000008000260                rfc3927_init
 .text.unlikely.tcp_init
                0x0000000008000278       0x44 ../lib-network/lib_gd32/libnetwork.a(tcp.o)
                0x0000000008000278                tcp_init
 .text.unlikely.udp_init
                0x00000000080002bc       0x50 ../lib-network/lib_gd32/libnetwork.a(udp.o)
                0x00000000080002bc                udp_init
 .text.unlikely.udp_shutdown
                0x000000000800030c        0x2 ../lib-network/lib_gd32/libnetwork.a(udp.o)
                0x000000000800030c                udp_shutdown
 *fill*         0x000000000800030e        0x2 
 .text.unlikely.arp_init
                0x0000000008000310       0xf8 ../lib-network/lib_gd32/libnetwork.a(arp.o)
                0x0000000008000310                arp_init
 .text.unlikely.arp_cache_init
                0x0000000008000408       0x30 ../lib-network/lib_gd32/libnetwork.a(arp_cache.o)
                0x0000000008000408                arp_cache_init
 .text.unlikely.igmp_init
                0x0000000008000438       0xa8 ../lib-network/lib_gd32/libnetwork.a(igmp.o)
                0x0000000008000438                igmp_init
 .text.unlikely.igmp_shutdown
                0x00000000080004e0       0x1c ../lib-network/lib_gd32/libnetwork.a(igmp.o)
                0x00000000080004e0                igmp_shutdown
 .text.unlikely.ip_init
                0x00000000080004fc       0x16 ../lib-network/lib_gd32/libnetwork.a(ip.o)
                0x00000000080004fc                ip_init
 .text.unlikely.ip_shutdown
                0x0000000008000512        0xe ../lib-network/lib_gd32/libnetwork.a(ip.o)
                0x0000000008000512                ip_shutdown
 .text.unlikely.console_init
                0x0000000008000520       0x20 ../lib-hal/lib_gd32/libhal.a(console_uart0.o)
                0x0000000008000520                console_init
 *(.text.hot*)
 .text.hot.net_handle
                0x0000000008000540       0x38 ../lib-network/lib_gd32/libnetwork.a(net.o)
                0x0000000008000540                net_handle
 .text.hot.udp_handle
                0x0000000008000578       0xac ../lib-network/lib_gd32/libnetwork.a(udp.o)
                0x0000000008000578                udp_handle
 .text.hot.arp_handle
                0x0000000008000624       0x18 ../lib-network/lib_gd32/libnetwork.a(arp.o)
                0x0000000008000624                arp_handle
 .text.hot.igmp_handle
                0x000000000800063c       0x9c ../lib-network/lib_gd32/libnetwork.a(igmp.o)
                0x000000000800063c                igmp_handle
 .text.hot.ip_handle
                0x00000000080006d8       0x26 ../lib-network/lib_gd32/libnetwork.a(ip.o)
                0x00000000080006d8                ip_handle
 *fill*         0x00000000080006fe        0x2 
 .text.hot.icmp_handle
                0x0000000008000700       0x98 ../lib-network/lib_gd32/libnetwork.a(icmp.o)
                0x0000000008000700                icmp_handle
 *(.text)
 .text          0x0000000008000798       0x58 build_gd32/startup_gd32f450.o
                0x00000000080007ac                Reset_Handler
 .text          0x00000000080007f0       0x30 /Users/arjanvanvught/Library/xPacks/@xpack-dev-tools/arm-none-eabi-gcc/11.3.1-1.1.2/.content/bin/../lib/gcc/arm-none-eabi/11.3.1/thumb/v7e-m+fp/hard/libgcc.a(_aeabi_uldivmod.o)
                0x00000000080007f0                __aeabi_uldivmod
 .text          0x0000000008000820        0x4 /Users/arjanvanvught/Library/xPacks/@xpack-dev-tools/arm-none-eabi-gcc/11.3.1-1.1.2/.content/bin/../lib/gcc/arm-none-eabi/11.3.1/thumb/v7e-m+fp/hard/libgcc.a(_dvmd_tls.o)
                0x0000000008000820                __aeabi_ldiv0
                0x0000000008000820                __aeabi_idiv0
 *(.text*)
 .text.Default_Handler
                0x0000000008000824        0x2 build_gd32/startup_gd32f450.o
                0x0000000008000824                USBHS_EP1_Out_IRQHandler
                0x0000000008000824                EXTI2_IRQHandler
                0x0000000008000824                TIMER2_IRQHandler
                0x0000000008000824                DebugMon_Handler
                0x0000000008000824                LVD_IRQHandler
                0x0000000008000824                SPI4_IRQHandler
                0x0000000008000824                CAN1_EWMC_IRQHandler
                0x0000000008000824                HardFault_Handler
                0x0000000008000824                TIMER7_UP_TIMER12_IRQHandler
                0x0000000008000824                SDIO_IRQHandler
                0x0000000008000824                PendSV_Handler
                0x0000000008000824                NMI_Handler
                0x0000000008000824                EXTI3_IRQHandler
                0x0000000008000824                DCI_IRQHandler
                0x0000000008000824                USBFS_WKUP_IRQHandler
                0x0000000008000824                USBHS_IRQHandler
                0x0000000008000824                IPA_IRQHandler
                0x0000000008000824                TIMER5_DAC_IRQHandler
                0x0000000008000824                TIMER0_TRG_CMT_TIMER10_IRQHandler
                0x0000000008000824                USBFS_IRQHandler
                0x0000000008000824                TIMER3_IRQHandler
                0x0000000008000824                DMA0_Channel6_IRQHandler
                0x0000000008000824                I2C0_EV_IRQHandler
                0x0000000008000824                EXTI0_IRQHandler
                0x0000000008000824                I2C2_EV_IRQHandler
                0x0000000008000824                CAN1_RX0_IRQHandler
                0x0000000008000824                FPU_IRQHandler
                0x0000000008000824                TIMER7_TRG_CMT_TIMER13_IRQHandler
                0x0000000008000824                UsageFault_Handler
                0x0000000008000824                TIMER4_IRQHandler
                0x0000000008000824                SPI1_IRQHandler
                0x0000000008000824                DMA0_Channel0_IRQHandler
                0x0000000008000824                USART5_IRQHandler
                0x0000000008000824                TIMER0_BRK_TIMER8_IRQHandler
                0x0000000008000824                DMA1_Channel0_IRQHandler
                0x0000000008000824                TIMER7_BRK_TIMER11_IRQHandler
                0x0000000008000824                TIMER6_IRQHandler
                0x0000000008000824                DMA1_Channel4_IRQHandler
                0x0000000008000824                DMA0_Channel3_IRQHandler
                0x0000000008000824                I2C0_ER_IRQHandler
                0x0000000008000824                TLI_IRQHandler
                0x0000000008000824                TIMER0_UP_TIMER9_IRQHandler
                0x0000000008000824                DMA1_Channel7_IRQHandler
                0x0000000008000824                CAN1_RX1_IRQHandler
                0x0000000008000824                DMA0_Channel2_IRQHandler
                0x0000000008000824                USART0_IRQHandler
                0x0000000008000824                TIMER1_IRQHandler
                0x0000000008000824                I2C1_EV_IRQHandler
                0x0000000008000824                DMA1_Channel6_IRQHandler
                0x0000000008000824                UART4_IRQHandler
                0x0000000008000824                EXTI10_15_IRQHandler
                0x0000000008000824                DMA1_Channel1_IRQHandler
                0x0000000008000824                Default_Handler
                0x0000000008000824                TIMER7_Channel_IRQHandler
                0x0000000008000824                DMA0_Channel7_IRQHandler
                0x0000000008000824                ADC_IRQHandler
                0x0000000008000824                CAN0_TX_IRQHandler
                0x0000000008000824                WWDGT_IRQHandler
                0x0000000008000824                EXMC_IRQHandler
                0x0000000008000824                SPI5_IRQHandler
                0x0000000008000824                TAMPER_STAMP_IRQHandler
                0x0000000008000824                RTC_WKUP_IRQHandler
                0x0000000008000824                SPI2_IRQHandler
                0x0000000008000824                MemManage_Handler
                0x0000000008000824                CAN1_TX_IRQHandler
                0x0000000008000824                SVC_Handler
                0x0000000008000824                RCU_CTC_IRQHandler
                0x0000000008000824                DMA1_Channel5_IRQHandler
                0x0000000008000824                EXTI4_IRQHandler
                0x0000000008000824                CAN0_RX1_IRQHandler
                0x0000000008000824                DMA0_Channel5_IRQHandler
                0x0000000008000824                DMA1_Channel3_IRQHandler
                0x0000000008000824                EXTI5_9_IRQHandler
                0x0000000008000824                DMA0_Channel1_IRQHandler
                0x0000000008000824                TIMER0_Channel_IRQHandler
                0x0000000008000824                EXTI1_IRQHandler
                0x0000000008000824                ENET_WKUP_IRQHandler
                0x0000000008000824                USBHS_EP1_In_IRQHandler
                0x0000000008000824                SPI0_IRQHandler
                0x0000000008000824                UART7_IRQHandler
                0x0000000008000824                USART2_IRQHandler
                0x0000000008000824                UART6_IRQHandler
                0x0000000008000824                CAN0_EWMC_IRQHandler
                0x0000000008000824                CAN0_RX0_IRQHandler
                0x0000000008000824                I2C2_ER_IRQHandler
                0x0000000008000824                DMA1_Channel2_IRQHandler
                0x0000000008000824                TLI_ER_IRQHandler
                0x0000000008000824                BusFault_Handler
                0x0000000008000824                USART1_IRQHandler
                0x0000000008000824                SPI3_IRQHandler
                0x0000000008000824                UART3_IRQHandler
                0x0000000008000824                I2C1_ER_IRQHandler
                0x0000000008000824                FMC_IRQHandler
                0x0000000008000824                USBHS_WKUP_IRQHandler
                0x0000000008000824                DMA0_Channel4_IRQHandler
                0x0000000008000824                TRNG_IRQHandler
                0x0000000008000824                ENET_IRQHandler
                0x0000000008000824                RTC_Alarm_IRQHandler
 .text._ZN7Display6PrintfEhPKcz
                0x0000000008000826       0x38 build_gd32/firmware/main.o
                0x0000000008000826                Display::Printf(unsigned char, char const*, ...)
 .text._ZN8Hardware13RebootHandlerEv
                0x000000000800085e        0x2 build_gd32/firmware/main.o
                0x000000000800085e                Hardware::RebootHandler()
 .text.startup.main
                0x0000000008000860      0x1d8 build_gd32/firmware/main.o
                0x0000000008000860                main
 .text._ZN7Display9PutStringEPKc.isra.0
                0x0000000008000a38        0xa build_gd32/lib/networkdisplay.o
 .text._ZN7Display9ClearLineEh.isra.0
                0x0000000008000a42        0xa build_gd32/lib/networkdisplay.o
 .text._ZN7Display6StatusE22Display7SegmentMessage
                0x0000000008000a4c       0x34 build_gd32/lib/networkdisplay.o
                0x0000000008000a4c                Display::Status(Display7SegmentMessage)
 .text._ZN7network18display_emac_startEv
                0x0000000008000a80       0x24 build_gd32/lib/networkdisplay.o
                0x0000000008000a80                network::display_emac_start()
 .text._ZN7network10display_ipEv
                0x0000000008000aa4       0x68 build_gd32/lib/networkdisplay.o
                0x0000000008000aa4                network::display_ip()
 .text._ZN7network21display_emac_shutdownEv
                0x0000000008000b0c       0x24 build_gd32/lib/networkdisplay.o
                0x0000000008000b0c                network::display_emac_shutdown()
 .text._ZN7network19display_dhcp_statusENS_4dhcp12ClientStatusE
                0x0000000008000b30       0x70 build_gd32/lib/networkdisplay.o
                0x0000000008000b30                network::display_dhcp_status(network::dhcp::ClientStatus)
 .text.__popcountsi2
                0x0000000008000ba0       0x28 /Users/arjanvanvught/Library/xPacks/@xpack-dev-tools/arm-none-eabi-gcc/11.3.1-1.1.2/.content/bin/../lib/gcc/arm-none-eabi/11.3.1/thumb/v7e-m+fp/hard/libgcc.a(_popcountsi2.o)
                0x0000000008000ba0                __popcountsi2
 .text._xputch  0x0000000008000bc8       0x30 ../lib-c/lib_gd32/libc.a(printf.o)
 .text._format_int
                0x0000000008000bf8       0xd4 ../lib-c/lib_gd32/libc.a(printf.o)
 .text._format_hex
                0x0000000008000ccc       0xba ../lib-c/lib_gd32/libc.a(printf.o)
 *fill*         0x0000000008000d86        0x2 
 .text._vprintf
                0x0000000008000d88      0x234 ../lib-c/lib_gd32/libc.a(printf.o)
 .text.printf   0x0000000008000fbc       0x1e ../lib-c/lib_gd32/libc.a(printf.o)
                0x0000000008000fbc                printf
 *fill*         0x0000000008000fda        0x2 
 .text.snprintf
                0x0000000008000fdc       0x30 ../lib-c/lib_gd32/libc.a(printf.o)
                0x0000000008000fdc                snprintf
 .text.vsnprintf
                0x000000000800100c       0x20 ../lib-c/lib_gd32/libc.a(printf.o)
                0x000000000800100c                vsnprintf
 .text.__udivmoddi4
                0x000000000800102c      0x2c8 /Users/arjanvanvught/Library/xPacks/@xpack-dev-tools/arm-none-eabi-gcc/11.3.1-1.1.2/.content/bin/../lib/gcc/arm-none-eabi/11.3.1/thumb/v7e-m+fp/hard/libgcc.a(_udivmoddi4.o)
                0x000000000800102c                __udivmoddi4
 .text._ZN12RemoteConfig10HandleListEv
                0x00000000080012f4       0xd0 ../lib-remoteconfig/lib_gd32/libremoteconfig.a(remoteconfig.o)
                0x00000000080012f4                RemoteConfig::HandleList()
 .text._ZN12RemoteConfig13HandleTftpGetEv
                0x00000000080013c4       0x50 ../lib-remoteconfig/lib_gd32/libremoteconfig.a(remoteconfig.o)
                0x00000000080013c4                RemoteConfig::HandleTftpGet()
 .text._ZN12RemoteConfig13HandleVersionEv
                0x0000000008001414       0x40 ../lib-remoteconfig/lib_gd32/libremoteconfig.a(remoteconfig.o)
                0x0000000008001414                RemoteConfig::HandleVersion()
 .text._ZN12RemoteConfig12HandleUptimeEv
                0x0000000008001454       0x4c ../lib-remoteconfig/lib_gd32/libremoteconfig.a(remoteconfig.o)
                0x0000000008001454                RemoteConfig::HandleUptime()
 .text._ZN7Display10TextStatusEPKc
                0x00000000080014a0       0x7a ../lib-remoteconfig/lib_gd32/libremoteconfig.a(remoteconfig.o)
                0x00000000080014a0                Display::TextStatus(char const*)
 .text._ZN7Display10TextStatusEPKc22Display7SegmentMessagej
                0x000000000800151a       0x50 ../lib-remoteconfig/lib_gd32/libremoteconfig.a(remoteconfig.o)
                0x000000000800151a                Display::TextStatus(char const*, Display7SegmentMessage, unsigned int)
 *fill*         0x000000000800156a        0x2 
 .text._ZN12RemoteConfig13HandleTftpSetEv
                0x000000000800156c      0x118 ../lib-remoteconfig/lib_gd32/libremoteconfig.a(remoteconfig.o)
                0x000000000800156c                RemoteConfig::HandleTftpSet()
 .text._ZN12RemoteConfigC2EN12remoteconfig4NodeENS0_6OutputEj
                0x0000000008001684       0x6c ../lib-remoteconfig/lib_gd32/libremoteconfig.a(remoteconfig.o)
                0x0000000008001684                RemoteConfig::RemoteConfig(remoteconfig::Node, remoteconfig::Output, unsigned int)
                0x0000000008001684                RemoteConfig::RemoteConfig(remoteconfig::Node, remoteconfig::Output, unsigned int)
 .text._ZN12RemoteConfig10SetDisableEb
                0x00000000080016f0       0x40 ../lib-remoteconfig/lib_gd32/libremoteconfig.a(remoteconfig.o)
                0x00000000080016f0                RemoteConfig::SetDisable(bool)
 .text._ZN12RemoteConfig14SetDisplayNameEPKc
                0x0000000008001730       0x30 ../lib-remoteconfig/lib_gd32/libremoteconfig.a(remoteconfig.o)
                0x0000000008001730                RemoteConfig::SetDisplayName(char const*)
 .text._ZN12RemoteConfig3RunEv
                0x0000000008001760      0x118 ../lib-remoteconfig/lib_gd32/libremoteconfig.a(remoteconfig.o)
                0x0000000008001760                RemoteConfig::Run()
 .text._ZN12RemoteConfig8TftpExitEv
                0x0000000008001878       0x14 ../lib-remoteconfig/lib_gd32/libremoteconfig.a(remoteconfig.o)
                0x0000000008001878                RemoteConfig::TftpExit()
 .text._ZN12RemoteConfig13HandleFactoryEv
                0x000000000800188c       0x1c ../lib-remoteconfig/lib_gd32/libremoteconfig.a(remoteconfigfactory.o)
                0x000000000800188c                RemoteConfig::HandleFactory()
 .text._ZN18RemoteConfigParamsC2EP23RemoteConfigParamsStore
                0x00000000080018a8       0x14 ../lib-remoteconfig/lib_gd32/libremoteconfig.a(remoteconfigparams.o)
                0x00000000080018a8                RemoteConfigParams::RemoteConfigParams(RemoteConfigParamsStore*)
                0x00000000080018a8                RemoteConfigParams::RemoteConfigParams(RemoteConfigParamsStore*)
 .text._ZN18RemoteConfigParams4LoadEv
                0x00000000080018bc       0x18 ../lib-remoteconfig/lib_gd32/libremoteconfig.a(remoteconfigparams.o)
                0x00000000080018bc                RemoteConfigParams::Load()
 .text._ZN18RemoteConfigParams3SetEP12RemoteConfig
                0x00000000080018d4       0x40 ../lib-remoteconfig/lib_gd32/libremoteconfig.a(remoteconfigparams.o)
                0x00000000080018d4                RemoteConfigParams::Set(RemoteConfig*)
 .text._ZN12RemoteConfig12HandleRebootEv
                0x0000000008001914       0xa4 ../lib-remoteconfig/lib_gd32/libremoteconfig.a(remoteconfigreboot.o)
                0x0000000008001914                RemoteConfig::HandleReboot()
 .text._ZN14TFTPFileServer8FileOpenEPKc8TFTPMode
                0x00000000080019b8        0x4 ../lib-remoteconfig/lib_gd32/libremoteconfig.a(tftpfileserver.o)
                0x00000000080019b8                TFTPFileServer::FileOpen(char const*, TFTPMode)
 .text._ZN14TFTPFileServer8FileReadEPvjj
                0x00000000080019bc        0x4 ../lib-remoteconfig/lib_gd32/libremoteconfig.a(tftpfileserver.o)
                0x00000000080019bc                TFTPFileServer::FileRead(void*, unsigned int, unsigned int)
 .text._ZN14TFTPFileServer4ExitEv
                0x00000000080019c0        0xc ../lib-remoteconfig/lib_gd32/libremoteconfig.a(tftpfileserver.o)
                0x00000000080019c0                TFTPFileServer::Exit()
 .text._ZN14TFTPFileServerD2Ev
                0x00000000080019cc       0x14 ../lib-remoteconfig/lib_gd32/libremoteconfig.a(tftpfileserver.o)
                0x00000000080019cc                TFTPFileServer::~TFTPFileServer()
                0x00000000080019cc                TFTPFileServer::~TFTPFileServer()
 .text._ZN14TFTPFileServerD0Ev
                0x00000000080019e0       0x12 ../lib-remoteconfig/lib_gd32/libremoteconfig.a(tftpfileserver.o)
                0x00000000080019e0                TFTPFileServer::~TFTPFileServer()
 .text._ZN14TFTPFileServer9FileWriteEPKvjj
                0x00000000080019f2       0x5a ../lib-remoteconfig/lib_gd32/libremoteconfig.a(tftpfileserver.o)
                0x00000000080019f2                TFTPFileServer::FileWrite(void const*, unsigned int, unsigned int)
 .text._ZN14TFTPFileServer9FileCloseEv
                0x0000000008001a4c       0x38 ../lib-remoteconfig/lib_gd32/libremoteconfig.a(tftpfileserver.o)
                0x0000000008001a4c                TFTPFileServer::FileClose()
 .text._ZN14TFTPFileServer10FileCreateEPKc8TFTPMode
                0x0000000008001a84       0x5c ../lib-remoteconfig/lib_gd32/libremoteconfig.a(tftpfileserver.o)
                0x0000000008001a84                TFTPFileServer::FileCreate(char const*, TFTPMode)
 .text._ZN14TFTPFileServerC2EPhj
                0x0000000008001ae0       0x28 ../lib-remoteconfig/lib_gd32/libremoteconfig.a(tftpfileserver.o)
                0x0000000008001ae0                TFTPFileServer::TFTPFileServer(unsigned char*, unsigned int)
                0x0000000008001ae0                TFTPFileServer::TFTPFileServer(unsigned char*, unsigned int)
 .text._ZN14tftpfileserver8is_validEPKv
                0x0000000008001b08        0x4 ../lib-remoteconfig/lib_gd32/libremoteconfig.a(tftpfileserver.o)
                0x0000000008001b08                tftpfileserver::is_valid(void const*)
 .text._ZN16FlashCodeInstall13WriteFirmwareEPKhj
                0x0000000008001b0c      0x114 ../lib-flashcodeinstall/lib_gd32/libflashcodeinstall.a(flashcodeinstall.o)
                0x0000000008001b0c                FlashCodeInstall::WriteFirmware(unsigned char const*, unsigned int)
 .text._ZN16FlashCodeInstallC2Ev
                0x0000000008001c20       0x8c ../lib-flashcodeinstall/lib_gd32/libflashcodeinstall.a(flashcodeinstall.o)
                0x0000000008001c20                FlashCodeInstall::FlashCodeInstall()
                0x0000000008001c20                FlashCodeInstall::FlashCodeInstall()
 .text._ZN11ConfigStore14GetStoreOffsetEN11configstore5StoreE
                0x0000000008001cac       0x1c ../lib-configstore/lib_gd32/libconfigstore.a(configstore.o)
                0x0000000008001cac                ConfigStore::GetStoreOffset(configstore::Store)
 .text._ZN11ConfigStore4InitEv
                0x0000000008001cc8      0x124 ../lib-configstore/lib_gd32/libconfigstore.a(configstore.o)
                0x0000000008001cc8                ConfigStore::Init()
 .text._ZN11ConfigStoreC2Ev
                0x0000000008001dec       0x48 ../lib-configstore/lib_gd32/libconfigstore.a(configstore.o)
                0x0000000008001dec                ConfigStore::ConfigStore()
                0x0000000008001dec                ConfigStore::ConfigStore()
 .text._ZN11ConfigStore12ResetSetListEN11configstore5StoreE
                0x0000000008001e34       0x24 ../lib-configstore/lib_gd32/libconfigstore.a(configstore.o)
                0x0000000008001e34                ConfigStore::ResetSetList(configstore::Store)
 .text._ZN11ConfigStore6UpdateEN11configstore5StoreEjPKvjjj
                0x0000000008001e58       0x80 ../lib-configstore/lib_gd32/libconfigstore.a(configstore.o)
                0x0000000008001e58                ConfigStore::Update(configstore::Store, unsigned int, void const*, unsigned int, unsigned int, unsigned int)
 .text._ZN11ConfigStore4CopyEN11configstore5StoreEPvjjb
                0x0000000008001ed8       0x64 ../lib-configstore/lib_gd32/libconfigstore.a(configstore.o)
                0x0000000008001ed8                ConfigStore::Copy(configstore::Store, void*, unsigned int, unsigned int, bool)
 .text._ZN11ConfigStore5FlashEv
                0x0000000008001f3c       0xac ../lib-configstore/lib_gd32/libconfigstore.a(configstore.o)
                0x0000000008001f3c                ConfigStore::Flash()
 .text._ZN12StoreNetworkD2Ev
                0x0000000008001fe8        0x6 ../lib-configstore/lib_gd32/libconfigstore.a(storenetwork.o)
                0x0000000008001fe8                StoreNetwork::~StoreNetwork()
                0x0000000008001fe8                StoreNetwork::~StoreNetwork()
                0x0000000008001fea                non-virtual thunk to StoreNetwork::~StoreNetwork()
 *fill*         0x0000000008001fee        0x2 
 .text._ZN12StoreNetwork6UpdateEPKN13networkparams6ParamsE
                0x0000000008001ff0       0x24 ../lib-configstore/lib_gd32/libconfigstore.a(storenetwork.o)
                0x0000000008001ff0                StoreNetwork::Update(networkparams::Params const*)
 .text._ZN12StoreNetwork8SaveDhcpEb
                0x0000000008002014       0x30 ../lib-configstore/lib_gd32/libconfigstore.a(storenetwork.o)
                0x0000000008002014                StoreNetwork::SaveDhcp(bool)
                0x000000000800203c                non-virtual thunk to StoreNetwork::SaveDhcp(bool)
 .text._ZN12StoreNetwork13SaveGatewayIpEj
                0x0000000008002044       0x30 ../lib-configstore/lib_gd32/libconfigstore.a(storenetwork.o)
                0x0000000008002044                StoreNetwork::SaveGatewayIp(unsigned int)
                0x000000000800206c                non-virtual thunk to StoreNetwork::SaveGatewayIp(unsigned int)
 .text._ZN12StoreNetwork11SaveNetMaskEj
                0x0000000008002074       0x2c ../lib-configstore/lib_gd32/libconfigstore.a(storenetwork.o)
                0x0000000008002074                StoreNetwork::SaveNetMask(unsigned int)
                0x0000000008002098                non-virtual thunk to StoreNetwork::SaveNetMask(unsigned int)
 .text._ZN12StoreNetwork6SaveIpEj
                0x00000000080020a0       0x2c ../lib-configstore/lib_gd32/libconfigstore.a(storenetwork.o)
                0x00000000080020a0                StoreNetwork::SaveIp(unsigned int)
                0x00000000080020c4                non-virtual thunk to StoreNetwork::SaveIp(unsigned int)
 .text._ZN12StoreNetwork12SaveHostNameEPKcj
                0x00000000080020cc       0x34 ../lib-configstore/lib_gd32/libconfigstore.a(storenetwork.o)
                0x00000000080020cc                StoreNetwork::SaveHostName(char const*, unsigned int)
                0x00000000080020f8                non-virtual thunk to StoreNetwork::SaveHostName(char const*, unsigned int)
 .text._ZN12StoreNetworkD0Ev
                0x0000000008002100       0x12 ../lib-configstore/lib_gd32/libconfigstore.a(storenetwork.o)
                0x0000000008002100                StoreNetwork::~StoreNetwork()
                0x000000000800210c                non-virtual thunk to StoreNetwork::~StoreNetwork()
 *fill*         0x0000000008002112        0x2 
 .text._ZN12StoreNetwork4CopyEPN13networkparams6ParamsE
                0x0000000008002114       0x20 ../lib-configstore/lib_gd32/libconfigstore.a(storenetwork.o)
                0x0000000008002114                StoreNetwork::Copy(networkparams::Params*)
 .text._ZN12StoreNetworkC2Ev
                0x0000000008002134       0x18 ../lib-configstore/lib_gd32/libconfigstore.a(storenetwork.o)
                0x0000000008002134                StoreNetwork::StoreNetwork()
                0x0000000008002134                StoreNetwork::StoreNetwork()
 .text._ZN17StoreRemoteConfigD2Ev
                0x000000000800214c        0x2 ../lib-configstore/lib_gd32/libconfigstore.a(storeremoteconfig.o)
                0x000000000800214c                StoreRemoteConfig::~StoreRemoteConfig()
                0x000000000800214c                StoreRemoteConfig::~StoreRemoteConfig()
 *fill*         0x000000000800214e        0x2 
 .text._ZN17StoreRemoteConfig4CopyEP19TRemoteConfigParams
                0x0000000008002150       0x24 ../lib-configstore/lib_gd32/libconfigstore.a(storeremoteconfig.o)
                0x0000000008002150                StoreRemoteConfig::Copy(TRemoteConfigParams*)
 .text._ZN17StoreRemoteConfig6UpdateEPK19TRemoteConfigParams
                0x0000000008002174       0x24 ../lib-configstore/lib_gd32/libconfigstore.a(storeremoteconfig.o)
                0x0000000008002174                StoreRemoteConfig::Update(TRemoteConfigParams const*)
 .text._ZN17StoreRemoteConfigD0Ev
                0x0000000008002198        0xc ../lib-configstore/lib_gd32/libconfigstore.a(storeremoteconfig.o)
                0x0000000008002198                StoreRemoteConfig::~StoreRemoteConfig()
 .text._ZN17StoreRemoteConfigC2Ev
                0x00000000080021a4       0x14 ../lib-configstore/lib_gd32/libconfigstore.a(storeremoteconfig.o)
                0x00000000080021a4                StoreRemoteConfig::StoreRemoteConfig()
                0x00000000080021a4                StoreRemoteConfig::StoreRemoteConfig()
 .text._ZN7HAL_I2C5SetupEv
                0x00000000080021b8       0x14 ../lib-configstore/lib_gd32/libconfigstore.a(storedevice.o)
                0x00000000080021b8                HAL_I2C::Setup()
 .text._ZN7AT24Cxx5WriteEjPKhj
                0x00000000080021cc       0x9c ../lib-configstore/lib_gd32/libconfigstore.a(storedevice.o)
                0x00000000080021cc                AT24Cxx::Write(unsigned int, unsigned char const*, unsigned int)
 .text._ZN11StoreDeviceC2Ev
                0x0000000008002268       0x5c ../lib-configstore/lib_gd32/libconfigstore.a(storedevice.o)
                0x0000000008002268                StoreDevice::StoreDevice()
                0x0000000008002268                StoreDevice::StoreDevice()
 .text._ZNK11StoreDevice7GetSizeEv
                0x00000000080022c4        0x6 ../lib-configstore/lib_gd32/libconfigstore.a(storedevice.o)
                0x00000000080022c4                StoreDevice::GetSize() const
 .text._ZNK11StoreDevice13GetSectorSizeEv
                0x00000000080022ca        0x6 ../lib-configstore/lib_gd32/libconfigstore.a(storedevice.o)
                0x00000000080022ca                StoreDevice::GetSectorSize() const
 .text._ZN11StoreDevice4ReadEjjPhRN11storedevice6resultE
                0x00000000080022d0       0x48 ../lib-configstore/lib_gd32/libconfigstore.a(storedevice.o)
                0x00000000080022d0                StoreDevice::Read(unsigned int, unsigned int, unsigned char*, storedevice::result&)
 .text._ZN11StoreDevice5EraseEjjRN11storedevice6resultE
                0x0000000008002318        0x8 ../lib-configstore/lib_gd32/libconfigstore.a(storedevice.o)
                0x0000000008002318                StoreDevice::Erase(unsigned int, unsigned int, storedevice::result&)
 .text._ZN11StoreDevice5WriteEjjPKhRN11storedevice6resultE
                0x0000000008002320       0x16 ../lib-configstore/lib_gd32/libconfigstore.a(storedevice.o)
                0x0000000008002320                StoreDevice::Write(unsigned int, unsigned int, unsigned char const*, storedevice::result&)
 *fill*         0x0000000008002336        0x2 
 .text._ZN7Display9PrintInfoEv.isra.0
                0x0000000008002338       0x14 ../lib-display/lib_gd32/libdisplay.a(display.o)
 .text._ZN7HAL_I2C13WriteRegisterEht
                0x000000000800234c       0x2a ../lib-display/lib_gd32/libdisplay.a(display.o)
                0x000000000800234c                HAL_I2C::WriteRegister(unsigned char, unsigned short)
 .text._ZN7HAL_I2C12IsConnected_Ehj
                0x0000000008002376       0x3c ../lib-display/lib_gd32/libdisplay.a(display.o)
                0x0000000008002376                HAL_I2C::IsConnected_(unsigned char, unsigned int)
 .text._ZN7Display14Detect7SegmentEv
                0x00000000080023b2       0x32 ../lib-display/lib_gd32/libdisplay.a(display.o)
                0x00000000080023b2                Display::Detect7Segment()
 .text._ZN7Display6DetectEj
                0x00000000080023e4       0x58 ../lib-display/lib_gd32/libdisplay.a(display.o)
                0x00000000080023e4                Display::Detect(unsigned int)
 .text._ZN7DisplayC2Ej
                0x000000000800243c       0x50 ../lib-display/lib_gd32/libdisplay.a(display.o)
                0x000000000800243c                Display::Display(unsigned int)
                0x000000000800243c                Display::Display(unsigned int)
 .text._ZN7Ssd1306D2Ev
                0x000000000800248c        0x2 ../lib-display/lib_gd32/libdisplay.a(ssd1306.o)
                0x000000000800248c                Ssd1306::~Ssd1306()
                0x000000000800248c                Ssd1306::~Ssd1306()
 .text._ZN7Ssd13069SetCursorEj
                0x000000000800248e        0x2 ../lib-display/lib_gd32/libdisplay.a(ssd1306.o)
                0x000000000800248e                Ssd1306::SetCursor(unsigned int)
 .text._ZN7Ssd13069PrintInfoEv
                0x0000000008002490       0x28 ../lib-display/lib_gd32/libdisplay.a(ssd1306.o)
                0x0000000008002490                Ssd1306::PrintInfo()
 .text._ZN7Ssd1306D0Ev
                0x00000000080024b8        0xc ../lib-display/lib_gd32/libdisplay.a(ssd1306.o)
                0x00000000080024b8                Ssd1306::~Ssd1306()
 .text._ZN7Ssd13067PutCharEi
                0x00000000080024c4       0x2c ../lib-display/lib_gd32/libdisplay.a(ssd1306.o)
                0x00000000080024c4                Ssd1306::PutChar(int)
 .text._ZN7Ssd13069PutStringEPKc
                0x00000000080024f0       0x16 ../lib-display/lib_gd32/libdisplay.a(ssd1306.o)
                0x00000000080024f0                Ssd1306::PutString(char const*)
 .text._ZN7Ssd13064TextEPKcj
                0x0000000008002506       0x22 ../lib-display/lib_gd32/libdisplay.a(ssd1306.o)
                0x0000000008002506                Ssd1306::Text(char const*, unsigned int)
 .text._ZN7Ssd130611InitMembersEv
                0x0000000008002528       0x22 ../lib-display/lib_gd32/libdisplay.a(ssd1306.o)
                0x0000000008002528                Ssd1306::InitMembers()
 *fill*         0x000000000800254a        0x2 
 .text._ZN7Ssd1306C2E10TOledPanel
                0x000000000800254c       0x30 ../lib-display/lib_gd32/libdisplay.a(ssd1306.o)
                0x000000000800254c                Ssd1306::Ssd1306(TOledPanel)
                0x000000000800254c                Ssd1306::Ssd1306(TOledPanel)
 .text._ZN7Ssd130611SendCommandEh
                0x000000000800257c       0x20 ../lib-display/lib_gd32/libdisplay.a(ssd1306.o)
                0x000000000800257c                Ssd1306::SendCommand(unsigned char)
 .text._ZN7Ssd130612SetCursorPosEhh
                0x000000000800259c       0x48 ../lib-display/lib_gd32/libdisplay.a(ssd1306.o)
                0x000000000800259c                Ssd1306::SetCursorPos(unsigned char, unsigned char)
 .text._ZN7Ssd13068TextLineEhPKcj
                0x00000000080025e4       0x28 ../lib-display/lib_gd32/libdisplay.a(ssd1306.o)
                0x00000000080025e4                Ssd1306::TextLine(unsigned char, char const*, unsigned int)
 .text._ZN7Ssd13069ClearLineEh
                0x000000000800260c       0x40 ../lib-display/lib_gd32/libdisplay.a(ssd1306.o)
                0x000000000800260c                Ssd1306::ClearLine(unsigned char)
 .text._ZN7Ssd13068SetSleepEb
                0x000000000800264c        0xc ../lib-display/lib_gd32/libdisplay.a(ssd1306.o)
                0x000000000800264c                Ssd1306::SetSleep(bool)
 .text._ZN7Ssd130611SetContrastEh
                0x0000000008002658       0x1a ../lib-display/lib_gd32/libdisplay.a(ssd1306.o)
                0x0000000008002658                Ssd1306::SetContrast(unsigned char)
 .text._ZN7Ssd130617SetFlipVerticallyEb
                0x0000000008002672       0x24 ../lib-display/lib_gd32/libdisplay.a(ssd1306.o)
                0x0000000008002672                Ssd1306::SetFlipVertically(bool)
 *fill*         0x0000000008002696        0x2 
 .text._ZN7Ssd130611CheckSH1106Ev
                0x0000000008002698       0xac ../lib-display/lib_gd32/libdisplay.a(ssd1306.o)
                0x0000000008002698                Ssd1306::CheckSH1106()
 .text._ZN7Ssd13063ClsEv
                0x0000000008002744       0x78 ../lib-display/lib_gd32/libdisplay.a(ssd1306.o)
                0x0000000008002744                Ssd1306::Cls()
 .text._ZN7Ssd13065StartEv
                0x00000000080027bc       0xb4 ../lib-display/lib_gd32/libdisplay.a(ssd1306.o)
                0x00000000080027bc                Ssd1306::Start()
 .text._ZN7display7timeout9gpio_initEv
                0x0000000008002870        0x2 ../lib-display/lib_gd32/libdisplay.a(display_timeout.o)
                0x0000000008002870                display::timeout::gpio_init()
 *fill*         0x0000000008002872        0x2 
 .text._ZN9FlashCodeC2Ev
                0x0000000008002874       0x38 ../lib-flashcode/lib_gd32/libflashcode.a(flashcode.o)
                0x0000000008002874                FlashCode::FlashCode()
                0x0000000008002874                FlashCode::FlashCode()
 .text._ZNK9FlashCode7GetNameEv
                0x00000000080028ac        0x8 ../lib-flashcode/lib_gd32/libflashcode.a(flashcode.o)
                0x00000000080028ac                FlashCode::GetName() const
 .text._ZNK9FlashCode7GetSizeEv
                0x00000000080028b4        0xc ../lib-flashcode/lib_gd32/libflashcode.a(flashcode.o)
                0x00000000080028b4                FlashCode::GetSize() const
 .text._ZNK9FlashCode13GetSectorSizeEv
                0x00000000080028c0        0x6 ../lib-flashcode/lib_gd32/libflashcode.a(flashcode.o)
                0x00000000080028c0                FlashCode::GetSectorSize() const
 .text._ZN9FlashCode5WriteEjjPKhRN9flashcode6resultE
                0x00000000080028c6       0x52 ../lib-flashcode/lib_gd32/libflashcode.a(flashcode.o)
                0x00000000080028c6                FlashCode::Write(unsigned int, unsigned int, unsigned char const*, flashcode::result&)
 .text._ZN9FlashCode5EraseEjjRN9flashcode6resultE
                0x0000000008002918       0x4c ../lib-flashcode/lib_gd32/libflashcode.a(flashcode.o)
                0x0000000008002918                FlashCode::Erase(unsigned int, unsigned int, flashcode::result&)
 .text._Z19fmc_sector_info_getj
                0x0000000008002964      0x104 ../lib-flashcode/lib_gd32/libflashcode.a(fmc_operation.o)
                0x0000000008002964                fmc_sector_info_get(unsigned int)
 .text.net_timers_run
                0x0000000008002a68       0x20 ../lib-network/lib_gd32/libnetwork.a(net_timers.o)
                0x0000000008002a68                net_timers_run
 .text.rfc3927  0x0000000008002a88       0x80 ../lib-network/lib_gd32/libnetwork.a(rfc3927.o)
                0x0000000008002a88                rfc3927
 .text.memcpy.isra.0
                0x0000000008002b08       0x14 ../lib-network/lib_gd32/libnetwork.a(tcp.o)
 .text.memcpy.isra.0
                0x0000000008002b1c       0x14 ../lib-network/lib_gd32/libnetwork.a(udp.o)
 .text.net_memcpy
                0x0000000008002b30       0x3c ../lib-network/lib_gd32/libnetwork.a(udp.o)
                0x0000000008002b30                net_memcpy
 .text.udp_set_ip
                0x0000000008002b6c       0x40 ../lib-network/lib_gd32/libnetwork.a(udp.o)
                0x0000000008002b6c                udp_set_ip
 .text.udp_bind
                0x0000000008002bac       0x3c ../lib-network/lib_gd32/libnetwork.a(udp.o)
                0x0000000008002bac                udp_bind
 .text.udp_unbind
                0x0000000008002be8       0x40 ../lib-network/lib_gd32/libnetwork.a(udp.o)
                0x0000000008002be8                udp_unbind
 .text.udp_recv
                0x0000000008002c28       0x6c ../lib-network/lib_gd32/libnetwork.a(udp.o)
                0x0000000008002c28                udp_recv
 .text.udp_recv2
                0x0000000008002c94       0x4c ../lib-network/lib_gd32/libnetwork.a(udp.o)
                0x0000000008002c94                udp_recv2
 .text.udp_send
                0x0000000008002ce0      0x160 ../lib-network/lib_gd32/libnetwork.a(udp.o)
                0x0000000008002ce0                udp_send
 .text._ZN10TFTPDaemonC2Ev
                0x0000000008002e40       0x5c ../lib-network/lib_gd32/libnetwork.a(tftpdaemon.o)
                0x0000000008002e40                TFTPDaemon::TFTPDaemon()
                0x0000000008002e40                TFTPDaemon::TFTPDaemon()
 .text._ZN10TFTPDaemonD2Ev
                0x0000000008002e9c       0x28 ../lib-network/lib_gd32/libnetwork.a(tftpdaemon.o)
                0x0000000008002e9c                TFTPDaemon::~TFTPDaemon()
                0x0000000008002e9c                TFTPDaemon::~TFTPDaemon()
 .text._ZN10TFTPDaemon9SendErrorEtPKc
                0x0000000008002ec4       0x4a ../lib-network/lib_gd32/libnetwork.a(tftpdaemon.o)
                0x0000000008002ec4                TFTPDaemon::SendError(unsigned short, char const*)
 .text._ZN10TFTPDaemon6DoReadEv
                0x0000000008002f0e       0x7e ../lib-network/lib_gd32/libnetwork.a(tftpdaemon.o)
                0x0000000008002f0e                TFTPDaemon::DoRead()
 .text._ZN10TFTPDaemon13HandleRecvAckEv
                0x0000000008002f8c       0x24 ../lib-network/lib_gd32/libnetwork.a(tftpdaemon.o)
                0x0000000008002f8c                TFTPDaemon::HandleRecvAck()
 .text._ZN10TFTPDaemon10DoWriteAckEv
                0x0000000008002fb0       0x3a ../lib-network/lib_gd32/libnetwork.a(tftpdaemon.o)
                0x0000000008002fb0                TFTPDaemon::DoWriteAck()
 *fill*         0x0000000008002fea        0x2 
 .text._ZN10TFTPDaemon13HandleRequestEv
                0x0000000008002fec      0x10c ../lib-network/lib_gd32/libnetwork.a(tftpdaemon.o)
                0x0000000008002fec                TFTPDaemon::HandleRequest()
 .text._ZN10TFTPDaemon14HandleRecvDataEv
                0x00000000080030f8       0x68 ../lib-network/lib_gd32/libnetwork.a(tftpdaemon.o)
                0x00000000080030f8                TFTPDaemon::HandleRecvData()
 .text._ZN10TFTPDaemon3RunEv
                0x0000000008003160       0xac ../lib-network/lib_gd32/libnetwork.a(tftpdaemon.o)
                0x0000000008003160                TFTPDaemon::Run()
 .text.strncpy.constprop.0.isra.0
                0x000000000800320c       0x20 ../lib-network/lib_gd32/libnetwork.a(network.o)
 .text._ZN7NetworkC2Ev
                0x000000000800322c       0x50 ../lib-network/lib_gd32/libnetwork.a(network.o)
                0x000000000800322c                Network::Network()
                0x000000000800322c                Network::Network()
 .text._ZN7Network8ShutdownEv
                0x000000000800327c        0xe ../lib-network/lib_gd32/libnetwork.a(network.o)
                0x000000000800327c                Network::Shutdown()
 .text._ZN7Network5BeginEt
                0x000000000800328a        0x6 ../lib-network/lib_gd32/libnetwork.a(network.o)
                0x000000000800328a                Network::Begin(unsigned short)
 .text._ZN7Network3EndEt
                0x0000000008003290        0x6 ../lib-network/lib_gd32/libnetwork.a(network.o)
                0x0000000008003290                Network::End(unsigned short)
 .text._ZN7Network16MacAddressCopyToEPh
                0x0000000008003296       0x16 ../lib-network/lib_gd32/libnetwork.a(network.o)
                0x0000000008003296                Network::MacAddressCopyTo(unsigned char*)
 .text._ZN7Network12SetDefaultIpEv
                0x00000000080032ac       0x22 ../lib-network/lib_gd32/libnetwork.a(network.o)
                0x00000000080032ac                Network::SetDefaultIp()
 *fill*         0x00000000080032ce        0x2 
 .text._ZN7Network4InitEP18NetworkParamsStore
                0x00000000080032d0      0x280 ../lib-network/lib_gd32/libnetwork.a(network.o)
                0x00000000080032d0                Network::Init(NetworkParamsStore*)
 .text._ZN7Network5PrintEv
                0x0000000008003550       0xf8 ../lib-network/lib_gd32/libnetwork.a(network.o)
                0x0000000008003550                Network::Print()
 .text._ZN13NetworkParamsC2EP18NetworkParamsStore
                0x0000000008003648       0x18 ../lib-network/lib_gd32/libnetwork.a(networkparams.o)
                0x0000000008003648                NetworkParams::NetworkParams(NetworkParamsStore*)
                0x0000000008003648                NetworkParams::NetworkParams(NetworkParamsStore*)
 .text._ZN13NetworkParams4LoadEv
                0x0000000008003660       0x18 ../lib-network/lib_gd32/libnetwork.a(networkparams.o)
                0x0000000008003660                NetworkParams::Load()
 .text._ZN13NetworkParams4DumpEv
                0x0000000008003678        0x2 ../lib-network/lib_gd32/libnetwork.a(networkparamsdump.o)
                0x0000000008003678                NetworkParams::Dump()
 .text.memcpy.isra.0
                0x000000000800367a       0x14 ../lib-network/lib_gd32/libnetwork.a(arp.o)
 *fill*         0x000000000800368e        0x2 
 .text.arp_announce
                0x0000000008003690       0x14 ../lib-network/lib_gd32/libnetwork.a(arp.o)
                0x0000000008003690                arp_announce
 .text.arp_handle_request
                0x00000000080036a4       0x50 ../lib-network/lib_gd32/libnetwork.a(arp.o)
                0x00000000080036a4                arp_handle_request
 .text.arp_handle_reply
                0x00000000080036f4        0x8 ../lib-network/lib_gd32/libnetwork.a(arp.o)
                0x00000000080036f4                arp_handle_reply
 .text.arp_send_request
                0x00000000080036fc       0x14 ../lib-network/lib_gd32/libnetwork.a(arp.o)
                0x00000000080036fc                arp_send_request
 .text.arp_cache_update
                0x0000000008003710       0x50 ../lib-network/lib_gd32/libnetwork.a(arp_cache.o)
                0x0000000008003710                arp_cache_update
 .text.arp_cache_lookup
                0x0000000008003760       0x9c ../lib-network/lib_gd32/libnetwork.a(arp_cache.o)
                0x0000000008003760                arp_cache_lookup
 .text._parse_response
                0x00000000080037fc      0x168 ../lib-network/lib_gd32/libnetwork.a(dhcp.o)
 .text.memcpy.isra.0
                0x0000000008003964       0x14 ../lib-network/lib_gd32/libnetwork.a(dhcp.o)
 .text.dhcp_client
                0x0000000008003978      0x210 ../lib-network/lib_gd32/libnetwork.a(dhcp.o)
                0x0000000008003978                dhcp_client
 .text.dhcp_client_release
                0x0000000008003b88       0x5c ../lib-network/lib_gd32/libnetwork.a(dhcp.o)
                0x0000000008003b88                dhcp_client_release
 .text.memcpy.isra.0
                0x0000000008003be4       0x14 ../lib-network/lib_gd32/libnetwork.a(igmp.o)
 .text._send_report
                0x0000000008003bf8       0x7c ../lib-network/lib_gd32/libnetwork.a(igmp.o)
 .text.igmp_set_ip
                0x0000000008003c74       0x2c ../lib-network/lib_gd32/libnetwork.a(igmp.o)
                0x0000000008003c74                igmp_set_ip
 .text.igmp_timer
                0x0000000008003ca0       0x3c ../lib-network/lib_gd32/libnetwork.a(igmp.o)
                0x0000000008003ca0                igmp_timer
 .text.igmp_leave
                0x0000000008003cdc       0x6c ../lib-network/lib_gd32/libnetwork.a(igmp.o)
                0x0000000008003cdc                igmp_leave
 .text.ip_set_ip
                0x0000000008003d48       0x12 ../lib-network/lib_gd32/libnetwork.a(ip.o)
                0x0000000008003d48                ip_set_ip
 .text.net_chksum
                0x0000000008003d5a       0x34 ../lib-network/lib_gd32/libnetwork.a(net_chksum.o)
                0x0000000008003d5a                net_chksum
 .text._ZN3net18link_register_readEv
                0x0000000008003d8e       0x22 ../lib-network/lib_gd32/libnetwork.a(net_link_check.o)
                0x0000000008003d8e                net::link_register_read()
 .text.memcpy.isra.0
                0x0000000008003db0       0x14 ../lib-network/lib_gd32/libnetwork.a(icmp.o)
 .text.console_putc
                0x0000000008003dc4        0x4 ../lib-hal/lib_gd32/libhal.a(console_uart0.o)
                0x0000000008003dc4                console_putc
 .text.console_puts
                0x0000000008003dc8        0x4 ../lib-hal/lib_gd32/libhal.a(console_uart0.o)
                0x0000000008003dc8                console_puts
 .text.console_set_fg_color
                0x0000000008003dcc       0x44 ../lib-hal/lib_gd32/libhal.a(console_uart0.o)
                0x0000000008003dcc                console_set_fg_color
 .text.console_error
                0x0000000008003e10       0x24 ../lib-hal/lib_gd32/libhal.a(console_uart0.o)
                0x0000000008003e10                console_error
 .text.console_status
                0x0000000008003e34       0x30 ../lib-hal/lib_gd32/libhal.a(console_uart0.o)
                0x0000000008003e34                console_status
 .text._ZN15FirmwareVersionC2EPKcS1_S1_
                0x0000000008003e64       0x70 ../lib-hal/lib_gd32/libhal.a(firmwareversion.o)
                0x0000000008003e64                FirmwareVersion::FirmwareVersion(char const*, char const*, char const*)
                0x0000000008003e64                FirmwareVersion::FirmwareVersion(char const*, char const*, char const*)
 .text._ZN15FirmwareVersion5PrintEPKc
                0x0000000008003ed4       0x1c ../lib-hal/lib_gd32/libhal.a(firmwareversion.o)
                0x0000000008003ed4                FirmwareVersion::Print(char const*)
 .text._ZN8LedBlinkC2Ev
                0x0000000008003ef0       0x54 ../lib-hal/lib_gd32/libhal.a(ledblink.o)
                0x0000000008003ef0                LedBlink::LedBlink()
                0x0000000008003ef0                LedBlink::LedBlink()
 .text._ZN8LedBlink7SetModeEN8ledblink4ModeE
                0x0000000008003f44       0x64 ../lib-hal/lib_gd32/libhal.a(ledblink.o)
                0x0000000008003f44                LedBlink::SetMode(ledblink::Mode)
 .text._ZN8HardwareC2Ev
                0x0000000008003fa8       0xe0 ../lib-hal/lib_gd32/libhal.a(hardware.o)
                0x0000000008003fa8                Hardware::Hardware()
                0x0000000008003fa8                Hardware::Hardware()
 .text._ZN8Hardware6RebootEv
                0x0000000008004088       0x7c ../lib-hal/lib_gd32/libhal.a(hardware.o)
                0x0000000008004088                Hardware::Reboot()
 .text._ZdlPv   0x0000000008004104        0x4 ../lib-c++/lib_gd32/libc++.a(delete.o)
                0x0000000008004104                operator delete(void*)
 .text._ZdaPv   0x0000000008004108        0x4 ../lib-c++/lib_gd32/libc++.a(delete.o)
                0x0000000008004108                operator delete[](void*)
 .text._Znwj    0x000000000800410c        0x4 ../lib-c++/lib_gd32/libc++.a(new.o)
                0x000000000800410c                operator new(unsigned int)
 .text._Znaj    0x0000000008004110        0x4 ../lib-c++/lib_gd32/libc++.a(new.o)
                0x0000000008004110                operator new[](unsigned int)
 .text.malloc   0x0000000008004114       0x94 ../lib-c/lib_gd32/libc.a(malloc.o)
                0x0000000008004114                malloc
 .text.free     0x00000000080041a8       0x4c ../lib-c/lib_gd32/libc.a(malloc.o)
                0x00000000080041a8                free
 .text.memmove  0x00000000080041f4       0x2e ../lib-c/lib_gd32/libc.a(memmove.o)
                0x00000000080041f4                memmove
 .text.memset   0x0000000008004222       0x42 ../lib-c/lib_gd32/libc.a(memset.o)
                0x0000000008004222                memset
 .text.puts     0x0000000008004264       0x10 ../lib-c/lib_gd32/libc.a(puts.o)
                0x0000000008004264                puts
 .text.isleapyear
                0x0000000008004274       0x2c ../lib-c/lib_gd32/libc.a(time.o)
 .text.getdaysofmonth
                0x00000000080042a0       0x20 ../lib-c/lib_gd32/libc.a(time.o)
 .text.mktime   0x00000000080042c0       0x98 ../lib-c/lib_gd32/libc.a(time.o)
                0x00000000080042c0                mktime
 .text.gettimeofday
                0x0000000008004358       0x54 ../lib-c/lib_gd32/libc.a(time.o)
                0x0000000008004358                gettimeofday
 .text.settimeofday
                0x00000000080043ac       0x30 ../lib-c/lib_gd32/libc.a(time.o)
                0x00000000080043ac                settimeofday
 .text.time     0x00000000080043dc       0x16 ../lib-c/lib_gd32/libc.a(time.o)
                0x00000000080043dc                time
 *fill*         0x00000000080043f2        0x2 
 .text.uart0_init
                0x00000000080043f4       0x20 ../lib-gd32/lib_gd32/libgd32.a(gd32_uart0.o)
                0x00000000080043f4                uart0_init
 .text.uart0_putc
                0x0000000008004414       0x34 ../lib-gd32/lib_gd32/libgd32.a(gd32_uart0.o)
                0x0000000008004414                uart0_putc
 .text.uart0_puts
                0x0000000008004448       0x1e ../lib-gd32/lib_gd32/libgd32.a(gd32_uart0.o)
                0x0000000008004448                uart0_puts
 *fill*         0x0000000008004466        0x2 
 .text.systick_config
                0x0000000008004468       0x3c ../lib-gd32/lib_gd32/libgd32.a(systick.o)
                0x0000000008004468                systick_config
 .text.SysTick_Handler
                0x00000000080044a4       0x10 ../lib-gd32/lib_gd32/libgd32.a(systick.o)
                0x00000000080044a4                SysTick_Handler
 .text.SystemInit
                0x00000000080044b4      0x170 ../lib-gd32/lib_gd32/libgd32.a(system_gd32f4xx.o)
                0x00000000080044b4                SystemInit
 .text.enet_delay
                0x0000000008004624       0x18 ../lib-gd32/lib_gd32/libgd32.a(gd32f4xx_enet.o)
 .text.enet_software_reset
                0x000000000800463c       0x28 ../lib-gd32/lib_gd32/libgd32.a(gd32f4xx_enet.o)
                0x000000000800463c                enet_software_reset
 .text.enet_descriptors_chain_init
                0x0000000008004664       0x88 ../lib-gd32/lib_gd32/libgd32.a(gd32f4xx_enet.o)
                0x0000000008004664                enet_descriptors_chain_init
 .text.enet_frame_receive
                0x00000000080046ec       0x98 ../lib-gd32/lib_gd32/libgd32.a(gd32f4xx_enet.o)
                0x00000000080046ec                enet_frame_receive
 .text.enet_frame_transmit
                0x0000000008004784       0x84 ../lib-gd32/lib_gd32/libgd32.a(gd32f4xx_enet.o)
                0x0000000008004784                enet_frame_transmit
 .text.enet_transmit_checksum_config
                0x0000000008004808        0xc ../lib-gd32/lib_gd32/libgd32.a(gd32f4xx_enet.o)
                0x0000000008004808                enet_transmit_checksum_config
 .text.enet_mac_address_set
                0x0000000008004814       0x14 ../lib-gd32/lib_gd32/libgd32.a(gd32f4xx_enet.o)
                0x0000000008004814                enet_mac_address_set
 .text.enet_rx_enable
                0x0000000008004828       0x1c ../lib-gd32/lib_gd32/libgd32.a(gd32f4xx_enet.o)
                0x0000000008004828                enet_rx_enable
 .text.enet_phy_write_read
                0x0000000008004844       0x54 ../lib-gd32/lib_gd32/libgd32.a(gd32f4xx_enet.o)
                0x0000000008004844                enet_phy_write_read
 .text.enet_phy_config
                0x0000000008004898       0xcc ../lib-gd32/lib_gd32/libgd32.a(gd32f4xx_enet.o)
                0x0000000008004898                enet_phy_config
 .text.enet_init
                0x0000000008004964      0x2f8 ../lib-gd32/lib_gd32/libgd32.a(gd32f4xx_enet.o)
                0x0000000008004964                enet_init
 .text.enet_txfifo_flush
                0x0000000008004c5c       0x24 ../lib-gd32/lib_gd32/libgd32.a(gd32f4xx_enet.o)
                0x0000000008004c5c                enet_txfifo_flush
 .text.enet_tx_enable
                0x0000000008004c80       0x24 ../lib-gd32/lib_gd32/libgd32.a(gd32f4xx_enet.o)
                0x0000000008004c80                enet_tx_enable
 .text.enet_enable
                0x0000000008004ca4        0xe ../lib-gd32/lib_gd32/libgd32.a(gd32f4xx_enet.o)
                0x0000000008004ca4                enet_enable
 *fill*         0x0000000008004cb2        0x2 
 .text.enet_desc_information_get
                0x0000000008004cb4       0x54 ../lib-gd32/lib_gd32/libgd32.a(gd32f4xx_enet.o)
                0x0000000008004cb4                enet_desc_information_get
 .text.enet_rxframe_drop
                0x0000000008004d08       0x64 ../lib-gd32/lib_gd32/libgd32.a(gd32f4xx_enet.o)
                0x0000000008004d08                enet_rxframe_drop
 .text.enet_rxframe_size_get
                0x0000000008004d6c       0x4c ../lib-gd32/lib_gd32/libgd32.a(gd32f4xx_enet.o)
                0x0000000008004d6c                enet_rxframe_size_get
 .text.enet_initpara_reset
                0x0000000008004db8       0x28 ../lib-gd32/lib_gd32/libgd32.a(gd32f4xx_enet.o)
                0x0000000008004db8                enet_initpara_reset
 .text.enet_deinit
                0x0000000008004de0       0x1a ../lib-gd32/lib_gd32/libgd32.a(gd32f4xx_enet.o)
                0x0000000008004de0                enet_deinit
 *fill*         0x0000000008004dfa        0x2 
 .text.fmc_unlock
                0x0000000008004dfc       0x24 ../lib-gd32/lib_gd32/libgd32.a(gd32f4xx_fmc.o)
                0x0000000008004dfc                fmc_unlock
 .text.fmc_lock
                0x0000000008004e20       0x14 ../lib-gd32/lib_gd32/libgd32.a(gd32f4xx_fmc.o)
                0x0000000008004e20                fmc_lock
 .text.fmc_flag_clear
                0x0000000008004e34        0xc ../lib-gd32/lib_gd32/libgd32.a(gd32f4xx_fmc.o)
                0x0000000008004e34                fmc_flag_clear
 .text.fmc_state_get
                0x0000000008004e40       0x48 ../lib-gd32/lib_gd32/libgd32.a(gd32f4xx_fmc.o)
                0x0000000008004e40                fmc_state_get
 .text.fmc_ready_wait
                0x0000000008004e88       0x18 ../lib-gd32/lib_gd32/libgd32.a(gd32f4xx_fmc.o)
                0x0000000008004e88                fmc_ready_wait
 .text.fmc_sector_erase
                0x0000000008004ea0       0x5c ../lib-gd32/lib_gd32/libgd32.a(gd32f4xx_fmc.o)
                0x0000000008004ea0                fmc_sector_erase
 .text.fmc_word_program
                0x0000000008004efc       0x54 ../lib-gd32/lib_gd32/libgd32.a(gd32f4xx_fmc.o)
                0x0000000008004efc                fmc_word_program
 .text.fwdgt_enable
                0x0000000008004f50       0x10 ../lib-gd32/lib_gd32/libgd32.a(gd32f4xx_fwdgt.o)
                0x0000000008004f50                fwdgt_enable
 .text.fwdgt_counter_reload
                0x0000000008004f60       0x10 ../lib-gd32/lib_gd32/libgd32.a(gd32f4xx_fwdgt.o)
                0x0000000008004f60                fwdgt_counter_reload
 .text.fwdgt_config
                0x0000000008004f70       0x54 ../lib-gd32/lib_gd32/libgd32.a(gd32f4xx_fwdgt.o)
                0x0000000008004f70                fwdgt_config
 .text.gpio_mode_set
                0x0000000008004fc4       0x40 ../lib-gd32/lib_gd32/libgd32.a(gd32f4xx_gpio.o)
                0x0000000008004fc4                gpio_mode_set
 .text.gpio_output_options_set
                0x0000000008005004       0x36 ../lib-gd32/lib_gd32/libgd32.a(gd32f4xx_gpio.o)
                0x0000000008005004                gpio_output_options_set
 .text.gpio_input_bit_get
                0x000000000800503a        0xc ../lib-gd32/lib_gd32/libgd32.a(gd32f4xx_gpio.o)
                0x000000000800503a                gpio_input_bit_get
 .text.gpio_af_set
                0x0000000008005046       0x58 ../lib-gd32/lib_gd32/libgd32.a(gd32f4xx_gpio.o)
                0x0000000008005046                gpio_af_set
 *fill*         0x000000000800509e        0x2 
 .text.pmu_backup_ldo_config
                0x00000000080050a0       0x18 ../lib-gd32/lib_gd32/libgd32.a(gd32f4xx_pmu.o)
                0x00000000080050a0                pmu_backup_ldo_config
 .text.pmu_backup_write_enable
                0x00000000080050b8       0x10 ../lib-gd32/lib_gd32/libgd32.a(gd32f4xx_pmu.o)
                0x00000000080050b8                pmu_backup_write_enable
 .text.rcu_periph_clock_enable
                0x00000000080050c8       0x1a ../lib-gd32/lib_gd32/libgd32.a(gd32f4xx_rcu.o)
                0x00000000080050c8                rcu_periph_clock_enable
 .text.rcu_periph_clock_disable
                0x00000000080050e2       0x1c ../lib-gd32/lib_gd32/libgd32.a(gd32f4xx_rcu.o)
                0x00000000080050e2                rcu_periph_clock_disable
 .text.rcu_periph_reset_enable
                0x00000000080050fe        0x4 ../lib-gd32/lib_gd32/libgd32.a(gd32f4xx_rcu.o)
                0x00000000080050fe                rcu_periph_reset_enable
 .text.rcu_periph_reset_disable
                0x0000000008005102        0x4 ../lib-gd32/lib_gd32/libgd32.a(gd32f4xx_rcu.o)
                0x0000000008005102                rcu_periph_reset_disable
 *fill*         0x0000000008005106        0x2 
 .text.rcu_ckout0_config
                0x0000000008005108       0x18 ../lib-gd32/lib_gd32/libgd32.a(gd32f4xx_rcu.o)
                0x0000000008005108                rcu_ckout0_config
 .text.rcu_timer_clock_prescaler_config
                0x0000000008005120       0x20 ../lib-gd32/lib_gd32/libgd32.a(gd32f4xx_rcu.o)
                0x0000000008005120                rcu_timer_clock_prescaler_config
 .text.rcu_clock_freq_get
                0x0000000008005140       0xe8 ../lib-gd32/lib_gd32/libgd32.a(gd32f4xx_rcu.o)
                0x0000000008005140                rcu_clock_freq_get
 .text.syscfg_enet_phy_interface_config
                0x0000000008005228       0x18 ../lib-gd32/lib_gd32/libgd32.a(gd32f4xx_syscfg.o)
                0x0000000008005228                syscfg_enet_phy_interface_config
 .text.timer_deinit
                0x0000000008005240      0x14c ../lib-gd32/lib_gd32/libgd32.a(gd32f4xx_timer.o)
                0x0000000008005240                timer_deinit
 .text.timer_init
                0x000000000800538c       0x7c ../lib-gd32/lib_gd32/libgd32.a(gd32f4xx_timer.o)
                0x000000000800538c                timer_init
 .text.timer_enable
                0x0000000008005408        0xa ../lib-gd32/lib_gd32/libgd32.a(gd32f4xx_timer.o)
                0x0000000008005408                timer_enable
 *fill*         0x0000000008005412        0x2 
 .text.usart_deinit
                0x0000000008005414       0xc4 ../lib-gd32/lib_gd32/libgd32.a(gd32f4xx_usart.o)
                0x0000000008005414                usart_deinit
 .text.usart_baudrate_set
                0x00000000080054d8       0x88 ../lib-gd32/lib_gd32/libgd32.a(gd32f4xx_usart.o)
                0x00000000080054d8                usart_baudrate_set
 .text.usart_parity_config
                0x0000000008005560       0x10 ../lib-gd32/lib_gd32/libgd32.a(gd32f4xx_usart.o)
                0x0000000008005560                usart_parity_config
 .text.usart_word_length_set
                0x0000000008005570       0x10 ../lib-gd32/lib_gd32/libgd32.a(gd32f4xx_usart.o)
                0x0000000008005570                usart_word_length_set
 .text.usart_stop_bit_set
                0x0000000008005580       0x10 ../lib-gd32/lib_gd32/libgd32.a(gd32f4xx_usart.o)
                0x0000000008005580                usart_stop_bit_set
 .text.usart_transmit_config
                0x0000000008005590        0xc ../lib-gd32/lib_gd32/libgd32.a(gd32f4xx_usart.o)
                0x0000000008005590                usart_transmit_config
 .text.usart_receive_config
                0x000000000800559c        0xc ../lib-gd32/lib_gd32/libgd32.a(gd32f4xx_usart.o)
                0x000000000800559c                usart_receive_config
 .text.usart_hardware_flow_rts_config
                0x00000000080055a8        0xc ../lib-gd32/lib_gd32/libgd32.a(gd32f4xx_usart.o)
                0x00000000080055a8                usart_hardware_flow_rts_config
 .text.usart_hardware_flow_cts_config
                0x00000000080055b4        0xc ../lib-gd32/lib_gd32/libgd32.a(gd32f4xx_usart.o)
                0x00000000080055b4                usart_hardware_flow_cts_config
 .text.usart_flag_get
                0x00000000080055c0       0x16 ../lib-gd32/lib_gd32/libgd32.a(gd32f4xx_usart.o)
                0x00000000080055c0                usart_flag_get
 *fill*         0x00000000080055d6        0x2 
 .text.emac_eth_recv
                0x00000000080055d8       0x28 ../lib-gd32/lib_gd32/libgd32.a(net.o)
                0x00000000080055d8                emac_eth_recv
 .text.emac_free_pkt
                0x0000000008005600        0x8 ../lib-gd32/lib_gd32/libgd32.a(net.o)
                0x0000000008005600                emac_free_pkt
 .text.emac_eth_send
                0x0000000008005608        0x4 ../lib-gd32/lib_gd32/libgd32.a(net.o)
                0x0000000008005608                emac_eth_send
 .text._Z14bkp_data_write22bkp_data_register_enumt
                0x000000000800560c       0x10 ../lib-gd32/lib_gd32/libgd32.a(bkp.o)
                0x000000000800560c                bkp_data_write(bkp_data_register_enum, unsigned short)
 .text._Z13bkp_data_read22bkp_data_register_enum
                0x000000000800561c       0x14 ../lib-gd32/lib_gd32/libgd32.a(bkp.o)
                0x000000000800561c                bkp_data_read(bkp_data_register_enum)
 .text._Z13gd32_adc_initv
                0x0000000008005630       0x9c ../lib-gd32/lib_gd32/libgd32.a(gd32_adc.o)
                0x0000000008005630                gd32_adc_init()
 .text._ZL5_stopv.isra.0
                0x00000000080056cc       0x24 ../lib-gd32/lib_gd32/libgd32.a(gd32_i2c.o)
 .text.gd32_i2c_begin
                0x00000000080056f0       0x94 ../lib-gd32/lib_gd32/libgd32.a(gd32_i2c.o)
                0x00000000080056f0                gd32_i2c_begin
 .text.gd32_i2c_set_baudrate
                0x0000000008005784       0x10 ../lib-gd32/lib_gd32/libgd32.a(gd32_i2c.o)
                0x0000000008005784                gd32_i2c_set_baudrate
 .text.gd32_i2c_set_address
                0x0000000008005794        0xc ../lib-gd32/lib_gd32/libgd32.a(gd32_i2c.o)
                0x0000000008005794                gd32_i2c_set_address
 .text.gd32_i2c_write
                0x00000000080057a0       0xcc ../lib-gd32/lib_gd32/libgd32.a(gd32_i2c.o)
                0x00000000080057a0                gd32_i2c_write
 .text.gd32_i2c_read
                0x000000000800586c      0x148 ../lib-gd32/lib_gd32/libgd32.a(gd32_i2c.o)
                0x000000000800586c                gd32_i2c_read
 .text._Z10_gpio_initj
                0x00000000080059b4      0x278 ../lib-gd32/lib_gd32/libgd32.a(gd32_uart.o)
                0x00000000080059b4                _gpio_init(unsigned int)
 .text.gd32_uart_begin
                0x0000000008005c2c      0x120 ../lib-gd32/lib_gd32/libgd32.a(gd32_uart.o)
                0x0000000008005c2c                gd32_uart_begin
 .text._Z11micros_initv
                0x0000000008005d4c       0x40 ../lib-gd32/lib_gd32/libgd32.a(micros.o)
                0x0000000008005d4c                micros_init()
 .text._Z11udelay_initv
                0x0000000008005d8c       0x28 ../lib-gd32/lib_gd32/libgd32.a(udelay.o)
                0x0000000008005d8c                udelay_init()
 .text._Z6udelayjj
                0x0000000008005db4       0x30 ../lib-gd32/lib_gd32/libgd32.a(udelay.o)
                0x0000000008005db4                udelay(unsigned int, unsigned int)
 .text._Z10emac_startPh
                0x0000000008005de4      0x220 ../lib-gd32/lib_gd32/libgd32.a(emac.o)
                0x0000000008005de4                emac_start(unsigned char*)
 .text.adc_clock_config
                0x0000000008006004       0x20 ../lib-gd32/lib_gd32/libgd32.a(gd32f4xx_adc.o)
                0x0000000008006004                adc_clock_config
 .text.adc_special_function_config
                0x0000000008006024       0x50 ../lib-gd32/lib_gd32/libgd32.a(gd32f4xx_adc.o)
                0x0000000008006024                adc_special_function_config
 .text.adc_data_alignment_config
                0x0000000008006074       0x12 ../lib-gd32/lib_gd32/libgd32.a(gd32f4xx_adc.o)
                0x0000000008006074                adc_data_alignment_config
 .text.adc_enable
                0x0000000008006086       0x10 ../lib-gd32/lib_gd32/libgd32.a(gd32f4xx_adc.o)
                0x0000000008006086                adc_enable
 .text.adc_calibration_enable
                0x0000000008006096       0x22 ../lib-gd32/lib_gd32/libgd32.a(gd32f4xx_adc.o)
                0x0000000008006096                adc_calibration_enable
 .text.adc_channel_16_to_18
                0x00000000080060b8       0x50 ../lib-gd32/lib_gd32/libgd32.a(gd32f4xx_adc.o)
                0x00000000080060b8                adc_channel_16_to_18
 .text.adc_channel_length_config
                0x0000000008006108       0x3a ../lib-gd32/lib_gd32/libgd32.a(gd32f4xx_adc.o)
                0x0000000008006108                adc_channel_length_config
 .text.adc_inserted_channel_config
                0x0000000008006142       0x5e ../lib-gd32/lib_gd32/libgd32.a(gd32f4xx_adc.o)
                0x0000000008006142                adc_inserted_channel_config
 .text.adc_external_trigger_config
                0x00000000080061a0       0x2c ../lib-gd32/lib_gd32/libgd32.a(gd32f4xx_adc.o)
                0x00000000080061a0                adc_external_trigger_config
 .text.adc_software_trigger_enable
                0x00000000080061cc       0x1c ../lib-gd32/lib_gd32/libgd32.a(gd32f4xx_adc.o)
                0x00000000080061cc                adc_software_trigger_enable
 .text.i2c_clock_config
                0x00000000080061e8       0xb8 ../lib-gd32/lib_gd32/libgd32.a(gd32f4xx_i2c.o)
                0x00000000080061e8                i2c_clock_config
 .text.i2c_ack_config
                0x00000000080062a0       0x12 ../lib-gd32/lib_gd32/libgd32.a(gd32f4xx_i2c.o)
                0x00000000080062a0                i2c_ack_config
 .text.i2c_ackpos_config
                0x00000000080062b2       0x12 ../lib-gd32/lib_gd32/libgd32.a(gd32f4xx_i2c.o)
                0x00000000080062b2                i2c_ackpos_config
 .text.i2c_master_addressing
                0x00000000080062c4       0x10 ../lib-gd32/lib_gd32/libgd32.a(gd32f4xx_i2c.o)
                0x00000000080062c4                i2c_master_addressing
 .text.i2c_enable
                0x00000000080062d4        0xa ../lib-gd32/lib_gd32/libgd32.a(gd32f4xx_i2c.o)
                0x00000000080062d4                i2c_enable
 .text.i2c_start_on_bus
                0x00000000080062de        0xa ../lib-gd32/lib_gd32/libgd32.a(gd32f4xx_i2c.o)
                0x00000000080062de                i2c_start_on_bus
 .text.i2c_stop_on_bus
                0x00000000080062e8        0xa ../lib-gd32/lib_gd32/libgd32.a(gd32f4xx_i2c.o)
                0x00000000080062e8                i2c_stop_on_bus
 .text.i2c_data_transmit
                0x00000000080062f2        0x4 ../lib-gd32/lib_gd32/libgd32.a(gd32f4xx_i2c.o)
                0x00000000080062f2                i2c_data_transmit
 .text.i2c_data_receive
                0x00000000080062f6        0x6 ../lib-gd32/lib_gd32/libgd32.a(gd32f4xx_i2c.o)
                0x00000000080062f6                i2c_data_receive
 .text.i2c_flag_get
                0x00000000080062fc       0x16 ../lib-gd32/lib_gd32/libgd32.a(gd32f4xx_i2c.o)
                0x00000000080062fc                i2c_flag_get
 .text.i2c_flag_clear
                0x0000000008006312       0x24 ../lib-gd32/lib_gd32/libgd32.a(gd32f4xx_i2c.o)
                0x0000000008006312                i2c_flag_clear
 *fill*         0x0000000008006336        0x2 
 .text._Z15mac_address_getPh
                0x0000000008006338       0x24 ../lib-gd32/lib_gd32/libgd32.a(mac_address.o)
                0x0000000008006338                mac_address_get(unsigned char*)
 *(.glue_7)
 .glue_7        0x000000000800635c        0x0 linker stubs
 *(.glue_7t)
 .glue_7t       0x000000000800635c        0x0 linker stubs
 *(.eh_frame)
 *(.init)
 *(.fini)
                0x000000000800635c                . = ALIGN (0x4)
                0x000000000800635c                _etext = .

.vfp11_veneer   0x000000000800635c        0x0
 .vfp11_veneer  0x000000000800635c        0x0 linker stubs

.v4_bx          0x000000000800635c        0x0
 .v4_bx         0x000000000800635c        0x0 linker stubs

.iplt           0x000000000800635c        0x0
 .iplt          0x000000000800635c        0x0 build_gd32/startup_gd32f450.o

.rodata         0x000000000800635c      0xbbc
                0x000000000800635c                . = ALIGN (0x4)
 *(.rodata)
 .rodata        0x000000000800635c       0x18 ../lib-gd32/lib_gd32/libgd32.a(gd32f4xx_rcu.o)
 *(.rodata*)
 .rodata.main.str1.1
                0x0000000008006374       0x41 build_gd32/firmware/main.o
 .rodata._ZL16SOFTWARE_VERSION
                0x00000000080063b5        0x4 build_gd32/firmware/main.o
 .rodata._ZN7network18display_emac_startEv.str1.1
                0x00000000080063b9        0xf build_gd32/lib/networkdisplay.o
 .rodata._ZN7network10display_ipEv.str1.1
                0x00000000080063c8       0x12 build_gd32/lib/networkdisplay.o
 .rodata._ZN7network21display_emac_shutdownEv.str1.1
                0x00000000080063da       0x12 build_gd32/lib/networkdisplay.o
 .rodata._ZN7network19display_dhcp_statusENS_4dhcp12ClientStatusE.str1.1
                0x00000000080063ec       0x2e build_gd32/lib/networkdisplay.o
 .rodata._ZN12RemoteConfig10HandleListEv.str1.1
                0x000000000800641a       0x2f ../lib-remoteconfig/lib_gd32/libremoteconfig.a(remoteconfig.o)
 .rodata._ZN12RemoteConfig13HandleTftpGetEv.str1.1
                0x0000000008006449        0x9 ../lib-remoteconfig/lib_gd32/libremoteconfig.a(remoteconfig.o)
                                         0x10 (size before relaxing)
 .rodata._ZN12RemoteConfig13HandleVersionEv.str1.1
                0x0000000008006452        0xb ../lib-remoteconfig/lib_gd32/libremoteconfig.a(remoteconfig.o)
 .rodata._ZN12RemoteConfig12HandleUptimeEv.str1.1
                0x000000000800645d        0xd ../lib-remoteconfig/lib_gd32/libremoteconfig.a(remoteconfig.o)
 .rodata._ZN12RemoteConfig13HandleTftpSetEv.str1.1
                0x000000000800646a       0x43 ../lib-remoteconfig/lib_gd32/libremoteconfig.a(remoteconfig.o)
 .rodata._ZN12RemoteConfig3RunEv.str1.1
                0x00000000080064ad       0x18 ../lib-remoteconfig/lib_gd32/libremoteconfig.a(remoteconfig.o)
 .rodata.str1.1
                0x00000000080064c5       0x31 ../lib-remoteconfig/lib_gd32/libremoteconfig.a(remoteconfig.o)
 .rodata._ZL6s_Node
                0x00000000080064f6       0xb4 ../lib-remoteconfig/lib_gd32/libremoteconfig.a(remoteconfig.o)
 .rodata._ZL8s_Output
                0x00000000080065aa       0x90 ../lib-remoteconfig/lib_gd32/libremoteconfig.a(remoteconfig.o)
 *fill*         0x000000000800663a        0x2 
 .rodata._ZN12RemoteConfig5s_GETE
                0x000000000800663c       0x70 ../lib-remoteconfig/lib_gd32/libremoteconfig.a(remoteconfig.o)
                0x000000000800663c                RemoteConfig::s_GET
 .rodata._ZN12RemoteConfig12HandleRebootEv.str1.1
                0x00000000080066ac       0x1d ../lib-remoteconfig/lib_gd32/libremoteconfig.a(remoteconfigreboot.o)
 .rodata._ZN14TFTPFileServer9FileCloseEv.str1.1
                0x00000000080066c9       0x17 ../lib-remoteconfig/lib_gd32/libremoteconfig.a(tftpfileserver.o)
 .rodata._ZN14TFTPFileServer10FileCreateEPKc8TFTPMode.str1.1
                0x00000000080066e0       0x1b ../lib-remoteconfig/lib_gd32/libremoteconfig.a(tftpfileserver.o)
 .rodata._ZN14tftpfileserverL9FILE_NAMEE
                0x00000000080066fb        0xd ../lib-remoteconfig/lib_gd32/libremoteconfig.a(tftpfileserver.o)
 .rodata._ZTV14TFTPFileServer
                0x0000000008006708       0x28 ../lib-remoteconfig/lib_gd32/libremoteconfig.a(tftpfileserver.o)
                0x0000000008006708                vtable for TFTPFileServer
 .rodata._ZN16FlashCodeInstall13WriteFirmwareEPKhj.str1.1
                0x0000000008006730       0x63 ../lib-flashcodeinstall/lib_gd32/libflashcodeinstall.a(flashcodeinstall.o)
 .rodata._ZN16FlashCodeInstallC2Ev.str1.1
                0x0000000008006793       0x26 ../lib-flashcodeinstall/lib_gd32/libflashcodeinstall.a(flashcodeinstall.o)
 *fill*         0x00000000080067b9        0x3 
 .rodata._ZL11s_aStorSize
                0x00000000080067bc       0x70 ../lib-configstore/lib_gd32/libconfigstore.a(configstore.o)
 .rodata._ZTV12StoreNetwork
                0x000000000800682c       0x50 ../lib-configstore/lib_gd32/libconfigstore.a(storenetwork.o)
                0x000000000800682c                vtable for StoreNetwork
 .rodata._ZTV17StoreRemoteConfig
                0x000000000800687c       0x18 ../lib-configstore/lib_gd32/libconfigstore.a(storeremoteconfig.o)
                0x000000000800687c                vtable for StoreRemoteConfig
 .rodata._ZN11StoreDeviceC2Ev.str1.1
                0x0000000008006894       0x5a ../lib-configstore/lib_gd32/libconfigstore.a(storedevice.o)
 .rodata._ZN7Display9PrintInfoEv.isra.0.str1.1
                0x00000000080068ee       0x11 ../lib-display/lib_gd32/libdisplay.a(display.o)
 .rodata._ZN7Display6DetectEj.str1.1
                0x00000000080068ff        0x8 ../lib-display/lib_gd32/libdisplay.a(display.o)
 .rodata._ZN7Ssd13069PrintInfoEv.str1.1
                0x0000000008006907       0x13 ../lib-display/lib_gd32/libdisplay.a(ssd1306.o)
                                         0x1b (size before relaxing)
 .rodata._ZN7Ssd130611CheckSH1106Ev.str1.1
                0x000000000800691a        0x6 ../lib-display/lib_gd32/libdisplay.a(ssd1306.o)
 .rodata._ZL12_OledFont8x6
                0x0000000008006920      0x2a0 ../lib-display/lib_gd32/libdisplay.a(ssd1306.o)
 .rodata._ZL16oled_128x32_init
                0x0000000008006bc0       0x18 ../lib-display/lib_gd32/libdisplay.a(ssd1306.o)
 .rodata._ZL16oled_128x64_init
                0x0000000008006bd8       0x18 ../lib-display/lib_gd32/libdisplay.a(ssd1306.o)
 .rodata._ZTV7Ssd1306
                0x0000000008006bf0       0x40 ../lib-display/lib_gd32/libdisplay.a(ssd1306.o)
                0x0000000008006bf0                vtable for Ssd1306
 .rodata._ZN9FlashCodeC2Ev.str1.1
                0x0000000008006c30       0x39 ../lib-flashcode/lib_gd32/libflashcode.a(flashcode.o)
 .rodata.udp_bind.str1.1
                0x0000000008006c69        0x5 ../lib-network/lib_gd32/libnetwork.a(udp.o)
 .rodata.udp_unbind.str1.1
                0x0000000008006c6e        0x8 ../lib-network/lib_gd32/libnetwork.a(udp.o)
 .rodata.udp_send.str1.1
                0x0000000008006c76       0x39 ../lib-network/lib_gd32/libnetwork.a(udp.o)
 .rodata._ZN10TFTPDaemon13HandleRequestEv.str1.1
                0x0000000008006caf       0x53 ../lib-network/lib_gd32/libnetwork.a(tftpdaemon.o)
 .rodata._ZN10TFTPDaemon14HandleRecvDataEv.str1.1
                0x0000000008006d02        0xd ../lib-network/lib_gd32/libnetwork.a(tftpdaemon.o)
 *fill*         0x0000000008006d0f        0x1 
 .rodata._ZTV10TFTPDaemon
                0x0000000008006d10       0x28 ../lib-network/lib_gd32/libnetwork.a(tftpdaemon.o)
                0x0000000008006d10                vtable for TFTPDaemon
 .rodata._ZN7NetworkC2Ev.str1.1
                0x0000000008006d38        0x5 ../lib-network/lib_gd32/libnetwork.a(network.o)
 .rodata._ZN7Network4InitEP18NetworkParamsStore.str1.1
                0x0000000008006d3d        0xc ../lib-network/lib_gd32/libnetwork.a(network.o)
 .rodata._ZN7Network5PrintEv.str1.1
                0x0000000008006d49       0xd7 ../lib-network/lib_gd32/libnetwork.a(network.o)
 .rodata.console_init.str1.1
                0x0000000008006e20        0xc ../lib-hal/lib_gd32/libhal.a(console_uart0.o)
 .rodata.console_set_fg_color.str1.1
                0x0000000008006e2c       0x1e ../lib-hal/lib_gd32/libhal.a(console_uart0.o)
 .rodata._ZN15FirmwareVersionC2EPKcS1_S1_.str1.1
                0x0000000008006e4a       0x24 ../lib-hal/lib_gd32/libhal.a(firmwareversion.o)
                                         0x2f (size before relaxing)
 .rodata.malloc.str1.1
                0x0000000008006e6e       0x53 ../lib-c/lib_gd32/libc.a(malloc.o)
 .rodata.free.str1.1
                0x0000000008006ec1       0x26 ../lib-c/lib_gd32/libc.a(malloc.o)
 *fill*         0x0000000008006ee7        0x1 
 .rodata.days_of_month
                0x0000000008006ee8       0x30 ../lib-c/lib_gd32/libc.a(time.o)
                0x0000000008006f18                . = ALIGN (0x4)

.ARM.extab
 *(.ARM.extab* .gnu.linkonce.armextab.*)

.ARM            0x0000000008006f18        0x8
                0x0000000008006f18                __exidx_start = .
 *(.ARM.exidx*)
 .ARM.exidx.text.__udivmoddi4
                0x0000000008006f18        0x8 /Users/arjanvanvught/Library/xPacks/@xpack-dev-tools/arm-none-eabi-gcc/11.3.1-1.1.2/.content/bin/../lib/gcc/arm-none-eabi/11.3.1/thumb/v7e-m+fp/hard/libgcc.a(_udivmoddi4.o)
                0x0000000008006f20                __exidx_end = .

.rel.dyn        0x0000000008006f20        0x0
 .rel.iplt      0x0000000008006f20        0x0 build_gd32/startup_gd32f450.o

.ARM.attributes
                0x0000000008006f20       0x35
 *(.ARM.attributes)
 .ARM.attributes
                0x0000000008006f20       0x21 build_gd32/startup_gd32f450.o
 .ARM.attributes
                0x0000000008006f41       0x34 build_gd32/firmware/main.o
 .ARM.attributes
                0x0000000008006f75       0x34 build_gd32/lib/networkdisplay.o
 .ARM.attributes
                0x0000000008006fa9       0x34 /Users/arjanvanvught/Library/xPacks/@xpack-dev-tools/arm-none-eabi-gcc/11.3.1-1.1.2/.content/bin/../lib/gcc/arm-none-eabi/11.3.1/thumb/v7e-m+fp/hard/libgcc.a(_popcountsi2.o)
 .ARM.attributes
                0x0000000008006fdd       0x34 ../lib-c/lib_gd32/libc.a(printf.o)
 .ARM.attributes
                0x0000000008007011       0x1e /Users/arjanvanvught/Library/xPacks/@xpack-dev-tools/arm-none-eabi-gcc/11.3.1-1.1.2/.content/bin/../lib/gcc/arm-none-eabi/11.3.1/thumb/v7e-m+fp/hard/libgcc.a(_aeabi_uldivmod.o)
 .ARM.attributes
                0x000000000800702f       0x34 /Users/arjanvanvught/Library/xPacks/@xpack-dev-tools/arm-none-eabi-gcc/11.3.1-1.1.2/.content/bin/../lib/gcc/arm-none-eabi/11.3.1/thumb/v7e-m+fp/hard/libgcc.a(_udivmoddi4.o)
 .ARM.attributes
                0x0000000008007063       0x1e /Users/arjanvanvught/Library/xPacks/@xpack-dev-tools/arm-none-eabi-gcc/11.3.1-1.1.2/.content/bin/../lib/gcc/arm-none-eabi/11.3.1/thumb/v7e-m+fp/hard/libgcc.a(_dvmd_tls.o)
 .ARM.attributes
                0x0000000008007081       0x34 ../lib-remoteconfig/lib_gd32/libremoteconfig.a(remoteconfig.o)
 .ARM.attributes
                0x00000000080070b5       0x34 ../lib-remoteconfig/lib_gd32/libremoteconfig.a(remoteconfigfactory.o)
 .ARM.attributes
                0x00000000080070e9       0x34 ../lib-remoteconfig/lib_gd32/libremoteconfig.a(remoteconfigparams.o)
 .ARM.attributes
                0x000000000800711d       0x34 ../lib-remoteconfig/lib_gd32/libremoteconfig.a(remoteconfigreboot.o)
 .ARM.attributes
                0x0000000008007151       0x34 ../lib-remoteconfig/lib_gd32/libremoteconfig.a(tftpfileserver.o)
 .ARM.attributes
                0x0000000008007185       0x34 ../lib-remoteconfig/lib_gd32/libremoteconfig.a(tftpfileserver.o)
 .ARM.attributes
                0x00000000080071b9       0x34 ../lib-flashcodeinstall/lib_gd32/libflashcodeinstall.a(flashcodeinstall.o)
 .ARM.attributes
                0x00000000080071ed       0x34 ../lib-flashcodeinstall/lib_gd32/libflashcodeinstall.a(flashcodeinstall.o)
 .ARM.attributes
                0x0000000008007221       0x34 ../lib-configstore/lib_gd32/libconfigstore.a(configstore.o)
 .ARM.attributes
                0x0000000008007255       0x34 ../lib-configstore/lib_gd32/libconfigstore.a(storenetwork.o)
 .ARM.attributes
                0x0000000008007289       0x34 ../lib-configstore/lib_gd32/libconfigstore.a(storeremoteconfig.o)
 .ARM.attributes
                0x00000000080072bd       0x34 ../lib-configstore/lib_gd32/libconfigstore.a(storedevice.o)
 .ARM.attributes
                0x00000000080072f1       0x34 ../lib-display/lib_gd32/libdisplay.a(display.o)
 .ARM.attributes
                0x0000000008007325       0x34 ../lib-display/lib_gd32/libdisplay.a(ssd1306.o)
 .ARM.attributes
                0x0000000008007359       0x34 ../lib-display/lib_gd32/libdisplay.a(display_timeout.o)
 .ARM.attributes
                0x000000000800738d       0x34 ../lib-flashcode/lib_gd32/libflashcode.a(flashcode.o)
 .ARM.attributes
                0x00000000080073c1       0x34 ../lib-flashcode/lib_gd32/libflashcode.a(flashcode.o)
 .ARM.attributes
                0x00000000080073f5       0x34 ../lib-flashcode/lib_gd32/libflashcode.a(fmc_operation.o)
 .ARM.attributes
                0x0000000008007429       0x34 ../lib-network/lib_gd32/libnetwork.a(net.o)
 .ARM.attributes
                0x000000000800745d       0x34 ../lib-network/lib_gd32/libnetwork.a(net_timers.o)
 .ARM.attributes
                0x0000000008007491       0x34 ../lib-network/lib_gd32/libnetwork.a(rfc3927.o)
 .ARM.attributes
                0x00000000080074c5       0x34 ../lib-network/lib_gd32/libnetwork.a(tcp.o)
 .ARM.attributes
                0x00000000080074f9       0x34 ../lib-network/lib_gd32/libnetwork.a(udp.o)
 .ARM.attributes
                0x000000000800752d       0x34 ../lib-network/lib_gd32/libnetwork.a(tftpdaemon.o)
 .ARM.attributes
                0x0000000008007561       0x34 ../lib-network/lib_gd32/libnetwork.a(network.o)
 .ARM.attributes
                0x0000000008007595       0x34 ../lib-network/lib_gd32/libnetwork.a(networkparams.o)
 .ARM.attributes
                0x00000000080075c9       0x34 ../lib-network/lib_gd32/libnetwork.a(networkparamsdump.o)
 .ARM.attributes
                0x00000000080075fd       0x34 ../lib-network/lib_gd32/libnetwork.a(arp.o)
 .ARM.attributes
                0x0000000008007631       0x34 ../lib-network/lib_gd32/libnetwork.a(arp_cache.o)
 .ARM.attributes
                0x0000000008007665       0x34 ../lib-network/lib_gd32/libnetwork.a(dhcp.o)
 .ARM.attributes
                0x0000000008007699       0x34 ../lib-network/lib_gd32/libnetwork.a(igmp.o)
 .ARM.attributes
                0x00000000080076cd       0x34 ../lib-network/lib_gd32/libnetwork.a(ip.o)
 .ARM.attributes
                0x0000000008007701       0x34 ../lib-network/lib_gd32/libnetwork.a(net_chksum.o)
 .ARM.attributes
                0x0000000008007735       0x34 ../lib-network/lib_gd32/libnetwork.a(net_link_check.o)
 .ARM.attributes
                0x0000000008007769       0x34 ../lib-network/lib_gd32/libnetwork.a(icmp.o)
 .ARM.attributes
                0x000000000800779d       0x34 ../lib-hal/lib_gd32/libhal.a(console_uart0.o)
 .ARM.attributes
                0x00000000080077d1       0x34 ../lib-hal/lib_gd32/libhal.a(firmwareversion.o)
 .ARM.attributes
                0x0000000008007805       0x34 ../lib-hal/lib_gd32/libhal.a(ledblink.o)
 .ARM.attributes
                0x0000000008007839       0x34 ../lib-hal/lib_gd32/libhal.a(hardware.o)
 .ARM.attributes
                0x000000000800786d       0x34 ../lib-c++/lib_gd32/libc++.a(delete.o)
 .ARM.attributes
                0x00000000080078a1       0x34 ../lib-c++/lib_gd32/libc++.a(new.o)
 .ARM.attributes
                0x00000000080078d5       0x34 ../lib-c/lib_gd32/libc.a(malloc.o)
 .ARM.attributes
                0x0000000008007909       0x34 ../lib-c/lib_gd32/libc.a(memmove.o)
 .ARM.attributes
                0x000000000800793d       0x34 ../lib-c/lib_gd32/libc.a(memset.o)
 .ARM.attributes
                0x0000000008007971       0x34 ../lib-c/lib_gd32/libc.a(puts.o)
 .ARM.attributes
                0x00000000080079a5       0x34 ../lib-c/lib_gd32/libc.a(time.o)
 .ARM.attributes
                0x00000000080079d9       0x34 ../lib-c/lib_gd32/libc.a(time.o)
 .ARM.attributes
                0x0000000008007a0d       0x34 ../lib-gd32/lib_gd32/libgd32.a(gd32_uart0.o)
 .ARM.attributes
                0x0000000008007a41       0x34 ../lib-gd32/lib_gd32/libgd32.a(systick.o)
 .ARM.attributes
                0x0000000008007a75       0x34 ../lib-gd32/lib_gd32/libgd32.a(system_gd32f4xx.o)
 .ARM.attributes
                0x0000000008007aa9       0x34 ../lib-gd32/lib_gd32/libgd32.a(gd32f4xx_enet.o)
 .ARM.attributes
                0x0000000008007add       0x34 ../lib-gd32/lib_gd32/libgd32.a(gd32f4xx_fmc.o)
 .ARM.attributes
                0x0000000008007b11       0x34 ../lib-gd32/lib_gd32/libgd32.a(gd32f4xx_fwdgt.o)
 .ARM.attributes
                0x0000000008007b45       0x34 ../lib-gd32/lib_gd32/libgd32.a(gd32f4xx_gpio.o)
 .ARM.attributes
                0x0000000008007b79       0x34 ../lib-gd32/lib_gd32/libgd32.a(gd32f4xx_pmu.o)
 .ARM.attributes
                0x0000000008007bad       0x34 ../lib-gd32/lib_gd32/libgd32.a(gd32f4xx_rcu.o)
 .ARM.attributes
                0x0000000008007be1       0x34 ../lib-gd32/lib_gd32/libgd32.a(gd32f4xx_syscfg.o)
 .ARM.attributes
                0x0000000008007c15       0x34 ../lib-gd32/lib_gd32/libgd32.a(gd32f4xx_timer.o)
 .ARM.attributes
                0x0000000008007c49       0x34 ../lib-gd32/lib_gd32/libgd32.a(gd32f4xx_usart.o)
 .ARM.attributes
                0x0000000008007c7d       0x34 ../lib-gd32/lib_gd32/libgd32.a(net.o)
 .ARM.attributes
                0x0000000008007cb1       0x34 ../lib-gd32/lib_gd32/libgd32.a(bkp.o)
 .ARM.attributes
                0x0000000008007ce5       0x34 ../lib-gd32/lib_gd32/libgd32.a(gd32_adc.o)
 .ARM.attributes
                0x0000000008007d19       0x34 ../lib-gd32/lib_gd32/libgd32.a(gd32_i2c.o)
 .ARM.attributes
                0x0000000008007d4d       0x34 ../lib-gd32/lib_gd32/libgd32.a(gd32_uart.o)
 .ARM.attributes
                0x0000000008007d81       0x34 ../lib-gd32/lib_gd32/libgd32.a(micros.o)
 .ARM.attributes
                0x0000000008007db5       0x34 ../lib-gd32/lib_gd32/libgd32.a(udelay.o)
 .ARM.attributes
                0x0000000008007de9       0x34 ../lib-gd32/lib_gd32/libgd32.a(emac.o)
 .ARM.attributes
                0x0000000008007e1d       0x34 ../lib-gd32/lib_gd32/libgd32.a(gd32f4xx_adc.o)
 .ARM.attributes
                0x0000000008007e51       0x34 ../lib-gd32/lib_gd32/libgd32.a(gd32f4xx_i2c.o)
 .ARM.attributes
                0x0000000008007e85       0x34 ../lib-gd32/lib_gd32/libgd32.a(mac_address.o)

.preinit_array  0x0000000008006f20        0x0
                [!provide]                        PROVIDE (__preinit_array_start = .)
 *(.preinit_array*)
                [!provide]                        PROVIDE (__preinit_array_end = .)

.init_array     0x0000000008006f20        0x0
                [!provide]                        PROVIDE (__init_array_start = .)
 *(SORT_BY_NAME(.init_array.*))
 *(.init_array*)
                [!provide]                        PROVIDE (__init_array_end = .)

.fini_array     0x0000000008006f20        0x0
                [!provide]                        PROVIDE (__fini_array_start = .)
 *(.fini_array*)
 *(SORT_BY_NAME(.fini_array.*))
                [!provide]                        PROVIDE (__fini_array_end = .)
                0x0000000008006f20                _sidata = LOADADDR (.data)

.data           0x0000000020000000       0xd0 load address 0x0000000008006f20
                0x0000000020000000                . = ALIGN (0x4)
                0x0000000020000000                _sdata = .
 *(.data)
 *(.data*)
 .data.s_multicast_mac
                0x0000000020000000        0x6 ../lib-network/lib_gd32/libnetwork.a(udp.o)
 *fill*         0x0000000020000006        0x2 
 .data.next_block
                0x0000000020000008        0x4 ../lib-c/lib_gd32/libc.a(malloc.o)
 .data.s_block_bucket
                0x000000002000000c       0xc0 ../lib-c/lib_gd32/libc.a(malloc.o)
 .data.SystemCoreClock
                0x00000000200000cc        0x4 ../lib-gd32/lib_gd32/libgd32.a(system_gd32f4xx.o)
                0x00000000200000cc                SystemCoreClock
                0x00000000200000d0                . = ALIGN (0x4)
                0x00000000200000d0                _edata = .

.igot.plt       0x00000000200000d0        0x0 load address 0x0000000008006ff0
 .igot.plt      0x00000000200000d0        0x0 build_gd32/startup_gd32f450.o
                0x00000000200000d0                . = ALIGN (0x4)

.bss            0x00000000200000d0     0x33d4 load address 0x0000000008006ff0
                0x00000000200000d0                _sbss = .
                0x00000000200000d0                __bss_start__ = _sbss
 *(.bss)
 *(.bss*)
 .bss.outptr    0x00000000200000d0        0x4 ../lib-c/lib_gd32/libc.a(printf.o)
 .bss._ZN12RemoteConfig12s_pUdpBufferE
                0x00000000200000d4        0x4 ../lib-remoteconfig/lib_gd32/libremoteconfig.a(remoteconfig.o)
                0x00000000200000d4                RemoteConfig::s_pUdpBuffer
 .bss._ZN12RemoteConfig21s_RemoteConfigListBinE
                0x00000000200000d8       0x21 ../lib-remoteconfig/lib_gd32/libremoteconfig.a(remoteconfig.o)
                0x00000000200000d8                RemoteConfig::s_RemoteConfigListBin
 *fill*         0x00000000200000f9        0x3 
 .bss._ZN12RemoteConfig7s_pThisE
                0x00000000200000fc        0x4 ../lib-remoteconfig/lib_gd32/libremoteconfig.a(remoteconfig.o)