Archive member included to satisfy reference by file (symbol)

/Applications/ArmGNUToolchain/11.3.rel1/arm-none-eabi/bin/../lib/gcc/arm-none-eabi/11.3.1/thumb/v7e-m+fp/hard/libgcc.a(_popcountsi2.o)
                              build_gd32/lib/networkdisplay.o (__popcountsi2)
../lib-c/lib_gd32/libc.a(printf.o)
                              build_gd32/firmware/main.o (vsnprintf)
/Applications/ArmGNUToolchain/11.3.rel1/arm-none-eabi/bin/../lib/gcc/arm-none-eabi/11.3.1/thumb/v7e-m+fp/hard/libgcc.a(_arm_truncdfsf2.o)
                              ../lib-c/lib_gd32/libc.a(printf.o) (__aeabi_d2f)
/Applications/ArmGNUToolchain/11.3.rel1/arm-none-eabi/bin/../lib/gcc/arm-none-eabi/11.3.1/thumb/v7e-m+fp/hard/libgcc.a(_aeabi_uldivmod.o)
                              ../lib-c/lib_gd32/libc.a(printf.o) (__aeabi_uldivmod)
/Applications/ArmGNUToolchain/11.3.rel1/arm-none-eabi/bin/../lib/gcc/arm-none-eabi/11.3.1/thumb/v7e-m+fp/hard/libgcc.a(_udivmoddi4.o)
                              /Applications/ArmGNUToolchain/11.3.rel1/arm-none-eabi/bin/../lib/gcc/arm-none-eabi/11.3.1/thumb/v7e-m+fp/hard/libgcc.a(_aeabi_uldivmod.o) (__udivmoddi4)
/Applications/ArmGNUToolchain/11.3.rel1/arm-none-eabi/bin/../lib/gcc/arm-none-eabi/11.3.1/thumb/v7e-m+fp/hard/libgcc.a(_dvmd_tls.o)
                              /Applications/ArmGNUToolchain/11.3.rel1/arm-none-eabi/bin/../lib/gcc/arm-none-eabi/11.3.1/thumb/v7e-m+fp/hard/libgcc.a(_aeabi_uldivmod.o) (__aeabi_ldiv0)
../lib-display/lib_gd32/libdisplay.a(display.o)
                              build_gd32/firmware/main.o (Display::Display(unsigned int))
../lib-display/lib_gd32/libdisplay.a(ssd1306.o)
                              ../lib-display/lib_gd32/libdisplay.a(display.o) (Ssd1306::Ssd1306(TOledPanel))
../lib-display/lib_gd32/libdisplay.a(display_timeout.o)
                              ../lib-display/lib_gd32/libdisplay.a(display.o) (display::timeout::gpio_init())
../lib-spiflashstore/lib_gd32/libspiflashstore.a(spiflashstore.o)
                              build_gd32/firmware/main.o (SpiFlashStore::SpiFlashStore())
../lib-spiflashstore/lib_gd32/libspiflashstore.a(storenetwork.o)
                              build_gd32/firmware/main.o (StoreNetwork::StoreNetwork())
../lib-spiflashstore/lib_gd32/libspiflashstore.a(storeremoteconfig.o)
                              build_gd32/firmware/main.o (StoreRemoteConfig::StoreRemoteConfig())
../lib-remoteconfig/lib_gd32/libremoteconfig.a(remoteconfig.o)
                              build_gd32/firmware/main.o (RemoteConfig::RemoteConfig(remoteconfig::Node, remoteconfig::Output, unsigned int))
../lib-remoteconfig/lib_gd32/libremoteconfig.a(remoteconfigfactory.o)
                              ../lib-remoteconfig/lib_gd32/libremoteconfig.a(remoteconfig.o) (RemoteConfig::HandleFactory())
../lib-remoteconfig/lib_gd32/libremoteconfig.a(remoteconfigparams.o)
                              build_gd32/firmware/main.o (RemoteConfigParams::RemoteConfigParams(RemoteConfigParamsStore*))
../lib-remoteconfig/lib_gd32/libremoteconfig.a(remoteconfigreboot.o)
                              ../lib-remoteconfig/lib_gd32/libremoteconfig.a(remoteconfig.o) (RemoteConfig::HandleReboot())
../lib-remoteconfig/lib_gd32/libremoteconfig.a(remoteconfigstatic.o)
                              ../lib-remoteconfig/lib_gd32/libremoteconfig.a(remoteconfig.o) (RemoteConfig::GetIndex(void const*, unsigned int&))
../lib-remoteconfig/lib_gd32/libremoteconfig.a(tftpfileserver.o)
                              ../lib-remoteconfig/lib_gd32/libremoteconfig.a(remoteconfig.o) (TFTPFileServer::TFTPFileServer(unsigned char*, unsigned int))
../lib-remoteconfig/lib_gd32/libremoteconfig.a(remoteconfigconst.o)
                              ../lib-remoteconfig/lib_gd32/libremoteconfig.a(remoteconfigparams.o) (RemoteConfigConst::PARAMS_DISPLAY_NAME)
../lib-remoteconfig/lib_gd32/libremoteconfig.a(tftpfileserver.o)
                              ../lib-remoteconfig/lib_gd32/libremoteconfig.a(tftpfileserver.o) (tftpfileserver::is_valid(void const*))
../lib-spiflashinstall/lib_gd32/libspiflashinstall.a(spiflashinstall.o)
                              build_gd32/firmware/main.o (SpiFlashInstall::SpiFlashInstall())
../lib-spiflashinstall/lib_gd32/libspiflashinstall.a(spiflashinstall.o)
                              ../lib-remoteconfig/lib_gd32/libremoteconfig.a(remoteconfig.o) (SpiFlashInstall::WriteFirmware(unsigned char const*, unsigned int))
../lib-spiflash/lib_gd32/libspiflash.a(spi_flash.o)
                              ../lib-spiflashstore/lib_gd32/libspiflashstore.a(spiflashstore.o) (spi_flash_get_name)
../lib-spiflash/lib_gd32/libspiflash.a(fmc_operation.o)
                              ../lib-spiflash/lib_gd32/libspiflash.a(spi_flash.o) (fmc_sector_info_get)
../lib-network/lib_gd32/libnetwork.a(net.o)
                              build_gd32/firmware/main.o (net_handle)
../lib-network/lib_gd32/libnetwork.a(net_timers.o)
[...]
Memory Configuration

Name             Origin             Length             Attributes
FLASH            0x0000000008000000 0x0000000000008000 xr
TCMSRAM          0x0000000010000000 0x0000000000010000 rw
RAM              0x0000000020000000 0x0000000000030000 xrw
RAMADD           0x0000000020030000 0x0000000000040000 xrw
BKPSRAM          0x0000000040024000 0x0000000000001000 rw
*default*        0x0000000000000000 0xffffffffffffffff

Linker script and memory map

LOAD build_gd32/startup_gd32f450.o
LOAD build_gd32/firmware/main.o
LOAD build_gd32/lib/networkdisplay.o
LOAD build_gd32/lib/ntpclientdisplay.o
                0x000000000003fc00                __heap_size = DEFINED (__heap_size)?__heap_size:0x3fc00
                0x0000000000000400                __stack_size = DEFINED (__stack_size)?__stack_size:0x400

.vectors        0x0000000008000000      0x1ac
                0x0000000008000000                . = ALIGN (0x4)
 *(.vectors)
 .vectors       0x0000000008000000      0x1ac build_gd32/startup_gd32f450.o
                0x0000000008000000                __gVectors
                0x00000000080001ac                . = ALIGN (0x4)
                0x00000000080001ac                __Vectors_End = .
                0x00000000080001ac                __Vectors_Size = (__Vectors_End - __gVectors)

.text           0x00000000080001ac     0x625c
                0x00000000080001ac                . = ALIGN (0x4)
 *(.text.unlikely*)
 .text.unlikely.net_init
                0x00000000080001ac       0x98 ../lib-network/lib_gd32/libnetwork.a(net.o)
                0x00000000080001ac                net_init
 .text.unlikely.net_shutdown
                0x0000000008000244       0x1c ../lib-network/lib_gd32/libnetwork.a(net.o)
                0x0000000008000244                net_shutdown
 .text.unlikely.rfc3927_init
                0x0000000008000260       0x18 ../lib-network/lib_gd32/libnetwork.a(rfc3927.o)
                0x0000000008000260                rfc3927_init
 .text.unlikely.tcp_init
                0x0000000008000278       0x44 ../lib-network/lib_gd32/libnetwork.a(tcp.o)
                0x0000000008000278                tcp_init
 .text.unlikely.udp_init
                0x00000000080002bc       0x50 ../lib-network/lib_gd32/libnetwork.a(udp.o)
                0x00000000080002bc                udp_init
 .text.unlikely.udp_shutdown
                0x000000000800030c        0x2 ../lib-network/lib_gd32/libnetwork.a(udp.o)
                0x000000000800030c                udp_shutdown
 *fill*         0x000000000800030e        0x2 
 .text.unlikely.arp_init
                0x0000000008000310       0xf8 ../lib-network/lib_gd32/libnetwork.a(arp.o)
                0x0000000008000310                arp_init
 .text.unlikely.arp_cache_init
                0x0000000008000408       0x30 ../lib-network/lib_gd32/libnetwork.a(arp_cache.o)
                0x0000000008000408                arp_cache_init
 .text.unlikely.igmp_init
                0x0000000008000438       0xa8 ../lib-network/lib_gd32/libnetwork.a(igmp.o)
                0x0000000008000438                igmp_init
 .text.unlikely.igmp_shutdown
                0x00000000080004e0       0x1c ../lib-network/lib_gd32/libnetwork.a(igmp.o)
                0x00000000080004e0                igmp_shutdown
 .text.unlikely.ip_init
                0x00000000080004fc       0x16 ../lib-network/lib_gd32/libnetwork.a(ip.o)
                0x00000000080004fc                ip_init
 .text.unlikely.ip_shutdown
                0x0000000008000512        0xe ../lib-network/lib_gd32/libnetwork.a(ip.o)
                0x0000000008000512                ip_shutdown
 .text.unlikely.console_init
                0x0000000008000520       0x20 ../lib-hal/lib_gd32/libhal.a(console_uart0.o)
                0x0000000008000520                console_init
 *(.text.hot*)
 .text.hot.net_handle
                0x0000000008000540       0x38 ../lib-network/lib_gd32/libnetwork.a(net.o)
                0x0000000008000540                net_handle
 .text.hot.udp_handle
                0x0000000008000578       0xac ../lib-network/lib_gd32/libnetwork.a(udp.o)
                0x0000000008000578                udp_handle
 .text.hot.arp_handle
                0x0000000008000624       0x18 ../lib-network/lib_gd32/libnetwork.a(arp.o)
                0x0000000008000624                arp_handle
 .text.hot.igmp_handle
                0x000000000800063c       0x9c ../lib-network/lib_gd32/libnetwork.a(igmp.o)
                0x000000000800063c                igmp_handle
 .text.hot.ip_handle
                0x00000000080006d8       0x26 ../lib-network/lib_gd32/libnetwork.a(ip.o)
                0x00000000080006d8                ip_handle
 *fill*         0x00000000080006fe        0x2 
 .text.hot.icmp_handle
                0x0000000008000700       0x98 ../lib-network/lib_gd32/libnetwork.a(icmp.o)
                0x0000000008000700                icmp_handle
 *(.text)
 .text          0x0000000008000798       0x58 build_gd32/startup_gd32f450.o
                0x00000000080007ac                Reset_Handler
 .text          0x00000000080007f0       0xa0 /Applications/ArmGNUToolchain/11.3.rel1/arm-none-eabi/bin/../lib/gcc/arm-none-eabi/11.3.1/thumb/v7e-m+fp/hard/libgcc.a(_arm_truncdfsf2.o)
                0x00000000080007f0                __aeabi_d2f
                0x00000000080007f0                __truncdfsf2
 .text          0x0000000008000890       0x30 /Applications/ArmGNUToolchain/11.3.rel1/arm-none-eabi/bin/../lib/gcc/arm-none-eabi/11.3.1/thumb/v7e-m+fp/hard/libgcc.a(_aeabi_uldivmod.o)
                0x0000000008000890                __aeabi_uldivmod
 .text          0x00000000080008c0        0x4 /Applications/ArmGNUToolchain/11.3.rel1/arm-none-eabi/bin/../lib/gcc/arm-none-eabi/11.3.1/thumb/v7e-m+fp/hard/libgcc.a(_dvmd_tls.o)
                0x00000000080008c0                __aeabi_ldiv0
                0x00000000080008c0                __aeabi_idiv0
 *(.text*)
 .text.Default_Handler
                0x00000000080008c4        0x2 build_gd32/startup_gd32f450.o
                0x00000000080008c4                USBHS_EP1_Out_IRQHandler
                0x00000000080008c4                EXTI2_IRQHandler
                0x00000000080008c4                TIMER2_IRQHandler
                0x00000000080008c4                DebugMon_Handler
                0x00000000080008c4                LVD_IRQHandler
                0x00000000080008c4                SPI4_IRQHandler
                0x00000000080008c4                CAN1_EWMC_IRQHandler
                0x00000000080008c4                HardFault_Handler
                0x00000000080008c4                TIMER7_UP_TIMER12_IRQHandler
                0x00000000080008c4                SDIO_IRQHandler
                0x00000000080008c4                PendSV_Handler
                0x00000000080008c4                NMI_Handler
                0x00000000080008c4                EXTI3_IRQHandler
                0x00000000080008c4                DCI_IRQHandler
                0x00000000080008c4                USBFS_WKUP_IRQHandler
                0x00000000080008c4                USBHS_IRQHandler
                0x00000000080008c4                IPA_IRQHandler
                0x00000000080008c4                TIMER5_DAC_IRQHandler
                0x00000000080008c4                TIMER0_TRG_CMT_TIMER10_IRQHandler
                0x00000000080008c4                USBFS_IRQHandler
                0x00000000080008c4                TIMER3_IRQHandler
                0x00000000080008c4                DMA0_Channel6_IRQHandler
                0x00000000080008c4                I2C0_EV_IRQHandler
                0x00000000080008c4                EXTI0_IRQHandler
                0x00000000080008c4                I2C2_EV_IRQHandler
                0x00000000080008c4                CAN1_RX0_IRQHandler
                0x00000000080008c4                FPU_IRQHandler
                0x00000000080008c4                TIMER7_TRG_CMT_TIMER13_IRQHandler
                0x00000000080008c4                UsageFault_Handler
                0x00000000080008c4                TIMER4_IRQHandler
                0x00000000080008c4                SPI1_IRQHandler
                0x00000000080008c4                DMA0_Channel0_IRQHandler
                0x00000000080008c4                USART5_IRQHandler
                0x00000000080008c4                TIMER0_BRK_TIMER8_IRQHandler
                0x00000000080008c4                DMA1_Channel0_IRQHandler
                0x00000000080008c4                TIMER7_BRK_TIMER11_IRQHandler
                0x00000000080008c4                TIMER6_IRQHandler
                0x00000000080008c4                DMA1_Channel4_IRQHandler
                0x00000000080008c4                DMA0_Channel3_IRQHandler
                0x00000000080008c4                I2C0_ER_IRQHandler
                0x00000000080008c4                TLI_IRQHandler
                0x00000000080008c4                TIMER0_UP_TIMER9_IRQHandler
                0x00000000080008c4                DMA1_Channel7_IRQHandler
                0x00000000080008c4                CAN1_RX1_IRQHandler
                0x00000000080008c4                DMA0_Channel2_IRQHandler
                0x00000000080008c4                USART0_IRQHandler
                0x00000000080008c4                TIMER1_IRQHandler
                0x00000000080008c4                I2C1_EV_IRQHandler
                0x00000000080008c4                DMA1_Channel6_IRQHandler
                0x00000000080008c4                UART4_IRQHandler
                0x00000000080008c4                EXTI10_15_IRQHandler
                0x00000000080008c4                DMA1_Channel1_IRQHandler
                0x00000000080008c4                Default_Handler
                0x00000000080008c4                TIMER7_Channel_IRQHandler
                0x00000000080008c4                DMA0_Channel7_IRQHandler
                0x00000000080008c4                ADC_IRQHandler
                0x00000000080008c4                CAN0_TX_IRQHandler
                0x00000000080008c4                WWDGT_IRQHandler
                0x00000000080008c4                EXMC_IRQHandler
                0x00000000080008c4                SPI5_IRQHandler
                0x00000000080008c4                TAMPER_STAMP_IRQHandler
                0x00000000080008c4                RTC_WKUP_IRQHandler
                0x00000000080008c4                SPI2_IRQHandler
                0x00000000080008c4                MemManage_Handler
                0x00000000080008c4                CAN1_TX_IRQHandler
                0x00000000080008c4                SVC_Handler
                0x00000000080008c4                RCU_CTC_IRQHandler
                0x00000000080008c4                DMA1_Channel5_IRQHandler
                0x00000000080008c4                EXTI4_IRQHandler
                0x00000000080008c4                CAN0_RX1_IRQHandler
                0x00000000080008c4                DMA0_Channel5_IRQHandler
                0x00000000080008c4                DMA1_Channel3_IRQHandler
                0x00000000080008c4                EXTI5_9_IRQHandler
                0x00000000080008c4                DMA0_Channel1_IRQHandler
                0x00000000080008c4                TIMER0_Channel_IRQHandler
                0x00000000080008c4                EXTI1_IRQHandler
                0x00000000080008c4                ENET_WKUP_IRQHandler
                0x00000000080008c4                USBHS_EP1_In_IRQHandler
                0x00000000080008c4                SPI0_IRQHandler
                0x00000000080008c4                UART7_IRQHandler
                0x00000000080008c4                USART2_IRQHandler
                0x00000000080008c4                UART6_IRQHandler
                0x00000000080008c4                CAN0_EWMC_IRQHandler
                0x00000000080008c4                CAN0_RX0_IRQHandler
                0x00000000080008c4                I2C2_ER_IRQHandler
                0x00000000080008c4                DMA1_Channel2_IRQHandler
                0x00000000080008c4                TLI_ER_IRQHandler
                0x00000000080008c4                BusFault_Handler
                0x00000000080008c4                USART1_IRQHandler
                0x00000000080008c4                SPI3_IRQHandler
                0x00000000080008c4                UART3_IRQHandler
                0x00000000080008c4                I2C1_ER_IRQHandler
                0x00000000080008c4                FMC_IRQHandler
                0x00000000080008c4                USBHS_WKUP_IRQHandler
                0x00000000080008c4                DMA0_Channel4_IRQHandler
                0x00000000080008c4                TRNG_IRQHandler
                0x00000000080008c4                ENET_IRQHandler
                0x00000000080008c4                RTC_Alarm_IRQHandler
 .text._ZN7Display6PrintfEhPKcz
                0x00000000080008c6       0x38 build_gd32/firmware/main.o
                0x00000000080008c6                Display::Printf(unsigned char, char const*, ...)
 .text._ZN8Hardware13RebootHandlerEv
                0x00000000080008fe        0x2 build_gd32/firmware/main.o
                0x00000000080008fe                Hardware::RebootHandler()
 .text.startup.main
                0x0000000008000900      0x1d8 build_gd32/firmware/main.o
                0x0000000008000900                main
 .text._ZN7Display9PutStringEPKc.isra.0
                0x0000000008000ad8        0xa build_gd32/lib/networkdisplay.o
 .text._ZN7Display9ClearLineEh.isra.0
                0x0000000008000ae2        0xa build_gd32/lib/networkdisplay.o
 .text._ZN7Display6StatusE22Display7SegmentMessage
                0x0000000008000aec       0x34 build_gd32/lib/networkdisplay.o
                0x0000000008000aec                Display::Status(Display7SegmentMessage)
 .text._ZN14NetworkDisplay13ShowEmacStartEv
                0x0000000008000b20       0x24 build_gd32/lib/networkdisplay.o
                0x0000000008000b20                NetworkDisplay::ShowEmacStart()
 .text._ZN14NetworkDisplay6ShowIpEv
                0x0000000008000b44       0x68 build_gd32/lib/networkdisplay.o
                0x0000000008000b44                NetworkDisplay::ShowIp()
 .text._ZN14NetworkDisplay12ShowShutdownEv
                0x0000000008000bac       0x24 build_gd32/lib/networkdisplay.o
                0x0000000008000bac                NetworkDisplay::ShowShutdown()
 .text._ZN14NetworkDisplay14ShowDhcpStatusEN7network4dhcp12ClientStatusE
                0x0000000008000bd0       0x70 build_gd32/lib/networkdisplay.o
                0x0000000008000bd0                NetworkDisplay::ShowDhcpStatus(network::dhcp::ClientStatus)
 .text.__popcountsi2
                0x0000000008000c40       0x28 /Applications/ArmGNUToolchain/11.3.rel1/arm-none-eabi/bin/../lib/gcc/arm-none-eabi/11.3.1/thumb/v7e-m+fp/hard/libgcc.a(_popcountsi2.o)
                0x0000000008000c40                __popcountsi2
 .text._itostr  0x0000000008000c68       0x74 ../lib-c/lib_gd32/libc.a(printf.o)
 .text._xputch  0x0000000008000cdc       0x30 ../lib-c/lib_gd32/libc.a(printf.o)
 .text._format_int
                0x0000000008000d0c       0xd4 ../lib-c/lib_gd32/libc.a(printf.o)
 .text._format_hex
                0x0000000008000de0       0xba ../lib-c/lib_gd32/libc.a(printf.o)
 *fill*         0x0000000008000e9a        0x2 
 .text._vprintf
                0x0000000008000e9c      0x3b8 ../lib-c/lib_gd32/libc.a(printf.o)
 .text.printf   0x0000000008001254       0x1e ../lib-c/lib_gd32/libc.a(printf.o)
                0x0000000008001254                printf
 *fill*         0x0000000008001272        0x2 
 .text.snprintf
                0x0000000008001274       0x30 ../lib-c/lib_gd32/libc.a(printf.o)
                0x0000000008001274                snprintf
 .text.vsnprintf
                0x00000000080012a4       0x20 ../lib-c/lib_gd32/libc.a(printf.o)
                0x00000000080012a4                vsnprintf
 .text.__udivmoddi4
                0x00000000080012c4      0x2c8 /Applications/ArmGNUToolchain/11.3.rel1/arm-none-eabi/bin/../lib/gcc/arm-none-eabi/11.3.1/thumb/v7e-m+fp/hard/libgcc.a(_udivmoddi4.o)
                0x00000000080012c4                __udivmoddi4
 .text._ZN7Display9PrintInfoEv.isra.0
                0x000000000800158c       0x14 ../lib-display/lib_gd32/libdisplay.a(display.o)
 .text._ZN7HAL_I2C13WriteRegisterEht
                0x00000000080015a0       0x2a ../lib-display/lib_gd32/libdisplay.a(display.o)
                0x00000000080015a0                HAL_I2C::WriteRegister(unsigned char, unsigned short)
 .text._ZN7HAL_I2C12IsConnected_Ehj
                0x00000000080015ca       0x3c ../lib-display/lib_gd32/libdisplay.a(display.o)
                0x00000000080015ca                HAL_I2C::IsConnected_(unsigned char, unsigned int)
 .text._ZN7Display14Detect7SegmentEv
                0x0000000008001606       0x32 ../lib-display/lib_gd32/libdisplay.a(display.o)
                0x0000000008001606                Display::Detect7Segment()
 .text._ZN7Display6DetectEj
                0x0000000008001638       0x58 ../lib-display/lib_gd32/libdisplay.a(display.o)
                0x0000000008001638                Display::Detect(unsigned int)
 .text._ZN7DisplayC2Ej
                0x0000000008001690       0x50 ../lib-display/lib_gd32/libdisplay.a(display.o)
                0x0000000008001690                Display::Display(unsigned int)
                0x0000000008001690                Display::Display(unsigned int)
 .text._ZN7Ssd1306D2Ev
                0x00000000080016e0        0x2 ../lib-display/lib_gd32/libdisplay.a(ssd1306.o)
                0x00000000080016e0                Ssd1306::~Ssd1306()
                0x00000000080016e0                Ssd1306::~Ssd1306()
 .text._ZN7Ssd13069SetCursorEj
                0x00000000080016e2        0x2 ../lib-display/lib_gd32/libdisplay.a(ssd1306.o)
                0x00000000080016e2                Ssd1306::SetCursor(unsigned int)
 .text._ZN7Ssd13069PrintInfoEv
                0x00000000080016e4       0x28 ../lib-display/lib_gd32/libdisplay.a(ssd1306.o)
                0x00000000080016e4                Ssd1306::PrintInfo()
 .text._ZN7Ssd1306D0Ev
                0x000000000800170c        0xc ../lib-display/lib_gd32/libdisplay.a(ssd1306.o)
                0x000000000800170c                Ssd1306::~Ssd1306()
 .text._ZN7HAL_I2C5SetupEv
                0x0000000008001718       0x14 ../lib-display/lib_gd32/libdisplay.a(ssd1306.o)
                0x0000000008001718                HAL_I2C::Setup()
 .text._ZN7Ssd13067PutCharEi
                0x000000000800172c       0x2c ../lib-display/lib_gd32/libdisplay.a(ssd1306.o)
                0x000000000800172c                Ssd1306::PutChar(int)
 .text._ZN7Ssd13069PutStringEPKc
                0x0000000008001758       0x16 ../lib-display/lib_gd32/libdisplay.a(ssd1306.o)
                0x0000000008001758                Ssd1306::PutString(char const*)
 .text._ZN7Ssd13064TextEPKcj
                0x000000000800176e       0x22 ../lib-display/lib_gd32/libdisplay.a(ssd1306.o)
                0x000000000800176e                Ssd1306::Text(char const*, unsigned int)
 .text._ZN7Ssd130611InitMembersEv
                0x0000000008001790       0x22 ../lib-display/lib_gd32/libdisplay.a(ssd1306.o)
                0x0000000008001790                Ssd1306::InitMembers()
 *fill*         0x00000000080017b2        0x2 
 .text._ZN7Ssd1306C2E10TOledPanel
                0x00000000080017b4       0x30 ../lib-display/lib_gd32/libdisplay.a(ssd1306.o)
                0x00000000080017b4                Ssd1306::Ssd1306(TOledPanel)
                0x00000000080017b4                Ssd1306::Ssd1306(TOledPanel)
 .text._ZN7Ssd130611SendCommandEh
                0x00000000080017e4       0x20 ../lib-display/lib_gd32/libdisplay.a(ssd1306.o)
                0x00000000080017e4                Ssd1306::SendCommand(unsigned char)
 .text._ZN7Ssd130612SetCursorPosEhh
                0x0000000008001804       0x48 ../lib-display/lib_gd32/libdisplay.a(ssd1306.o)
                0x0000000008001804                Ssd1306::SetCursorPos(unsigned char, unsigned char)
 .text._ZN7Ssd13068TextLineEhPKcj
                0x000000000800184c       0x28 ../lib-display/lib_gd32/libdisplay.a(ssd1306.o)
                0x000000000800184c                Ssd1306::TextLine(unsigned char, char const*, unsigned int)
 .text._ZN7Ssd13069ClearLineEh
                0x0000000008001874       0x40 ../lib-display/lib_gd32/libdisplay.a(ssd1306.o)
                0x0000000008001874                Ssd1306::ClearLine(unsigned char)
 .text._ZN7Ssd13068SetSleepEb
                0x00000000080018b4        0xc ../lib-display/lib_gd32/libdisplay.a(ssd1306.o)
                0x00000000080018b4                Ssd1306::SetSleep(bool)
 .text._ZN7Ssd130611SetContrastEh
                0x00000000080018c0       0x1a ../lib-display/lib_gd32/libdisplay.a(ssd1306.o)
                0x00000000080018c0                Ssd1306::SetContrast(unsigned char)
 .text._ZN7Ssd130617SetFlipVerticallyEb
                0x00000000080018da       0x24 ../lib-display/lib_gd32/libdisplay.a(ssd1306.o)
                0x00000000080018da                Ssd1306::SetFlipVertically(bool)
 *fill*         0x00000000080018fe        0x2 
 .text._ZN7Ssd130611CheckSH1106Ev
                0x0000000008001900       0xac ../lib-display/lib_gd32/libdisplay.a(ssd1306.o)
                0x0000000008001900                Ssd1306::CheckSH1106()
 .text._ZN7Ssd13063ClsEv
                0x00000000080019ac       0x78 ../lib-display/lib_gd32/libdisplay.a(ssd1306.o)
                0x00000000080019ac                Ssd1306::Cls()
 .text._ZN7Ssd13065StartEv
                0x0000000008001a24       0xb4 ../lib-display/lib_gd32/libdisplay.a(ssd1306.o)
                0x0000000008001a24                Ssd1306::Start()
 .text._ZN7display7timeout9gpio_initEv
                0x0000000008001ad8        0x2 ../lib-display/lib_gd32/libdisplay.a(display_timeout.o)
                0x0000000008001ad8                display::timeout::gpio_init()
 *fill*         0x0000000008001ada        0x2 
 .text._ZN13SpiFlashStore14GetStoreOffsetEN13spiflashstore5StoreE
                0x0000000008001adc       0x1c ../lib-spiflashstore/lib_gd32/libspiflashstore.a(spiflashstore.o)
                0x0000000008001adc                SpiFlashStore::GetStoreOffset(spiflashstore::Store)
 .text._ZN13SpiFlashStore4InitEv
                0x0000000008001af8      0x11c ../lib-spiflashstore/lib_gd32/libspiflashstore.a(spiflashstore.o)
                0x0000000008001af8                SpiFlashStore::Init()
 .text._ZN13SpiFlashStoreC2Ev
                0x0000000008001c14       0x70 ../lib-spiflashstore/lib_gd32/libspiflashstore.a(spiflashstore.o)
                0x0000000008001c14                SpiFlashStore::SpiFlashStore()
                0x0000000008001c14                SpiFlashStore::SpiFlashStore()
 .text._ZN13SpiFlashStore12ResetSetListEN13spiflashstore5StoreE
                0x0000000008001c84       0x24 ../lib-spiflashstore/lib_gd32/libspiflashstore.a(spiflashstore.o)
                0x0000000008001c84                SpiFlashStore::ResetSetList(spiflashstore::Store)
 .text._ZN13SpiFlashStore6UpdateEN13spiflashstore5StoreEjPKvjjj
                0x0000000008001ca8       0x70 ../lib-spiflashstore/lib_gd32/libspiflashstore.a(spiflashstore.o)
                0x0000000008001ca8                SpiFlashStore::Update(spiflashstore::Store, unsigned int, void const*, unsigned int, unsigned int, unsigned int)
 .text._ZN13SpiFlashStore4CopyEN13spiflashstore5StoreEPvjj
                0x0000000008001d18       0x68 ../lib-spiflashstore/lib_gd32/libspiflashstore.a(spiflashstore.o)
                0x0000000008001d18                SpiFlashStore::Copy(spiflashstore::Store, void*, unsigned int, unsigned int)
 .text._ZN13SpiFlashStore5FlashEv
                0x0000000008001d80       0x58 ../lib-spiflashstore/lib_gd32/libspiflashstore.a(spiflashstore.o)
                0x0000000008001d80                SpiFlashStore::Flash()
 .text._ZN12StoreNetworkD2Ev
                0x0000000008001dd8        0x6 ../lib-spiflashstore/lib_gd32/libspiflashstore.a(storenetwork.o)
                0x0000000008001dd8                StoreNetwork::~StoreNetwork()
                0x0000000008001dd8                StoreNetwork::~StoreNetwork()
                0x0000000008001dda                non-virtual thunk to StoreNetwork::~StoreNetwork()
 *fill*         0x0000000008001dde        0x2 
 .text._ZN12StoreNetwork6UpdateEPKN13networkparams6ParamsE
                0x0000000008001de0       0x24 ../lib-spiflashstore/lib_gd32/libspiflashstore.a(storenetwork.o)
                0x0000000008001de0                StoreNetwork::Update(networkparams::Params const*)
 .text._ZN12StoreNetwork8SaveDhcpEb
                0x0000000008001e04       0x30 ../lib-spiflashstore/lib_gd32/libspiflashstore.a(storenetwork.o)
                0x0000000008001e04                StoreNetwork::SaveDhcp(bool)
                0x0000000008001e2c                non-virtual thunk to StoreNetwork::SaveDhcp(bool)
 .text._ZN12StoreNetwork13SaveGatewayIpEj
                0x0000000008001e34       0x30 ../lib-spiflashstore/lib_gd32/libspiflashstore.a(storenetwork.o)
                0x0000000008001e34                StoreNetwork::SaveGatewayIp(unsigned int)
                0x0000000008001e5c                non-virtual thunk to StoreNetwork::SaveGatewayIp(unsigned int)
 .text._ZN12StoreNetwork11SaveNetMaskEj
                0x0000000008001e64       0x2c ../lib-spiflashstore/lib_gd32/libspiflashstore.a(storenetwork.o)
                0x0000000008001e64                StoreNetwork::SaveNetMask(unsigned int)
                0x0000000008001e88                non-virtual thunk to StoreNetwork::SaveNetMask(unsigned int)
 .text._ZN12StoreNetwork6SaveIpEj
                0x0000000008001e90       0x2c ../lib-spiflashstore/lib_gd32/libspiflashstore.a(storenetwork.o)
                0x0000000008001e90                StoreNetwork::SaveIp(unsigned int)
                0x0000000008001eb4                non-virtual thunk to StoreNetwork::SaveIp(unsigned int)
 .text._ZN12StoreNetwork12SaveHostNameEPKcj
                0x0000000008001ebc       0x34 ../lib-spiflashstore/lib_gd32/libspiflashstore.a(storenetwork.o)
                0x0000000008001ebc                StoreNetwork::SaveHostName(char const*, unsigned int)
                0x0000000008001ee8                non-virtual thunk to StoreNetwork::SaveHostName(char const*, unsigned int)
 .text._ZN12StoreNetworkD0Ev
                0x0000000008001ef0       0x12 ../lib-spiflashstore/lib_gd32/libspiflashstore.a(storenetwork.o)
                0x0000000008001ef0                StoreNetwork::~StoreNetwork()
                0x0000000008001efc                non-virtual thunk to StoreNetwork::~StoreNetwork()
 *fill*         0x0000000008001f02        0x2 
 .text._ZN12StoreNetwork4CopyEPN13networkparams6ParamsE
                0x0000000008001f04       0x1c ../lib-spiflashstore/lib_gd32/libspiflashstore.a(storenetwork.o)
                0x0000000008001f04                StoreNetwork::Copy(networkparams::Params*)
 .text._ZN12StoreNetworkC2Ev
                0x0000000008001f20       0x18 ../lib-spiflashstore/lib_gd32/libspiflashstore.a(storenetwork.o)
                0x0000000008001f20                StoreNetwork::StoreNetwork()
                0x0000000008001f20                StoreNetwork::StoreNetwork()
 .text._ZN17StoreRemoteConfigD2Ev
                0x0000000008001f38        0x2 ../lib-spiflashstore/lib_gd32/libspiflashstore.a(storeremoteconfig.o)
                0x0000000008001f38                StoreRemoteConfig::~StoreRemoteConfig()
                0x0000000008001f38                StoreRemoteConfig::~StoreRemoteConfig()
 *fill*         0x0000000008001f3a        0x2 
 .text._ZN17StoreRemoteConfig4CopyEP19TRemoteConfigParams
                0x0000000008001f3c       0x20 ../lib-spiflashstore/lib_gd32/libspiflashstore.a(storeremoteconfig.o)
                0x0000000008001f3c                StoreRemoteConfig::Copy(TRemoteConfigParams*)
 .text._ZN17StoreRemoteConfig6UpdateEPK19TRemoteConfigParams
                0x0000000008001f5c       0x24 ../lib-spiflashstore/lib_gd32/libspiflashstore.a(storeremoteconfig.o)
                0x0000000008001f5c                StoreRemoteConfig::Update(TRemoteConfigParams const*)
 .text._ZN17StoreRemoteConfigD0Ev
                0x0000000008001f80        0xc ../lib-spiflashstore/lib_gd32/libspiflashstore.a(storeremoteconfig.o)
                0x0000000008001f80                StoreRemoteConfig::~StoreRemoteConfig()
 .text._ZN17StoreRemoteConfigC2Ev
                0x0000000008001f8c       0x14 ../lib-spiflashstore/lib_gd32/libspiflashstore.a(storeremoteconfig.o)
                0x0000000008001f8c                StoreRemoteConfig::StoreRemoteConfig()
                0x0000000008001f8c                StoreRemoteConfig::StoreRemoteConfig()
 .text._ZN12RemoteConfig10HandleListEv
                0x0000000008001fa0       0xd0 ../lib-remoteconfig/lib_gd32/libremoteconfig.a(remoteconfig.o)
                0x0000000008001fa0                RemoteConfig::HandleList()
 .text._ZN12RemoteConfig13HandleTftpGetEv
                0x0000000008002070       0x50 ../lib-remoteconfig/lib_gd32/libremoteconfig.a(remoteconfig.o)
                0x0000000008002070                RemoteConfig::HandleTftpGet()
 .text._ZN12RemoteConfig13HandleVersionEv
                0x00000000080020c0       0x40 ../lib-remoteconfig/lib_gd32/libremoteconfig.a(remoteconfig.o)
                0x00000000080020c0                RemoteConfig::HandleVersion()
 .text._ZN12RemoteConfig12HandleUptimeEv
                0x0000000008002100       0x4c ../lib-remoteconfig/lib_gd32/libremoteconfig.a(remoteconfig.o)
                0x0000000008002100                RemoteConfig::HandleUptime()
 .text._ZN7Display10TextStatusEPKc
                0x000000000800214c       0x7a ../lib-remoteconfig/lib_gd32/libremoteconfig.a(remoteconfig.o)
                0x000000000800214c                Display::TextStatus(char const*)
 .text._ZN7Display10TextStatusEPKc22Display7SegmentMessagej
                0x00000000080021c6       0x50 ../lib-remoteconfig/lib_gd32/libremoteconfig.a(remoteconfig.o)
                0x00000000080021c6                Display::TextStatus(char const*, Display7SegmentMessage, unsigned int)
 *fill*         0x0000000008002216        0x2 
 .text._ZN12RemoteConfig13HandleTftpSetEv
                0x0000000008002218      0x118 ../lib-remoteconfig/lib_gd32/libremoteconfig.a(remoteconfig.o)
                0x0000000008002218                RemoteConfig::HandleTftpSet()
 .text._ZN12RemoteConfigC2EN12remoteconfig4NodeENS0_6OutputEj
                0x0000000008002330       0x6c ../lib-remoteconfig/lib_gd32/libremoteconfig.a(remoteconfig.o)
                0x0000000008002330                RemoteConfig::RemoteConfig(remoteconfig::Node, remoteconfig::Output, unsigned int)
                0x0000000008002330                RemoteConfig::RemoteConfig(remoteconfig::Node, remoteconfig::Output, unsigned int)
 .text._ZN12RemoteConfig10SetDisableEb
                0x000000000800239c       0x40 ../lib-remoteconfig/lib_gd32/libremoteconfig.a(remoteconfig.o)
                0x000000000800239c                RemoteConfig::SetDisable(bool)
 .text._ZN12RemoteConfig14SetDisplayNameEPKc
                0x00000000080023dc       0x30 ../lib-remoteconfig/lib_gd32/libremoteconfig.a(remoteconfig.o)
                0x00000000080023dc                RemoteConfig::SetDisplayName(char const*)
 .text._ZN12RemoteConfig3RunEv
                0x000000000800240c      0x118 ../lib-remoteconfig/lib_gd32/libremoteconfig.a(remoteconfig.o)
                0x000000000800240c                RemoteConfig::Run()
 .text._ZN12RemoteConfig8TftpExitEv
                0x0000000008002524       0x14 ../lib-remoteconfig/lib_gd32/libremoteconfig.a(remoteconfig.o)
                0x0000000008002524                RemoteConfig::TftpExit()
 .text._ZN12RemoteConfig13HandleFactoryEv
                0x0000000008002538       0x1c ../lib-remoteconfig/lib_gd32/libremoteconfig.a(remoteconfigfactory.o)
                0x0000000008002538                RemoteConfig::HandleFactory()
 .text._ZN18RemoteConfigParamsC2EP23RemoteConfigParamsStore
                0x0000000008002554       0x14 ../lib-remoteconfig/lib_gd32/libremoteconfig.a(remoteconfigparams.o)
                0x0000000008002554                RemoteConfigParams::RemoteConfigParams(RemoteConfigParamsStore*)
                0x0000000008002554                RemoteConfigParams::RemoteConfigParams(RemoteConfigParamsStore*)
 .text._ZN18RemoteConfigParams4LoadEv
                0x0000000008002568       0x18 ../lib-remoteconfig/lib_gd32/libremoteconfig.a(remoteconfigparams.o)
                0x0000000008002568                RemoteConfigParams::Load()
 .text._ZN18RemoteConfigParams3SetEP12RemoteConfig
                0x0000000008002580       0x40 ../lib-remoteconfig/lib_gd32/libremoteconfig.a(remoteconfigparams.o)
                0x0000000008002580                RemoteConfigParams::Set(RemoteConfig*)
 .text._ZN12RemoteConfig12HandleRebootEv
                0x00000000080025c0       0xa4 ../lib-remoteconfig/lib_gd32/libremoteconfig.a(remoteconfigreboot.o)
                0x00000000080025c0                RemoteConfig::HandleReboot()
 .text._ZN14TFTPFileServer8FileOpenEPKc8TFTPMode
                0x0000000008002664        0x4 ../lib-remoteconfig/lib_gd32/libremoteconfig.a(tftpfileserver.o)
                0x0000000008002664                TFTPFileServer::FileOpen(char const*, TFTPMode)
 .text._ZN14TFTPFileServer8FileReadEPvjj
                0x0000000008002668        0x4 ../lib-remoteconfig/lib_gd32/libremoteconfig.a(tftpfileserver.o)
                0x0000000008002668                TFTPFileServer::FileRead(void*, unsigned int, unsigned int)
 .text._ZN14TFTPFileServer4ExitEv
                0x000000000800266c        0xc ../lib-remoteconfig/lib_gd32/libremoteconfig.a(tftpfileserver.o)
                0x000000000800266c                TFTPFileServer::Exit()
 .text._ZN14TFTPFileServerD2Ev
                0x0000000008002678       0x14 ../lib-remoteconfig/lib_gd32/libremoteconfig.a(tftpfileserver.o)
                0x0000000008002678                TFTPFileServer::~TFTPFileServer()
                0x0000000008002678                TFTPFileServer::~TFTPFileServer()
 .text._ZN14TFTPFileServerD0Ev
                0x000000000800268c       0x12 ../lib-remoteconfig/lib_gd32/libremoteconfig.a(tftpfileserver.o)
                0x000000000800268c                TFTPFileServer::~TFTPFileServer()
 .text._ZN14TFTPFileServer9FileWriteEPKvjj
                0x000000000800269e       0x5a ../lib-remoteconfig/lib_gd32/libremoteconfig.a(tftpfileserver.o)
                0x000000000800269e                TFTPFileServer::FileWrite(void const*, unsigned int, unsigned int)
 .text._ZN14TFTPFileServer9FileCloseEv
                0x00000000080026f8       0x38 ../lib-remoteconfig/lib_gd32/libremoteconfig.a(tftpfileserver.o)
                0x00000000080026f8                TFTPFileServer::FileClose()
 .text._ZN14TFTPFileServer10FileCreateEPKc8TFTPMode
                0x0000000008002730       0x5c ../lib-remoteconfig/lib_gd32/libremoteconfig.a(tftpfileserver.o)
                0x0000000008002730                TFTPFileServer::FileCreate(char const*, TFTPMode)
 .text._ZN14TFTPFileServerC2EPhj
                0x000000000800278c       0x28 ../lib-remoteconfig/lib_gd32/libremoteconfig.a(tftpfileserver.o)
                0x000000000800278c                TFTPFileServer::TFTPFileServer(unsigned char*, unsigned int)
                0x000000000800278c                TFTPFileServer::TFTPFileServer(unsigned char*, unsigned int)
 .text._ZN14tftpfileserver8is_validEPKv
                0x00000000080027b4        0x4 ../lib-remoteconfig/lib_gd32/libremoteconfig.a(tftpfileserver.o)
                0x00000000080027b4                tftpfileserver::is_valid(void const*)
 .text._ZN15SpiFlashInstallC2Ev
                0x00000000080027b8       0x80 ../lib-spiflashinstall/lib_gd32/libspiflashinstall.a(spiflashinstall.o)
                0x00000000080027b8                SpiFlashInstall::SpiFlashInstall()
                0x00000000080027b8                SpiFlashInstall::SpiFlashInstall()
 .text._ZN15SpiFlashInstall13WriteFirmwareEPKhj
                0x0000000008002838       0xf4 ../lib-spiflashinstall/lib_gd32/libspiflashinstall.a(spiflashinstall.o)
                0x0000000008002838                SpiFlashInstall::WriteFirmware(unsigned char const*, unsigned int)
 .text.spi_flash_get_name
                0x000000000800292c        0x8 ../lib-spiflash/lib_gd32/libspiflash.a(spi_flash.o)
                0x000000000800292c                spi_flash_get_name
 .text.spi_flash_get_size
                0x0000000008002934        0xc ../lib-spiflash/lib_gd32/libspiflash.a(spi_flash.o)
                0x0000000008002934                spi_flash_get_size
 .text.spi_flash_get_sector_size
                0x0000000008002940        0x6 ../lib-spiflash/lib_gd32/libspiflash.a(spi_flash.o)
                0x0000000008002940                spi_flash_get_sector_size
 .text.spi_flash_probe
                0x0000000008002946        0x4 ../lib-spiflash/lib_gd32/libspiflash.a(spi_flash.o)
                0x0000000008002946                spi_flash_probe
 .text.spi_flash_cmd_read_fast
                0x000000000800294a       0x18 ../lib-spiflash/lib_gd32/libspiflash.a(spi_flash.o)
                0x000000000800294a                spi_flash_cmd_read_fast
 .text.spi_flash_cmd_write_multi
                0x0000000008002962       0x46 ../lib-spiflash/lib_gd32/libspiflash.a(spi_flash.o)
                0x0000000008002962                spi_flash_cmd_write_multi
 .text.spi_flash_cmd_erase
                0x00000000080029a8       0x48 ../lib-spiflash/lib_gd32/libspiflash.a(spi_flash.o)
                0x00000000080029a8                spi_flash_cmd_erase
 .text.fmc_sector_info_get
                0x00000000080029f0      0x104 ../lib-spiflash/lib_gd32/libspiflash.a(fmc_operation.o)
                0x00000000080029f0                fmc_sector_info_get
 .text.net_timers_run
                0x0000000008002af4       0x20 ../lib-network/lib_gd32/libnetwork.a(net_timers.o)
                0x0000000008002af4                net_timers_run
 .text.rfc3927  0x0000000008002b14       0x80 ../lib-network/lib_gd32/libnetwork.a(rfc3927.o)
                0x0000000008002b14                rfc3927
 .text.memcpy.isra.0
                0x0000000008002b94       0x14 ../lib-network/lib_gd32/libnetwork.a(tcp.o)
 .text.memcpy.isra.0
                0x0000000008002ba8       0x14 ../lib-network/lib_gd32/libnetwork.a(udp.o)
 .text.net_memcpy
                0x0000000008002bbc       0x3c ../lib-network/lib_gd32/libnetwork.a(udp.o)
                0x0000000008002bbc                net_memcpy
 .text.udp_set_ip
                0x0000000008002bf8       0x40 ../lib-network/lib_gd32/libnetwork.a(udp.o)
                0x0000000008002bf8                udp_set_ip
 .text.udp_bind
                0x0000000008002c38       0x3c ../lib-network/lib_gd32/libnetwork.a(udp.o)
                0x0000000008002c38                udp_bind
 .text.udp_unbind
                0x0000000008002c74       0x40 ../lib-network/lib_gd32/libnetwork.a(udp.o)
                0x0000000008002c74                udp_unbind
 .text.udp_recv
                0x0000000008002cb4       0x6c ../lib-network/lib_gd32/libnetwork.a(udp.o)
                0x0000000008002cb4                udp_recv
 .text.udp_recv2
                0x0000000008002d20       0x4c ../lib-network/lib_gd32/libnetwork.a(udp.o)
                0x0000000008002d20                udp_recv2
 .text.udp_send
                0x0000000008002d6c      0x160 ../lib-network/lib_gd32/libnetwork.a(udp.o)
                0x0000000008002d6c                udp_send
 .text._ZN10TFTPDaemonC2Ev
                0x0000000008002ecc       0x5c ../lib-network/lib_gd32/libnetwork.a(tftpdaemon.o)
                0x0000000008002ecc                TFTPDaemon::TFTPDaemon()
                0x0000000008002ecc                TFTPDaemon::TFTPDaemon()
 .text._ZN10TFTPDaemonD2Ev
                0x0000000008002f28       0x28 ../lib-network/lib_gd32/libnetwork.a(tftpdaemon.o)
                0x0000000008002f28                TFTPDaemon::~TFTPDaemon()
                0x0000000008002f28                TFTPDaemon::~TFTPDaemon()
 .text._ZN10TFTPDaemon9SendErrorEtPKc
                0x0000000008002f50       0x4a ../lib-network/lib_gd32/libnetwork.a(tftpdaemon.o)
                0x0000000008002f50                TFTPDaemon::SendError(unsigned short, char const*)
 .text._ZN10TFTPDaemon6DoReadEv
                0x0000000008002f9a       0x7e ../lib-network/lib_gd32/libnetwork.a(tftpdaemon.o)
                0x0000000008002f9a                TFTPDaemon::DoRead()
 .text._ZN10TFTPDaemon13HandleRecvAckEv
                0x0000000008003018       0x24 ../lib-network/lib_gd32/libnetwork.a(tftpdaemon.o)
                0x0000000008003018                TFTPDaemon::HandleRecvAck()
 .text._ZN10TFTPDaemon10DoWriteAckEv
                0x000000000800303c       0x3a ../lib-network/lib_gd32/libnetwork.a(tftpdaemon.o)
                0x000000000800303c                TFTPDaemon::DoWriteAck()
 *fill*         0x0000000008003076        0x2 
 .text._ZN10TFTPDaemon13HandleRequestEv
                0x0000000008003078      0x10c ../lib-network/lib_gd32/libnetwork.a(tftpdaemon.o)
                0x0000000008003078                TFTPDaemon::HandleRequest()
 .text._ZN10TFTPDaemon14HandleRecvDataEv
                0x0000000008003184       0x68 ../lib-network/lib_gd32/libnetwork.a(tftpdaemon.o)
                0x0000000008003184                TFTPDaemon::HandleRecvData()
 .text._ZN10TFTPDaemon3RunEv
                0x00000000080031ec       0xac ../lib-network/lib_gd32/libnetwork.a(tftpdaemon.o)
                0x00000000080031ec                TFTPDaemon::Run()
 .text.strncpy.constprop.0.isra.0
                0x0000000008003298       0x20 ../lib-network/lib_gd32/libnetwork.a(network.o)
 .text._ZN7NetworkC2Ev
                0x00000000080032b8       0x54 ../lib-network/lib_gd32/libnetwork.a(network.o)
                0x00000000080032b8                Network::Network()
                0x00000000080032b8                Network::Network()
 .text._ZN7Network8ShutdownEv
                0x000000000800330c       0x10 ../lib-network/lib_gd32/libnetwork.a(network.o)
                0x000000000800330c                Network::Shutdown()
 .text._ZN7Network5BeginEt
                0x000000000800331c        0x6 ../lib-network/lib_gd32/libnetwork.a(network.o)
                0x000000000800331c                Network::Begin(unsigned short)
 .text._ZN7Network3EndEt
                0x0000000008003322        0x6 ../lib-network/lib_gd32/libnetwork.a(network.o)
                0x0000000008003322                Network::End(unsigned short)
 .text._ZN7Network16MacAddressCopyToEPh
                0x0000000008003328       0x16 ../lib-network/lib_gd32/libnetwork.a(network.o)
                0x0000000008003328                Network::MacAddressCopyTo(unsigned char*)
 .text._ZN7Network12SetDefaultIpEv
                0x000000000800333e       0x22 ../lib-network/lib_gd32/libnetwork.a(network.o)
                0x000000000800333e                Network::SetDefaultIp()
 .text._ZN7Network4InitEP18NetworkParamsStore
                0x0000000008003360      0x298 ../lib-network/lib_gd32/libnetwork.a(network.o)
                0x0000000008003360                Network::Init(NetworkParamsStore*)
 .text._ZN7Network5PrintEv
                0x00000000080035f8       0xf8 ../lib-network/lib_gd32/libnetwork.a(network.o)
                0x00000000080035f8                Network::Print()
 .text._ZN13NetworkParamsC2EP18NetworkParamsStore
                0x00000000080036f0       0x18 ../lib-network/lib_gd32/libnetwork.a(networkparams.o)
                0x00000000080036f0                NetworkParams::NetworkParams(NetworkParamsStore*)
                0x00000000080036f0                NetworkParams::NetworkParams(NetworkParamsStore*)
 .text._ZN13NetworkParams4LoadEv
                0x0000000008003708       0x18 ../lib-network/lib_gd32/libnetwork.a(networkparams.o)
                0x0000000008003708                NetworkParams::Load()
 .text._ZN13NetworkParams4DumpEv
                0x0000000008003720        0x2 ../lib-network/lib_gd32/libnetwork.a(networkparamsdump.o)
                0x0000000008003720                NetworkParams::Dump()
 .text.memcpy.isra.0
                0x0000000008003722       0x14 ../lib-network/lib_gd32/libnetwork.a(arp.o)
 *fill*         0x0000000008003736        0x2 
 .text.arp_announce
                0x0000000008003738       0x14 ../lib-network/lib_gd32/libnetwork.a(arp.o)
                0x0000000008003738                arp_announce
 .text.arp_handle_request
                0x000000000800374c       0x50 ../lib-network/lib_gd32/libnetwork.a(arp.o)
                0x000000000800374c                arp_handle_request
 .text.arp_handle_reply
                0x000000000800379c        0x8 ../lib-network/lib_gd32/libnetwork.a(arp.o)
                0x000000000800379c                arp_handle_reply
 .text.arp_send_request
                0x00000000080037a4       0x14 ../lib-network/lib_gd32/libnetwork.a(arp.o)
                0x00000000080037a4                arp_send_request
 .text.arp_cache_update
                0x00000000080037b8       0x50 ../lib-network/lib_gd32/libnetwork.a(arp_cache.o)
                0x00000000080037b8                arp_cache_update
 .text.arp_cache_lookup
                0x0000000008003808       0x9c ../lib-network/lib_gd32/libnetwork.a(arp_cache.o)
                0x0000000008003808                arp_cache_lookup
 .text._parse_response
                0x00000000080038a4      0x168 ../lib-network/lib_gd32/libnetwork.a(dhcp.o)
 .text.memcpy.isra.0
                0x0000000008003a0c       0x14 ../lib-network/lib_gd32/libnetwork.a(dhcp.o)
 .text.dhcp_client
                0x0000000008003a20      0x210 ../lib-network/lib_gd32/libnetwork.a(dhcp.o)
                0x0000000008003a20                dhcp_client
 .text.dhcp_client_release
                0x0000000008003c30       0x5c ../lib-network/lib_gd32/libnetwork.a(dhcp.o)
                0x0000000008003c30                dhcp_client_release
 .text.memcpy.isra.0
                0x0000000008003c8c       0x14 ../lib-network/lib_gd32/libnetwork.a(igmp.o)
 .text._send_report
                0x0000000008003ca0       0x7c ../lib-network/lib_gd32/libnetwork.a(igmp.o)
 .text.igmp_set_ip
                0x0000000008003d1c       0x2c ../lib-network/lib_gd32/libnetwork.a(igmp.o)
                0x0000000008003d1c                igmp_set_ip
 .text.igmp_timer
                0x0000000008003d48       0x3c ../lib-network/lib_gd32/libnetwork.a(igmp.o)
                0x0000000008003d48                igmp_timer
 .text.igmp_leave
                0x0000000008003d84       0x6c ../lib-network/lib_gd32/libnetwork.a(igmp.o)
                0x0000000008003d84                igmp_leave
 .text.ip_set_ip
                0x0000000008003df0       0x12 ../lib-network/lib_gd32/libnetwork.a(ip.o)
                0x0000000008003df0                ip_set_ip
 .text.net_chksum
                0x0000000008003e02       0x34 ../lib-network/lib_gd32/libnetwork.a(net_chksum.o)
                0x0000000008003e02                net_chksum
 .text.memcpy.isra.0
                0x0000000008003e36       0x14 ../lib-network/lib_gd32/libnetwork.a(icmp.o)
 .text.console_putc
                0x0000000008003e4a        0x4 ../lib-hal/lib_gd32/libhal.a(console_uart0.o)
                0x0000000008003e4a                console_putc
 .text.console_puts
                0x0000000008003e4e        0x4 ../lib-hal/lib_gd32/libhal.a(console_uart0.o)
                0x0000000008003e4e                console_puts
 *fill*         0x0000000008003e52        0x2 
 .text.console_set_fg_color
                0x0000000008003e54       0x44 ../lib-hal/lib_gd32/libhal.a(console_uart0.o)
                0x0000000008003e54                console_set_fg_color
 .text.console_error
                0x0000000008003e98       0x24 ../lib-hal/lib_gd32/libhal.a(console_uart0.o)
                0x0000000008003e98                console_error
 .text.console_status
                0x0000000008003ebc       0x30 ../lib-hal/lib_gd32/libhal.a(console_uart0.o)
                0x0000000008003ebc                console_status
 .text._ZN15FirmwareVersionC2EPKcS1_S1_
                0x0000000008003eec       0x70 ../lib-hal/lib_gd32/libhal.a(firmwareversion.o)
                0x0000000008003eec                FirmwareVersion::FirmwareVersion(char const*, char const*, char const*)
                0x0000000008003eec                FirmwareVersion::FirmwareVersion(char const*, char const*, char const*)
 .text._ZN15FirmwareVersion5PrintEPKc
                0x0000000008003f5c       0x1c ../lib-hal/lib_gd32/libhal.a(firmwareversion.o)
                0x0000000008003f5c                FirmwareVersion::Print(char const*)
 .text._ZN8LedBlinkC2Ev
                0x0000000008003f78       0x54 ../lib-hal/lib_gd32/libhal.a(ledblink.o)
                0x0000000008003f78                LedBlink::LedBlink()
                0x0000000008003f78                LedBlink::LedBlink()
 .text._ZN8LedBlink7SetModeEN8ledblink4ModeE
                0x0000000008003fcc       0x64 ../lib-hal/lib_gd32/libhal.a(ledblink.o)
                0x0000000008003fcc                LedBlink::SetMode(ledblink::Mode)
 .text._ZN8HardwareC2Ev
                0x0000000008004030       0xe0 ../lib-hal/lib_gd32/libhal.a(hardware.o)
                0x0000000008004030                Hardware::Hardware()
                0x0000000008004030                Hardware::Hardware()
 .text._ZN8Hardware6RebootEv
                0x0000000008004110       0x7c ../lib-hal/lib_gd32/libhal.a(hardware.o)
                0x0000000008004110                Hardware::Reboot()
 .text._ZdlPv   0x000000000800418c        0x4 ../lib-c++/lib_gd32/libc++.a(delete.o)
                0x000000000800418c                operator delete(void*)
 .text._ZdaPv   0x0000000008004190        0x4 ../lib-c++/lib_gd32/libc++.a(delete.o)
                0x0000000008004190                operator delete[](void*)
 .text._Znwj    0x0000000008004194        0x4 ../lib-c++/lib_gd32/libc++.a(new.o)
                0x0000000008004194                operator new(unsigned int)
 .text._Znaj    0x0000000008004198        0x4 ../lib-c++/lib_gd32/libc++.a(new.o)
                0x0000000008004198                operator new[](unsigned int)
 .text.malloc   0x000000000800419c       0x94 ../lib-c/lib_gd32/libc.a(malloc.o)
                0x000000000800419c                malloc
 .text.free     0x0000000008004230       0x4c ../lib-c/lib_gd32/libc.a(malloc.o)
                0x0000000008004230                free
 .text.memmove  0x000000000800427c       0x2e ../lib-c/lib_gd32/libc.a(memmove.o)
                0x000000000800427c                memmove
 .text.memset   0x00000000080042aa       0x42 ../lib-c/lib_gd32/libc.a(memset.o)
                0x00000000080042aa                memset
 .text.puts     0x00000000080042ec       0x10 ../lib-c/lib_gd32/libc.a(puts.o)
                0x00000000080042ec                puts
 .text.isleapyear
                0x00000000080042fc       0x2c ../lib-c/lib_gd32/libc.a(time.o)
 .text.getdaysofmonth
                0x0000000008004328       0x20 ../lib-c/lib_gd32/libc.a(time.o)
 .text.mktime   0x0000000008004348       0x98 ../lib-c/lib_gd32/libc.a(time.o)
                0x0000000008004348                mktime
 .text.gettimeofday
                0x00000000080043e0       0x54 ../lib-c/lib_gd32/libc.a(time.o)
                0x00000000080043e0                gettimeofday
 .text.settimeofday
                0x0000000008004434       0x30 ../lib-c/lib_gd32/libc.a(time.o)
                0x0000000008004434                settimeofday
 .text.time     0x0000000008004464       0x16 ../lib-c/lib_gd32/libc.a(time.o)
                0x0000000008004464                time
 *fill*         0x000000000800447a        0x2 
 .text.uart0_init
                0x000000000800447c       0x20 ../lib-gd32/lib_gd32/libgd32.a(gd32_uart0.o)
                0x000000000800447c                uart0_init
 .text.uart0_putc
                0x000000000800449c       0x34 ../lib-gd32/lib_gd32/libgd32.a(gd32_uart0.o)
                0x000000000800449c                uart0_putc
 .text.uart0_puts
                0x00000000080044d0       0x1e ../lib-gd32/lib_gd32/libgd32.a(gd32_uart0.o)
                0x00000000080044d0                uart0_puts
 *fill*         0x00000000080044ee        0x2 
 .text.systick_config
                0x00000000080044f0       0x3c ../lib-gd32/lib_gd32/libgd32.a(systick.o)
                0x00000000080044f0                systick_config
 .text.SysTick_Handler
                0x000000000800452c       0x10 ../lib-gd32/lib_gd32/libgd32.a(systick.o)
                0x000000000800452c                SysTick_Handler
 .text.SystemInit
                0x000000000800453c      0x170 ../lib-gd32/lib_gd32/libgd32.a(system_gd32f4xx.o)
                0x000000000800453c                SystemInit
 .text.fmc_unlock
                0x00000000080046ac       0x24 ../lib-gd32/lib_gd32/libgd32.a(gd32f4xx_fmc.o)
                0x00000000080046ac                fmc_unlock
 .text.fmc_lock
                0x00000000080046d0       0x14 ../lib-gd32/lib_gd32/libgd32.a(gd32f4xx_fmc.o)
                0x00000000080046d0                fmc_lock
 .text.fmc_flag_clear
                0x00000000080046e4        0xc ../lib-gd32/lib_gd32/libgd32.a(gd32f4xx_fmc.o)
                0x00000000080046e4                fmc_flag_clear
 .text.fmc_state_get
                0x00000000080046f0       0x48 ../lib-gd32/lib_gd32/libgd32.a(gd32f4xx_fmc.o)
                0x00000000080046f0                fmc_state_get
 .text.fmc_ready_wait
                0x0000000008004738       0x18 ../lib-gd32/lib_gd32/libgd32.a(gd32f4xx_fmc.o)
                0x0000000008004738                fmc_ready_wait
 .text.fmc_sector_erase
                0x0000000008004750       0x5c ../lib-gd32/lib_gd32/libgd32.a(gd32f4xx_fmc.o)
                0x0000000008004750                fmc_sector_erase
 .text.fmc_word_program
                0x00000000080047ac       0x54 ../lib-gd32/lib_gd32/libgd32.a(gd32f4xx_fmc.o)
                0x00000000080047ac                fmc_word_program
 .text.fwdgt_enable
                0x0000000008004800       0x10 ../lib-gd32/lib_gd32/libgd32.a(gd32f4xx_fwdgt.o)
                0x0000000008004800                fwdgt_enable
 .text.fwdgt_counter_reload
                0x0000000008004810       0x10 ../lib-gd32/lib_gd32/libgd32.a(gd32f4xx_fwdgt.o)
                0x0000000008004810                fwdgt_counter_reload
 .text.fwdgt_config
                0x0000000008004820       0x54 ../lib-gd32/lib_gd32/libgd32.a(gd32f4xx_fwdgt.o)
                0x0000000008004820                fwdgt_config
 .text.gpio_mode_set
                0x0000000008004874       0x40 ../lib-gd32/lib_gd32/libgd32.a(gd32f4xx_gpio.o)
                0x0000000008004874                gpio_mode_set
 .text.gpio_output_options_set
                0x00000000080048b4       0x36 ../lib-gd32/lib_gd32/libgd32.a(gd32f4xx_gpio.o)
                0x00000000080048b4                gpio_output_options_set
 .text.gpio_input_bit_get
                0x00000000080048ea        0xc ../lib-gd32/lib_gd32/libgd32.a(gd32f4xx_gpio.o)
                0x00000000080048ea                gpio_input_bit_get
 .text.gpio_af_set
                0x00000000080048f6       0x58 ../lib-gd32/lib_gd32/libgd32.a(gd32f4xx_gpio.o)
                0x00000000080048f6                gpio_af_set
 *fill*         0x000000000800494e        0x2 
 .text.pmu_backup_ldo_config
                0x0000000008004950       0x18 ../lib-gd32/lib_gd32/libgd32.a(gd32f4xx_pmu.o)
                0x0000000008004950                pmu_backup_ldo_config
 .text.pmu_backup_write_enable
                0x0000000008004968       0x10 ../lib-gd32/lib_gd32/libgd32.a(gd32f4xx_pmu.o)
                0x0000000008004968                pmu_backup_write_enable
 .text.rcu_periph_clock_enable
                0x0000000008004978       0x1a ../lib-gd32/lib_gd32/libgd32.a(gd32f4xx_rcu.o)
                0x0000000008004978                rcu_periph_clock_enable
 .text.rcu_periph_clock_disable
                0x0000000008004992       0x1c ../lib-gd32/lib_gd32/libgd32.a(gd32f4xx_rcu.o)
                0x0000000008004992                rcu_periph_clock_disable
 .text.rcu_periph_reset_enable
                0x00000000080049ae        0x4 ../lib-gd32/lib_gd32/libgd32.a(gd32f4xx_rcu.o)
                0x00000000080049ae                rcu_periph_reset_enable
 .text.rcu_periph_reset_disable
                0x00000000080049b2        0x4 ../lib-gd32/lib_gd32/libgd32.a(gd32f4xx_rcu.o)
                0x00000000080049b2                rcu_periph_reset_disable
 *fill*         0x00000000080049b6        0x2 
 .text.rcu_ckout0_config
                0x00000000080049b8       0x18 ../lib-gd32/lib_gd32/libgd32.a(gd32f4xx_rcu.o)
                0x00000000080049b8                rcu_ckout0_config
 .text.rcu_timer_clock_prescaler_config
                0x00000000080049d0       0x20 ../lib-gd32/lib_gd32/libgd32.a(gd32f4xx_rcu.o)
                0x00000000080049d0                rcu_timer_clock_prescaler_config
 .text.rcu_clock_freq_get
                0x00000000080049f0       0xe8 ../lib-gd32/lib_gd32/libgd32.a(gd32f4xx_rcu.o)
                0x00000000080049f0                rcu_clock_freq_get
 .text.timer_deinit
                0x0000000008004ad8      0x14c ../lib-gd32/lib_gd32/libgd32.a(gd32f4xx_timer.o)
                0x0000000008004ad8                timer_deinit
 .text.timer_init
                0x0000000008004c24       0x7c ../lib-gd32/lib_gd32/libgd32.a(gd32f4xx_timer.o)
                0x0000000008004c24                timer_init
 .text.timer_enable
                0x0000000008004ca0        0xa ../lib-gd32/lib_gd32/libgd32.a(gd32f4xx_timer.o)
                0x0000000008004ca0                timer_enable
 *fill*         0x0000000008004caa        0x2 
 .text.usart_deinit
                0x0000000008004cac       0xc4 ../lib-gd32/lib_gd32/libgd32.a(gd32f4xx_usart.o)
                0x0000000008004cac                usart_deinit
 .text.usart_baudrate_set
                0x0000000008004d70       0x88 ../lib-gd32/lib_gd32/libgd32.a(gd32f4xx_usart.o)
                0x0000000008004d70                usart_baudrate_set
 .text.usart_parity_config
                0x0000000008004df8       0x10 ../lib-gd32/lib_gd32/libgd32.a(gd32f4xx_usart.o)
                0x0000000008004df8                usart_parity_config
 .text.usart_word_length_set
                0x0000000008004e08       0x10 ../lib-gd32/lib_gd32/libgd32.a(gd32f4xx_usart.o)
                0x0000000008004e08                usart_word_length_set
 .text.usart_stop_bit_set
                0x0000000008004e18       0x10 ../lib-gd32/lib_gd32/libgd32.a(gd32f4xx_usart.o)
                0x0000000008004e18                usart_stop_bit_set
 .text.usart_transmit_config
                0x0000000008004e28        0xc ../lib-gd32/lib_gd32/libgd32.a(gd32f4xx_usart.o)
                0x0000000008004e28                usart_transmit_config
 .text.usart_receive_config
                0x0000000008004e34        0xc ../lib-gd32/lib_gd32/libgd32.a(gd32f4xx_usart.o)
                0x0000000008004e34                usart_receive_config
 .text.usart_hardware_flow_rts_config
                0x0000000008004e40        0xc ../lib-gd32/lib_gd32/libgd32.a(gd32f4xx_usart.o)
                0x0000000008004e40                usart_hardware_flow_rts_config
 .text.usart_hardware_flow_cts_config
                0x0000000008004e4c        0xc ../lib-gd32/lib_gd32/libgd32.a(gd32f4xx_usart.o)
                0x0000000008004e4c                usart_hardware_flow_cts_config
 .text.usart_flag_get
                0x0000000008004e58       0x16 ../lib-gd32/lib_gd32/libgd32.a(gd32f4xx_usart.o)
                0x0000000008004e58                usart_flag_get
 *fill*         0x0000000008004e6e        0x2 
 .text.emac_eth_recv
                0x0000000008004e70       0x28 ../lib-gd32/lib_gd32/libgd32.a(net.o)
                0x0000000008004e70                emac_eth_recv
 .text.emac_free_pkt
                0x0000000008004e98        0x8 ../lib-gd32/lib_gd32/libgd32.a(net.o)
                0x0000000008004e98                emac_free_pkt
 .text.emac_eth_send
                0x0000000008004ea0        0x4 ../lib-gd32/lib_gd32/libgd32.a(net.o)
                0x0000000008004ea0                emac_eth_send
 .text._Z14bkp_data_write22bkp_data_register_enumt
                0x0000000008004ea4       0x10 ../lib-gd32/lib_gd32/libgd32.a(bkp.o)
                0x0000000008004ea4                bkp_data_write(bkp_data_register_enum, unsigned short)
 .text._Z13bkp_data_read22bkp_data_register_enum
                0x0000000008004eb4       0x14 ../lib-gd32/lib_gd32/libgd32.a(bkp.o)
                0x0000000008004eb4                bkp_data_read(bkp_data_register_enum)
 .text._Z13gd32_adc_initv
                0x0000000008004ec8       0x9c ../lib-gd32/lib_gd32/libgd32.a(gd32_adc.o)
                0x0000000008004ec8                gd32_adc_init()
 .text._ZL5_stopv.isra.0
                0x0000000008004f64       0x24 ../lib-gd32/lib_gd32/libgd32.a(gd32_i2c.o)
 .text.gd32_i2c_begin
                0x0000000008004f88       0x94 ../lib-gd32/lib_gd32/libgd32.a(gd32_i2c.o)
                0x0000000008004f88                gd32_i2c_begin
 .text.gd32_i2c_set_baudrate
                0x000000000800501c       0x10 ../lib-gd32/lib_gd32/libgd32.a(gd32_i2c.o)
                0x000000000800501c                gd32_i2c_set_baudrate
 .text.gd32_i2c_set_address
                0x000000000800502c        0xc ../lib-gd32/lib_gd32/libgd32.a(gd32_i2c.o)
                0x000000000800502c                gd32_i2c_set_address
 .text.gd32_i2c_write
                0x0000000008005038       0xcc ../lib-gd32/lib_gd32/libgd32.a(gd32_i2c.o)
                0x0000000008005038                gd32_i2c_write
 .text.gd32_i2c_read
                0x0000000008005104      0x148 ../lib-gd32/lib_gd32/libgd32.a(gd32_i2c.o)
                0x0000000008005104                gd32_i2c_read
 .text._Z10_gpio_initj
                0x000000000800524c      0x278 ../lib-gd32/lib_gd32/libgd32.a(gd32_uart.o)
                0x000000000800524c                _gpio_init(unsigned int)
 .text.gd32_uart_begin
                0x00000000080054c4      0x120 ../lib-gd32/lib_gd32/libgd32.a(gd32_uart.o)
                0x00000000080054c4                gd32_uart_begin
 .text._Z11micros_initv
                0x00000000080055e4       0x40 ../lib-gd32/lib_gd32/libgd32.a(micros.o)
                0x00000000080055e4                micros_init()
 .text._Z11udelay_initv
                0x0000000008005624       0x28 ../lib-gd32/lib_gd32/libgd32.a(udelay.o)
                0x0000000008005624                udelay_init()
 .text._Z6udelayjj
                0x000000000800564c       0x30 ../lib-gd32/lib_gd32/libgd32.a(udelay.o)
                0x000000000800564c                udelay(unsigned int, unsigned int)
 .text._Z10emac_startPh
                0x000000000800567c      0x220 ../lib-gd32/lib_gd32/libgd32.a(emac.o)
                0x000000000800567c                emac_start(unsigned char*)
 .text._ZN3net18link_register_readEv
                0x000000000800589c       0x22 ../lib-gd32/lib_gd32/libgd32.a(net_link_check.o)
                0x000000000800589c                net::link_register_read()
 *fill*         0x00000000080058be        0x2 
 .text.adc_clock_config
                0x00000000080058c0       0x20 ../lib-gd32/lib_gd32/libgd32.a(gd32f4xx_adc.o)
                0x00000000080058c0                adc_clock_config
 .text.adc_special_function_config
                0x00000000080058e0       0x50 ../lib-gd32/lib_gd32/libgd32.a(gd32f4xx_adc.o)
                0x00000000080058e0                adc_special_function_config
 .text.adc_data_alignment_config
                0x0000000008005930       0x12 ../lib-gd32/lib_gd32/libgd32.a(gd32f4xx_adc.o)
                0x0000000008005930                adc_data_alignment_config
 .text.adc_enable
                0x0000000008005942       0x10 ../lib-gd32/lib_gd32/libgd32.a(gd32f4xx_adc.o)
                0x0000000008005942                adc_enable
 .text.adc_calibration_enable
                0x0000000008005952       0x22 ../lib-gd32/lib_gd32/libgd32.a(gd32f4xx_adc.o)
                0x0000000008005952                adc_calibration_enable
 .text.adc_channel_16_to_18
                0x0000000008005974       0x50 ../lib-gd32/lib_gd32/libgd32.a(gd32f4xx_adc.o)
                0x0000000008005974                adc_channel_16_to_18
 .text.adc_channel_length_config
                0x00000000080059c4       0x3a ../lib-gd32/lib_gd32/libgd32.a(gd32f4xx_adc.o)
                0x00000000080059c4                adc_channel_length_config
 .text.adc_inserted_channel_config
                0x00000000080059fe       0x5e ../lib-gd32/lib_gd32/libgd32.a(gd32f4xx_adc.o)
                0x00000000080059fe                adc_inserted_channel_config
 .text.adc_external_trigger_config
                0x0000000008005a5c       0x2c ../lib-gd32/lib_gd32/libgd32.a(gd32f4xx_adc.o)
                0x0000000008005a5c                adc_external_trigger_config
 .text.adc_software_trigger_enable
                0x0000000008005a88       0x1c ../lib-gd32/lib_gd32/libgd32.a(gd32f4xx_adc.o)
                0x0000000008005a88                adc_software_trigger_enable
 .text.enet_delay
                0x0000000008005aa4       0x18 ../lib-gd32/lib_gd32/libgd32.a(gd32f4xx_enet.o)
 .text.enet_software_reset
                0x0000000008005abc       0x28 ../lib-gd32/lib_gd32/libgd32.a(gd32f4xx_enet.o)
                0x0000000008005abc                enet_software_reset
 .text.enet_descriptors_chain_init
                0x0000000008005ae4       0x88 ../lib-gd32/lib_gd32/libgd32.a(gd32f4xx_enet.o)
                0x0000000008005ae4                enet_descriptors_chain_init
 .text.enet_frame_receive
                0x0000000008005b6c       0x98 ../lib-gd32/lib_gd32/libgd32.a(gd32f4xx_enet.o)
                0x0000000008005b6c                enet_frame_receive
 .text.enet_frame_transmit
                0x0000000008005c04       0x84 ../lib-gd32/lib_gd32/libgd32.a(gd32f4xx_enet.o)
                0x0000000008005c04                enet_frame_transmit
 .text.enet_transmit_checksum_config
                0x0000000008005c88        0xc ../lib-gd32/lib_gd32/libgd32.a(gd32f4xx_enet.o)
                0x0000000008005c88                enet_transmit_checksum_config
 .text.enet_mac_address_set
                0x0000000008005c94       0x14 ../lib-gd32/lib_gd32/libgd32.a(gd32f4xx_enet.o)
                0x0000000008005c94                enet_mac_address_set
 .text.enet_rx_enable
                0x0000000008005ca8       0x1c ../lib-gd32/lib_gd32/libgd32.a(gd32f4xx_enet.o)
                0x0000000008005ca8                enet_rx_enable
 .text.enet_phy_write_read
                0x0000000008005cc4       0x54 ../lib-gd32/lib_gd32/libgd32.a(gd32f4xx_enet.o)
                0x0000000008005cc4                enet_phy_write_read
 .text.enet_phy_config
                0x0000000008005d18       0xcc ../lib-gd32/lib_gd32/libgd32.a(gd32f4xx_enet.o)
                0x0000000008005d18                enet_phy_config
 .text.enet_init
                0x0000000008005de4      0x2f8 ../lib-gd32/lib_gd32/libgd32.a(gd32f4xx_enet.o)
                0x0000000008005de4                enet_init
 .text.enet_txfifo_flush
                0x00000000080060dc       0x24 ../lib-gd32/lib_gd32/libgd32.a(gd32f4xx_enet.o)
                0x00000000080060dc                enet_txfifo_flush
 .text.enet_tx_enable
                0x0000000008006100       0x24 ../lib-gd32/lib_gd32/libgd32.a(gd32f4xx_enet.o)
                0x0000000008006100                enet_tx_enable
 .text.enet_enable
                0x0000000008006124        0xe ../lib-gd32/lib_gd32/libgd32.a(gd32f4xx_enet.o)
                0x0000000008006124                enet_enable
 *fill*         0x0000000008006132        0x2 
 .text.enet_desc_information_get
                0x0000000008006134       0x54 ../lib-gd32/lib_gd32/libgd32.a(gd32f4xx_enet.o)
                0x0000000008006134                enet_desc_information_get
 .text.enet_rxframe_drop
                0x0000000008006188       0x64 ../lib-gd32/lib_gd32/libgd32.a(gd32f4xx_enet.o)
                0x0000000008006188                enet_rxframe_drop
 .text.enet_rxframe_size_get
                0x00000000080061ec       0x4c ../lib-gd32/lib_gd32/libgd32.a(gd32f4xx_enet.o)
                0x00000000080061ec                enet_rxframe_size_get
 .text.enet_initpara_reset
                0x0000000008006238       0x28 ../lib-gd32/lib_gd32/libgd32.a(gd32f4xx_enet.o)
                0x0000000008006238                enet_initpara_reset
 .text.enet_deinit
                0x0000000008006260       0x1a ../lib-gd32/lib_gd32/libgd32.a(gd32f4xx_enet.o)
                0x0000000008006260                enet_deinit
 *fill*         0x000000000800627a        0x2 
 .text.i2c_clock_config
                0x000000000800627c       0xb8 ../lib-gd32/lib_gd32/libgd32.a(gd32f4xx_i2c.o)
                0x000000000800627c                i2c_clock_config
 .text.i2c_ack_config
                0x0000000008006334       0x12 ../lib-gd32/lib_gd32/libgd32.a(gd32f4xx_i2c.o)
                0x0000000008006334                i2c_ack_config
 .text.i2c_ackpos_config
                0x0000000008006346       0x12 ../lib-gd32/lib_gd32/libgd32.a(gd32f4xx_i2c.o)
                0x0000000008006346                i2c_ackpos_config
 .text.i2c_master_addressing
                0x0000000008006358       0x10 ../lib-gd32/lib_gd32/libgd32.a(gd32f4xx_i2c.o)
                0x0000000008006358                i2c_master_addressing
 .text.i2c_enable
                0x0000000008006368        0xa ../lib-gd32/lib_gd32/libgd32.a(gd32f4xx_i2c.o)
                0x0000000008006368                i2c_enable
 .text.i2c_start_on_bus
                0x0000000008006372        0xa ../lib-gd32/lib_gd32/libgd32.a(gd32f4xx_i2c.o)
                0x0000000008006372                i2c_start_on_bus
 .text.i2c_stop_on_bus
                0x000000000800637c        0xa ../lib-gd32/lib_gd32/libgd32.a(gd32f4xx_i2c.o)
                0x000000000800637c                i2c_stop_on_bus
 .text.i2c_data_transmit
                0x0000000008006386        0x4 ../lib-gd32/lib_gd32/libgd32.a(gd32f4xx_i2c.o)
                0x0000000008006386                i2c_data_transmit
 .text.i2c_data_receive
                0x000000000800638a        0x6 ../lib-gd32/lib_gd32/libgd32.a(gd32f4xx_i2c.o)
                0x000000000800638a                i2c_data_receive
 .text.i2c_flag_get
                0x0000000008006390       0x16 ../lib-gd32/lib_gd32/libgd32.a(gd32f4xx_i2c.o)
                0x0000000008006390                i2c_flag_get
 .text.i2c_flag_clear
                0x00000000080063a6       0x24 ../lib-gd32/lib_gd32/libgd32.a(gd32f4xx_i2c.o)
                0x00000000080063a6                i2c_flag_clear
 *fill*         0x00000000080063ca        0x2 
 .text.syscfg_enet_phy_interface_config
                0x00000000080063cc       0x18 ../lib-gd32/lib_gd32/libgd32.a(gd32f4xx_syscfg.o)
                0x00000000080063cc                syscfg_enet_phy_interface_config
 .text._Z15mac_address_getPh
                0x00000000080063e4       0x24 ../lib-gd32/lib_gd32/libgd32.a(mac_address.o)
                0x00000000080063e4                mac_address_get(unsigned char*)
 *(.glue_7)
 .glue_7        0x0000000008006408        0x0 linker stubs
 *(.glue_7t)
 .glue_7t       0x0000000008006408        0x0 linker stubs
 *(.eh_frame)
 *(.init)
 *(.fini)
                0x0000000008006408                . = ALIGN (0x4)
                0x0000000008006408                _etext = .

.vfp11_veneer   0x0000000008006408        0x0
 .vfp11_veneer  0x0000000008006408        0x0 linker stubs

.v4_bx          0x0000000008006408        0x0
 .v4_bx         0x0000000008006408        0x0 linker stubs

.iplt           0x0000000008006408        0x0
 .iplt          0x0000000008006408        0x0 build_gd32/startup_gd32f450.o

.rodata         0x0000000008006408      0xb80
                0x0000000008006408                . = ALIGN (0x4)
 *(.rodata)
 .rodata        0x0000000008006408       0x18 ../lib-gd32/lib_gd32/libgd32.a(gd32f4xx_rcu.o)
 *(.rodata*)
 .rodata.main.str1.1
                0x0000000008006420       0x41 build_gd32/firmware/main.o
 .rodata._ZL16SOFTWARE_VERSION
                0x0000000008006461        0x4 build_gd32/firmware/main.o
 .rodata._ZN14NetworkDisplay13ShowEmacStartEv.str1.1
                0x0000000008006465        0xf build_gd32/lib/networkdisplay.o
 .rodata._ZN14NetworkDisplay6ShowIpEv.str1.1
                0x0000000008006474       0x12 build_gd32/lib/networkdisplay.o
 .rodata._ZN14NetworkDisplay12ShowShutdownEv.str1.1
                0x0000000008006486       0x12 build_gd32/lib/networkdisplay.o
 .rodata._ZN14NetworkDisplay14ShowDhcpStatusEN7network4dhcp12ClientStatusE.str1.1
                0x0000000008006498       0x2e build_gd32/lib/networkdisplay.o
 .rodata._ZN7Display9PrintInfoEv.isra.0.str1.1
                0x00000000080064c6       0x11 ../lib-display/lib_gd32/libdisplay.a(display.o)
 .rodata._ZN7Display6DetectEj.str1.1
                0x00000000080064d7        0x8 ../lib-display/lib_gd32/libdisplay.a(display.o)
 .rodata._ZN7Ssd13069PrintInfoEv.str1.1
                0x00000000080064df       0x13 ../lib-display/lib_gd32/libdisplay.a(ssd1306.o)
                                         0x1b (size before relaxing)
 .rodata._ZN7Ssd130611CheckSH1106Ev.str1.1
                0x00000000080064f2        0x6 ../lib-display/lib_gd32/libdisplay.a(ssd1306.o)
 .rodata._ZL12_OledFont8x6
                0x00000000080064f8      0x2a0 ../lib-display/lib_gd32/libdisplay.a(ssd1306.o)
 .rodata._ZL16oled_128x32_init
                0x0000000008006798       0x18 ../lib-display/lib_gd32/libdisplay.a(ssd1306.o)
 .rodata._ZL16oled_128x64_init
                0x00000000080067b0       0x18 ../lib-display/lib_gd32/libdisplay.a(ssd1306.o)
 .rodata._ZTV7Ssd1306
                0x00000000080067c8       0x40 ../lib-display/lib_gd32/libdisplay.a(ssd1306.o)
                0x00000000080067c8                vtable for Ssd1306
 .rodata._ZN13SpiFlashStoreC2Ev.str1.1
                0x0000000008006808       0x30 ../lib-spiflashstore/lib_gd32/libspiflashstore.a(spiflashstore.o)
 .rodata._ZN13SpiFlashStore5FlashEv.str1.1
                0x0000000008006838       0x1e ../lib-spiflashstore/lib_gd32/libspiflashstore.a(spiflashstore.o)
 *fill*         0x0000000008006856        0x2 
 .rodata._ZL11s_aStorSize
                0x0000000008006858       0x70 ../lib-spiflashstore/lib_gd32/libspiflashstore.a(spiflashstore.o)
 .rodata._ZTV12StoreNetwork
                0x00000000080068c8       0x50 ../lib-spiflashstore/lib_gd32/libspiflashstore.a(storenetwork.o)
                0x00000000080068c8                vtable for StoreNetwork
 .rodata._ZTV17StoreRemoteConfig
                0x0000000008006918       0x18 ../lib-spiflashstore/lib_gd32/libspiflashstore.a(storeremoteconfig.o)
                0x0000000008006918                vtable for StoreRemoteConfig
 .rodata._ZN12RemoteConfig10HandleListEv.str1.1
                0x0000000008006930       0x2f ../lib-remoteconfig/lib_gd32/libremoteconfig.a(remoteconfig.o)
 .rodata._ZN12RemoteConfig13HandleTftpGetEv.str1.1
                0x000000000800695f        0x9 ../lib-remoteconfig/lib_gd32/libremoteconfig.a(remoteconfig.o)
                                         0x10 (size before relaxing)
 .rodata._ZN12RemoteConfig13HandleVersionEv.str1.1
                0x0000000008006968        0xb ../lib-remoteconfig/lib_gd32/libremoteconfig.a(remoteconfig.o)
 .rodata._ZN12RemoteConfig12HandleUptimeEv.str1.1
                0x0000000008006973        0xd ../lib-remoteconfig/lib_gd32/libremoteconfig.a(remoteconfig.o)
 .rodata._ZN12RemoteConfig13HandleTftpSetEv.str1.1
                0x0000000008006980       0x43 ../lib-remoteconfig/lib_gd32/libremoteconfig.a(remoteconfig.o)
 .rodata._ZN12RemoteConfig3RunEv.str1.1
                0x00000000080069c3       0x18 ../lib-remoteconfig/lib_gd32/libremoteconfig.a(remoteconfig.o)
 .rodata.str1.1
                0x00000000080069db       0x31 ../lib-remoteconfig/lib_gd32/libremoteconfig.a(remoteconfig.o)
 .rodata._ZL6s_Node
                0x0000000008006a0c       0xb4 ../lib-remoteconfig/lib_gd32/libremoteconfig.a(remoteconfig.o)
 .rodata._ZL8s_Output
                0x0000000008006ac0       0x90 ../lib-remoteconfig/lib_gd32/libremoteconfig.a(remoteconfig.o)
 .rodata._ZN12RemoteConfig5s_GETE
                0x0000000008006b50       0x70 ../lib-remoteconfig/lib_gd32/libremoteconfig.a(remoteconfig.o)
                0x0000000008006b50                RemoteConfig::s_GET
 .rodata._ZN12RemoteConfig12HandleRebootEv.str1.1
                0x0000000008006bc0       0x1d ../lib-remoteconfig/lib_gd32/libremoteconfig.a(remoteconfigreboot.o)
 .rodata._ZN14TFTPFileServer9FileCloseEv.str1.1
                0x0000000008006bdd       0x17 ../lib-remoteconfig/lib_gd32/libremoteconfig.a(tftpfileserver.o)
 .rodata._ZN14TFTPFileServer10FileCreateEPKc8TFTPMode.str1.1
                0x0000000008006bf4       0x1b ../lib-remoteconfig/lib_gd32/libremoteconfig.a(tftpfileserver.o)
 .rodata._ZN14tftpfileserverL9FILE_NAMEE
                0x0000000008006c0f        0xd ../lib-remoteconfig/lib_gd32/libremoteconfig.a(tftpfileserver.o)
 .rodata._ZTV14TFTPFileServer
                0x0000000008006c1c       0x28 ../lib-remoteconfig/lib_gd32/libremoteconfig.a(tftpfileserver.o)
                0x0000000008006c1c                vtable for TFTPFileServer
 .rodata._ZN15SpiFlashInstallC2Ev.str1.1
                0x0000000008006c44       0x26 ../lib-spiflashinstall/lib_gd32/libspiflashinstall.a(spiflashinstall.o)
 .rodata._ZN15SpiFlashInstall13WriteFirmwareEPKhj.str1.1
                0x0000000008006c6a       0x63 ../lib-spiflashinstall/lib_gd32/libspiflashinstall.a(spiflashinstall.o)
 .rodata.spi_flash_get_name.str1.1
                0x0000000008006ccd        0xb ../lib-spiflash/lib_gd32/libspiflash.a(spi_flash.o)
 .rodata.udp_bind.str1.1
                0x0000000008006cd8        0x5 ../lib-network/lib_gd32/libnetwork.a(udp.o)
 .rodata.udp_unbind.str1.1
                0x0000000008006cdd        0x8 ../lib-network/lib_gd32/libnetwork.a(udp.o)
 .rodata.udp_send.str1.1
                0x0000000008006ce5       0x39 ../lib-network/lib_gd32/libnetwork.a(udp.o)
 .rodata._ZN10TFTPDaemon13HandleRequestEv.str1.1
                0x0000000008006d1e       0x53 ../lib-network/lib_gd32/libnetwork.a(tftpdaemon.o)
 .rodata._ZN10TFTPDaemon14HandleRecvDataEv.str1.1
                0x0000000008006d71        0xd ../lib-network/lib_gd32/libnetwork.a(tftpdaemon.o)
 *fill*         0x0000000008006d7e        0x2 
 .rodata._ZTV10TFTPDaemon
                0x0000000008006d80       0x28 ../lib-network/lib_gd32/libnetwork.a(tftpdaemon.o)
                0x0000000008006d80                vtable for TFTPDaemon
 .rodata._ZN7NetworkC2Ev.str1.1
                0x0000000008006da8        0x5 ../lib-network/lib_gd32/libnetwork.a(network.o)
 .rodata._ZN7Network4InitEP18NetworkParamsStore.str1.1
                0x0000000008006dad        0xc ../lib-network/lib_gd32/libnetwork.a(network.o)
 .rodata._ZN7Network5PrintEv.str1.1
                0x0000000008006db9       0xd7 ../lib-network/lib_gd32/libnetwork.a(network.o)
 .rodata.console_init.str1.1
                0x0000000008006e90        0xc ../lib-hal/lib_gd32/libhal.a(console_uart0.o)
 .rodata.console_set_fg_color.str1.1
                0x0000000008006e9c       0x1e ../lib-hal/lib_gd32/libhal.a(console_uart0.o)
 .rodata._ZN15FirmwareVersionC2EPKcS1_S1_.str1.1
                0x0000000008006eba       0x24 ../lib-hal/lib_gd32/libhal.a(firmwareversion.o)
                                         0x2f (size before relaxing)
 .rodata.malloc.str1.1
                0x0000000008006ede       0x53 ../lib-c/lib_gd32/libc.a(malloc.o)
 .rodata.free.str1.1
                0x0000000008006f31       0x26 ../lib-c/lib_gd32/libc.a(malloc.o)
 *fill*         0x0000000008006f57        0x1 
 .rodata.days_of_month
                0x0000000008006f58       0x30 ../lib-c/lib_gd32/libc.a(time.o)
                0x0000000008006f88                . = ALIGN (0x4)

.ARM.extab
 *(.ARM.extab* .gnu.linkonce.armextab.*)

.ARM            0x0000000008006f88        0x8
                0x0000000008006f88                __exidx_start = .
 *(.ARM.exidx*)
 .ARM.exidx.text.__udivmoddi4
                0x0000000008006f88        0x8 /Applications/ArmGNUToolchain/11.3.rel1/arm-none-eabi/bin/../lib/gcc/arm-none-eabi/11.3.1/thumb/v7e-m+fp/hard/libgcc.a(_udivmoddi4.o)
                0x0000000008006f90                __exidx_end = .

.rel.dyn        0x0000000008006f90        0x0
 .rel.iplt      0x0000000008006f90        0x0 build_gd32/startup_gd32f450.o

.ARM.attributes
                0x0000000008006f90       0x35
 *(.ARM.attributes)
 .ARM.attributes
                0x0000000008006f90       0x21 build_gd32/startup_gd32f450.o
 .ARM.attributes
                0x0000000008006fb1       0x34 build_gd32/firmware/main.o
 .ARM.attributes
                0x0000000008006fe5       0x34 build_gd32/lib/networkdisplay.o
 .ARM.attributes
                0x0000000008007019       0x34 /Applications/ArmGNUToolchain/11.3.rel1/arm-none-eabi/bin/../lib/gcc/arm-none-eabi/11.3.1/thumb/v7e-m+fp/hard/libgcc.a(_popcountsi2.o)
 .ARM.attributes
                0x000000000800704d       0x34 ../lib-c/lib_gd32/libc.a(printf.o)
 .ARM.attributes
                0x0000000008007081       0x1e /Applications/ArmGNUToolchain/11.3.rel1/arm-none-eabi/bin/../lib/gcc/arm-none-eabi/11.3.1/thumb/v7e-m+fp/hard/libgcc.a(_arm_truncdfsf2.o)
 .ARM.attributes
                0x000000000800709f       0x1e /Applications/ArmGNUToolchain/11.3.rel1/arm-none-eabi/bin/../lib/gcc/arm-none-eabi/11.3.1/thumb/v7e-m+fp/hard/libgcc.a(_aeabi_uldivmod.o)
 .ARM.attributes
                0x00000000080070bd       0x34 /Applications/ArmGNUToolchain/11.3.rel1/arm-none-eabi/bin/../lib/gcc/arm-none-eabi/11.3.1/thumb/v7e-m+fp/hard/libgcc.a(_udivmoddi4.o)
 .ARM.attributes
                0x00000000080070f1       0x1e /Applications/ArmGNUToolchain/11.3.rel1/arm-none-eabi/bin/../lib/gcc/arm-none-eabi/11.3.1/thumb/v7e-m+fp/hard/libgcc.a(_dvmd_tls.o)
 .ARM.attributes
                0x000000000800710f       0x34 ../lib-display/lib_gd32/libdisplay.a(display.o)
 .ARM.attributes
                0x0000000008007143       0x34 ../lib-display/lib_gd32/libdisplay.a(ssd1306.o)
 .ARM.attributes
                0x0000000008007177       0x34 ../lib-display/lib_gd32/libdisplay.a(display_timeout.o)
 .ARM.attributes
                0x00000000080071ab       0x34 ../lib-spiflashstore/lib_gd32/libspiflashstore.a(spiflashstore.o)
 .ARM.attributes
                0x00000000080071df       0x34 ../lib-spiflashstore/lib_gd32/libspiflashstore.a(storenetwork.o)
 .ARM.attributes
                0x0000000008007213       0x34 ../lib-spiflashstore/lib_gd32/libspiflashstore.a(storeremoteconfig.o)
 .ARM.attributes
                0x0000000008007247       0x34 ../lib-remoteconfig/lib_gd32/libremoteconfig.a(remoteconfig.o)
 .ARM.attributes
                0x000000000800727b       0x34 ../lib-remoteconfig/lib_gd32/libremoteconfig.a(remoteconfigfactory.o)
 .ARM.attributes
                0x00000000080072af       0x34 ../lib-remoteconfig/lib_gd32/libremoteconfig.a(remoteconfigparams.o)
 .ARM.attributes
                0x00000000080072e3       0x34 ../lib-remoteconfig/lib_gd32/libremoteconfig.a(remoteconfigreboot.o)
 .ARM.attributes
                0x0000000008007317       0x34 ../lib-remoteconfig/lib_gd32/libremoteconfig.a(tftpfileserver.o)
 .ARM.attributes
                0x000000000800734b       0x34 ../lib-remoteconfig/lib_gd32/libremoteconfig.a(tftpfileserver.o)
 .ARM.attributes
                0x000000000800737f       0x34 ../lib-spiflashinstall/lib_gd32/libspiflashinstall.a(spiflashinstall.o)
 .ARM.attributes
                0x00000000080073b3       0x34 ../lib-spiflashinstall/lib_gd32/libspiflashinstall.a(spiflashinstall.o)
 .ARM.attributes
                0x00000000080073e7       0x34 ../lib-spiflash/lib_gd32/libspiflash.a(spi_flash.o)
 .ARM.attributes
                0x000000000800741b       0x34 ../lib-spiflash/lib_gd32/libspiflash.a(fmc_operation.o)
 .ARM.attributes
                0x000000000800744f       0x34 ../lib-network/lib_gd32/libnetwork.a(net.o)
 .ARM.attributes
                0x0000000008007483       0x34 ../lib-network/lib_gd32/libnetwork.a(net_timers.o)
 .ARM.attributes
                0x00000000080074b7       0x34 ../lib-network/lib_gd32/libnetwork.a(rfc3927.o)
 .ARM.attributes
                0x00000000080074eb       0x34 ../lib-network/lib_gd32/libnetwork.a(tcp.o)
 .ARM.attributes
                0x000000000800751f       0x34 ../lib-network/lib_gd32/libnetwork.a(udp.o)
 .ARM.attributes
                0x0000000008007553       0x34 ../lib-network/lib_gd32/libnetwork.a(tftpdaemon.o)
 .ARM.attributes
                0x0000000008007587       0x34 ../lib-network/lib_gd32/libnetwork.a(network.o)
 .ARM.attributes
                0x00000000080075bb       0x34 ../lib-network/lib_gd32/libnetwork.a(networkparams.o)
 .ARM.attributes
                0x00000000080075ef       0x34 ../lib-network/lib_gd32/libnetwork.a(networkparamsdump.o)
 .ARM.attributes
                0x0000000008007623       0x34 ../lib-network/lib_gd32/libnetwork.a(arp.o)
 .ARM.attributes
                0x0000000008007657       0x34 ../lib-network/lib_gd32/libnetwork.a(arp_cache.o)
 .ARM.attributes
                0x000000000800768b       0x34 ../lib-network/lib_gd32/libnetwork.a(dhcp.o)
 .ARM.attributes
                0x00000000080076bf       0x34 ../lib-network/lib_gd32/libnetwork.a(igmp.o)
 .ARM.attributes
                0x00000000080076f3       0x34 ../lib-network/lib_gd32/libnetwork.a(ip.o)
 .ARM.attributes
                0x0000000008007727       0x34 ../lib-network/lib_gd32/libnetwork.a(net_chksum.o)
 .ARM.attributes
                0x000000000800775b       0x34 ../lib-network/lib_gd32/libnetwork.a(icmp.o)
 .ARM.attributes
                0x000000000800778f       0x34 ../lib-hal/lib_gd32/libhal.a(console_uart0.o)
 .ARM.attributes
                0x00000000080077c3       0x34 ../lib-hal/lib_gd32/libhal.a(firmwareversion.o)
 .ARM.attributes
                0x00000000080077f7       0x34 ../lib-hal/lib_gd32/libhal.a(ledblink.o)
 .ARM.attributes
                0x000000000800782b       0x34 ../lib-hal/lib_gd32/libhal.a(hardware.o)
 .ARM.attributes
                0x000000000800785f       0x34 ../lib-c++/lib_gd32/libc++.a(delete.o)
 .ARM.attributes
                0x0000000008007893       0x34 ../lib-c++/lib_gd32/libc++.a(new.o)
 .ARM.attributes
                0x00000000080078c7       0x34 ../lib-c/lib_gd32/libc.a(malloc.o)
 .ARM.attributes
                0x00000000080078fb       0x34 ../lib-c/lib_gd32/libc.a(memmove.o)
 .ARM.attributes
                0x000000000800792f       0x34 ../lib-c/lib_gd32/libc.a(memset.o)
 .ARM.attributes
                0x0000000008007963       0x34 ../lib-c/lib_gd32/libc.a(puts.o)
 .ARM.attributes
                0x0000000008007997       0x34 ../lib-c/lib_gd32/libc.a(time.o)
 .ARM.attributes
                0x00000000080079cb       0x34 ../lib-c/lib_gd32/libc.a(time.o)
 .ARM.attributes
                0x00000000080079ff       0x34 ../lib-gd32/lib_gd32/libgd32.a(gd32_uart0.o)
 .ARM.attributes
                0x0000000008007a33       0x34 ../lib-gd32/lib_gd32/libgd32.a(systick.o)
 .ARM.attributes
                0x0000000008007a67       0x34 ../lib-gd32/lib_gd32/libgd32.a(system_gd32f4xx.o)
 .ARM.attributes
                0x0000000008007a9b       0x34 ../lib-gd32/lib_gd32/libgd32.a(gd32f4xx_fmc.o)
 .ARM.attributes
                0x0000000008007acf       0x34 ../lib-gd32/lib_gd32/libgd32.a(gd32f4xx_fwdgt.o)
 .ARM.attributes
                0x0000000008007b03       0x34 ../lib-gd32/lib_gd32/libgd32.a(gd32f4xx_gpio.o)
 .ARM.attributes
                0x0000000008007b37       0x34 ../lib-gd32/lib_gd32/libgd32.a(gd32f4xx_pmu.o)
 .ARM.attributes
                0x0000000008007b6b       0x34 ../lib-gd32/lib_gd32/libgd32.a(gd32f4xx_rcu.o)
 .ARM.attributes
                0x0000000008007b9f       0x34 ../lib-gd32/lib_gd32/libgd32.a(gd32f4xx_timer.o)
 .ARM.attributes
                0x0000000008007bd3       0x34 ../lib-gd32/lib_gd32/libgd32.a(gd32f4xx_usart.o)
 .ARM.attributes
                0x0000000008007c07       0x34 ../lib-gd32/lib_gd32/libgd32.a(net.o)
 .ARM.attributes
                0x0000000008007c3b       0x34 ../lib-gd32/lib_gd32/libgd32.a(bkp.o)
 .ARM.attributes
                0x0000000008007c6f       0x34 ../lib-gd32/lib_gd32/libgd32.a(gd32_adc.o)
 .ARM.attributes
                0x0000000008007ca3       0x34 ../lib-gd32/lib_gd32/libgd32.a(gd32_i2c.o)
 .ARM.attributes
                0x0000000008007cd7       0x34 ../lib-gd32/lib_gd32/libgd32.a(gd32_uart.o)
 .ARM.attributes
                0x0000000008007d0b       0x34 ../lib-gd32/lib_gd32/libgd32.a(micros.o)
 .ARM.attributes
                0x0000000008007d3f       0x34 ../lib-gd32/lib_gd32/libgd32.a(udelay.o)
 .ARM.attributes
                0x0000000008007d73       0x34 ../lib-gd32/lib_gd32/libgd32.a(emac.o)
 .ARM.attributes
                0x0000000008007da7       0x34 ../lib-gd32/lib_gd32/libgd32.a(net_link_check.o)
 .ARM.attributes
                0x0000000008007ddb       0x34 ../lib-gd32/lib_gd32/libgd32.a(gd32f4xx_adc.o)
 .ARM.attributes
                0x0000000008007e0f       0x34 ../lib-gd32/lib_gd32/libgd32.a(gd32f4xx_enet.o)
 .ARM.attributes
                0x0000000008007e43       0x34 ../lib-gd32/lib_gd32/libgd32.a(gd32f4xx_i2c.o)
 .ARM.attributes
                0x0000000008007e77       0x34 ../lib-gd32/lib_gd32/libgd32.a(gd32f4xx_syscfg.o)
 .ARM.attributes
                0x0000000008007eab       0x34 ../lib-gd32/lib_gd32/libgd32.a(mac_address.o)

.preinit_array  0x0000000008006f90        0x0
                [!provide]                        PROVIDE (__preinit_array_start = .)
 *(.preinit_array*)
                [!provide]                        PROVIDE (__preinit_array_end = .)

.init_array     0x0000000008006f90        0x0
                [!provide]                        PROVIDE (__init_array_start = .)
 *(SORT_BY_NAME(.init_array.*))
 *(.init_array*)
                [!provide]                        PROVIDE (__init_array_end = .)

.fini_array     0x0000000008006f90        0x0
                [!provide]                        PROVIDE (__fini_array_start = .)
 *(.fini_array*)
 *(SORT_BY_NAME(.fini_array.*))
                [!provide]                        PROVIDE (__fini_array_end = .)
                0x0000000008006f90                _sidata = LOADADDR (.data)

.data           0x0000000020000000       0xd0 load address 0x0000000008006f90
                0x0000000020000000                . = ALIGN (0x4)
                0x0000000020000000                _sdata = .
 *(.data)
 *(.data*)
 .data.s_multicast_mac
                0x0000000020000000        0x6 ../lib-network/lib_gd32/libnetwork.a(udp.o)
 *fill*         0x0000000020000006        0x2 
 .data.next_block
                0x0000000020000008        0x4 ../lib-c/lib_gd32/libc.a(malloc.o)
 .data.s_block_bucket
                0x000000002000000c       0xc0 ../lib-c/lib_gd32/libc.a(malloc.o)
 .data.SystemCoreClock
                0x00000000200000cc        0x4 ../lib-gd32/lib_gd32/libgd32.a(system_gd32f4xx.o)
                0x00000000200000cc                SystemCoreClock
                0x00000000200000d0                . = ALIGN (0x4)
                0x00000000200000d0                _edata = .

.igot.plt       0x00000000200000d0        0x0 load address 0x0000000008007060
 .igot.plt      0x00000000200000d0        0x0 build_gd32/startup_gd32f450.o
                0x00000000200000d0                . = ALIGN (0x4)

.bss            0x00000000200000d0     0x43cc load address 0x0000000008007060
                0x00000000200000d0                _sbss = .
                0x00000000200000d0                __bss_start__ = _sbss
 *(.bss)
 *(.bss*)
 .bss.outptr    0x00000000200000d0        0x4 ../lib-c/lib_gd32/libc.a(printf.o)
 .bss._ZN7Display7s_pThisE
                0x00000000200000d4        0x4 ../lib-display/lib_gd32/libdisplay.a(display.o)
                0x00000000200000d4                Display::s_pThis
 .bss._ZL12_ClearBuffer
                0x00000000200000d8       0x86 ../lib-display/lib_gd32/libdisplay.a(ssd1306.o)
 *fill*         0x000000002000015e        0x2 
 .bss._ZN7Ssd13067s_pThisE
                0x0000000020000160        0x4 ../lib-display/lib_gd32/libdisplay.a(ssd1306.o)
                0x0000000020000160                Ssd1306::s_pThis
 .bss._ZN13SpiFlashStore14s_SpiFlashDataE
                0x0000000020000164     0x1000 ../lib-spiflashstore/lib_gd32/libspiflashstore.a(spiflashstore.o)
                0x0000000020000164                SpiFlashStore::s_SpiFlashData
 .bss._ZN13SpiFlashStore15s_nStartAddressE
                0x0000000020001164        0x4 ../lib-spiflashstore/lib_gd32/libspiflashstore.a(spiflashstore.o)
                0x0000000020001164                SpiFlashStore::s_nStartAddress
 .bss._ZN13SpiFlashStore16s_bHaveFlashChipE
                0x0000000020001168        0x1 ../lib-spiflashstore/lib_gd32/libspiflashstore.a(spiflashstore.o)
                0x0000000020001168                SpiFlashStore::s_bHaveFlashChip
 *fill*         0x0000000020001169        0x3 
 .bss._ZN13SpiFlashStore20s_nSpiFlashStoreSizeE
                0x000000002000116c        0x4 ../lib-spiflashstore/lib_gd32/libspiflashstore.a(spiflashstore.o)
                0x000000002000116c                SpiFlashStore::s_nSpiFlashStoreSize
 .bss._ZN13SpiFlashStore7s_StateE
                0x0000000020001170        0x4 ../lib-spiflashstore/lib_gd32/libspiflashstore.a(spiflashstore.o)
                0x0000000020001170                SpiFlashStore::s_State
 .bss._ZN13SpiFlashStore7s_pThisE
                0x0000000020001174        0x4 ../lib-spiflashstore/lib_gd32/libspiflashstore.a(spiflashstore.o)
                0x0000000020001174                SpiFlashStore::s_pThis
 .bss._ZN13SpiFlashStore8s_bIsNewE
                0x0000000020001178        0x1 ../lib-spiflashstore/lib_gd32/libspiflashstore.a(spiflashstore.o)
                0x0000000020001178                SpiFlashStore::s_bIsNew
 *fill*         0x0000000020001179        0x3 
 .bss._ZN12StoreNetwork7s_pThisE